Archive member included to satisfy reference by file (symbol)

/usr/lib/gcc/arm-none-eabi/13.2.1/thumb/v6-m/nofp/libgcc.a(_dvmd_tls.o)
                              CMakeFiles/uartpins.dir/home/adarsh/pi/pico/pico-sdk/src/rp2_common/pico_divider/divider_hardware.S.obj (__aeabi_idiv0)
/usr/lib/gcc/arm-none-eabi/13.2.1/../../../arm-none-eabi/lib/thumb/v6-m/nofp/libg.a(libc_a-calloc.o)
                              CMakeFiles/uartpins.dir/home/adarsh/pi/pico/pico-sdk/src/rp2_common/pico_malloc/malloc.c.obj (calloc)
/usr/lib/gcc/arm-none-eabi/13.2.1/../../../arm-none-eabi/lib/thumb/v6-m/nofp/libg.a(libc_a-impure.o)
                              /usr/lib/gcc/arm-none-eabi/13.2.1/../../../arm-none-eabi/lib/thumb/v6-m/nofp/libg.a(libc_a-calloc.o) (_impure_ptr)
/usr/lib/gcc/arm-none-eabi/13.2.1/../../../arm-none-eabi/lib/thumb/v6-m/nofp/libg.a(libc_a-callocr.o)
                              /usr/lib/gcc/arm-none-eabi/13.2.1/../../../arm-none-eabi/lib/thumb/v6-m/nofp/libg.a(libc_a-calloc.o) (_calloc_r)
/usr/lib/gcc/arm-none-eabi/13.2.1/../../../arm-none-eabi/lib/thumb/v6-m/nofp/libg.a(libc_a-realloc.o)
                              CMakeFiles/uartpins.dir/home/adarsh/pi/pico/pico-sdk/src/rp2_common/pico_malloc/malloc.c.obj (realloc)
/usr/lib/gcc/arm-none-eabi/13.2.1/../../../arm-none-eabi/lib/thumb/v6-m/nofp/libg.a(libc_a-mallocr.o)
                              /usr/lib/gcc/arm-none-eabi/13.2.1/../../../arm-none-eabi/lib/thumb/v6-m/nofp/libg.a(libc_a-callocr.o) (_malloc_r)
/usr/lib/gcc/arm-none-eabi/13.2.1/../../../arm-none-eabi/lib/thumb/v6-m/nofp/libg.a(libc_a-freer.o)
                              /usr/lib/gcc/arm-none-eabi/13.2.1/../../../arm-none-eabi/lib/thumb/v6-m/nofp/libg.a(libc_a-mallocr.o) (_free_r)
/usr/lib/gcc/arm-none-eabi/13.2.1/../../../arm-none-eabi/lib/thumb/v6-m/nofp/libg.a(libc_a-memcmp.o)
                              CMakeFiles/uartpins.dir/home/adarsh/pi/pico/pico-sdk/src/rp2_common/pico_atomic/atomic.c.obj (memcmp)
/usr/lib/gcc/arm-none-eabi/13.2.1/../../../arm-none-eabi/lib/thumb/v6-m/nofp/libg.a(libc_a-malloc.o)
                              CMakeFiles/uartpins.dir/home/adarsh/pi/pico/pico-sdk/src/rp2_common/pico_malloc/malloc.c.obj (malloc)
/usr/lib/gcc/arm-none-eabi/13.2.1/../../../arm-none-eabi/lib/thumb/v6-m/nofp/libg.a(libc_a-sysconf.o)
                              /usr/lib/gcc/arm-none-eabi/13.2.1/../../../arm-none-eabi/lib/thumb/v6-m/nofp/libg.a(libc_a-mallocr.o) (sysconf)
/usr/lib/gcc/arm-none-eabi/13.2.1/../../../arm-none-eabi/lib/thumb/v6-m/nofp/libg.a(libc_a-init.o)
                              /usr/lib/gcc/arm-none-eabi/13.2.1/../../../arm-none-eabi/lib/thumb/v6-m/nofp/crt0.o (__libc_init_array)
/usr/lib/gcc/arm-none-eabi/13.2.1/../../../arm-none-eabi/lib/thumb/v6-m/nofp/libg.a(libc_a-reallocr.o)
                              /usr/lib/gcc/arm-none-eabi/13.2.1/../../../arm-none-eabi/lib/thumb/v6-m/nofp/libg.a(libc_a-realloc.o) (_realloc_r)
/usr/lib/gcc/arm-none-eabi/13.2.1/../../../arm-none-eabi/lib/thumb/v6-m/nofp/libg.a(libc_a-mktime.o)
                              CMakeFiles/uartpins.dir/home/adarsh/pi/pico/pico-sdk/src/common/pico_util/datetime.c.obj (mktime)
/usr/lib/gcc/arm-none-eabi/13.2.1/../../../arm-none-eabi/lib/thumb/v6-m/nofp/libg.a(libc_a-mlock.o)
                              /usr/lib/gcc/arm-none-eabi/13.2.1/../../../arm-none-eabi/lib/thumb/v6-m/nofp/libg.a(libc_a-mallocr.o) (__malloc_lock)
/usr/lib/gcc/arm-none-eabi/13.2.1/../../../arm-none-eabi/lib/thumb/v6-m/nofp/libg.a(libc_a-findfp.o)
                              /usr/lib/gcc/arm-none-eabi/13.2.1/../../../arm-none-eabi/lib/thumb/v6-m/nofp/libg.a(libc_a-impure.o) (__sf)
/usr/lib/gcc/arm-none-eabi/13.2.1/../../../arm-none-eabi/lib/thumb/v6-m/nofp/libg.a(libc_a-tzlock.o)
                              /usr/lib/gcc/arm-none-eabi/13.2.1/../../../arm-none-eabi/lib/thumb/v6-m/nofp/libg.a(libc_a-mktime.o) (__tz_lock)
/usr/lib/gcc/arm-none-eabi/13.2.1/../../../arm-none-eabi/lib/thumb/v6-m/nofp/libg.a(libc_a-atexit.o)
                              /usr/lib/gcc/arm-none-eabi/13.2.1/../../../arm-none-eabi/lib/thumb/v6-m/nofp/crt0.o (atexit)
/usr/lib/gcc/arm-none-eabi/13.2.1/../../../arm-none-eabi/lib/thumb/v6-m/nofp/libg.a(libc_a-lcltime_r.o)
                              CMakeFiles/uartpins.dir/home/adarsh/pi/pico/pico-sdk/src/common/pico_util/datetime.c.obj (localtime_r)
/usr/lib/gcc/arm-none-eabi/13.2.1/../../../arm-none-eabi/lib/thumb/v6-m/nofp/libg.a(libc_a-strlen-stub.o)
                              CMakeFiles/uartpins.dir/home/adarsh/pi/pico/pico-sdk/src/rp2_common/pico_stdio/stdio.c.obj (strlen)
/usr/lib/gcc/arm-none-eabi/13.2.1/../../../arm-none-eabi/lib/thumb/v6-m/nofp/libg.a(libc_a-sbrkr.o)
                              /usr/lib/gcc/arm-none-eabi/13.2.1/../../../arm-none-eabi/lib/thumb/v6-m/nofp/libg.a(libc_a-mallocr.o) (_sbrk_r)
/usr/lib/gcc/arm-none-eabi/13.2.1/../../../arm-none-eabi/lib/thumb/v6-m/nofp/libg.a(libc_a-fini.o)
[...]
Memory Configuration

Name             Origin             Length             Attributes
FLASH            0x10000000         0x00200000         xr
RAM              0x20000000         0x00040000         xrw
SCRATCH_X        0x20040000         0x00001000         xrw
SCRATCH_Y        0x20041000         0x00001000         xrw
*default*        0x00000000         0xffffffff

Linker script and memory map

LOAD /usr/lib/gcc/arm-none-eabi/13.2.1/thumb/v6-m/nofp/crti.o
LOAD /usr/lib/gcc/arm-none-eabi/13.2.1/thumb/v6-m/nofp/crtbegin.o
LOAD /usr/lib/gcc/arm-none-eabi/13.2.1/../../../arm-none-eabi/lib/thumb/v6-m/nofp/crt0.o

.flash_begin    0x10000000        0x0
                0x10000000                        __flash_binary_start = .

.boot2          0x10000000      0x100
                0x10000000                        __boot2_start__ = .
 *(.boot2)
 .boot2         0x10000000      0x100 /tmp/ccXY6XFS.o
                0x10000100                        __boot2_end__ = .
                0x00000001                        ASSERT (((__boot2_end__ - __boot2_start__) == 0x100), ERROR: Pico second stage bootloader must be 256 bytes in size)

.text           0x10000100     0x1bbc
                0x10000100                        __logical_binary_start = .
 *(.vectors)
 .vectors       0x10000100       0xd4 CMakeFiles/uartpins.dir/home/adarsh/pi/pico/pico-sdk/src/rp2_common/pico_crt0/crt0.S.obj
                0x10000100                __vectors
                0x10000100                __VECTOR_TABLE
                0x100001c0                isr_invalid
                0x100001c0                __default_isrs_start
                0x100001c2                isr_nmi
                0x100001c4                isr_hardfault
                0x100001c6                isr_svcall
                0x100001c8                isr_pendsv
                0x100001ca                isr_systick
                0x100001cc                isr_irq30
                0x100001cc                __unhandled_user_irq
                0x100001cc                isr_irq13
                0x100001cc                isr_irq27
                0x100001cc                isr_irq31
                0x100001cc                isr_irq5
                0x100001cc                isr_irq11
                0x100001cc                isr_irq23
                0x100001cc                isr_irq18
                0x100001cc                isr_irq28
                0x100001cc                isr_irq19
                0x100001cc                isr_irq0
                0x100001cc                isr_irq6
                0x100001cc                isr_irq22
                0x100001cc                isr_irq17
                0x100001cc                isr_irq14
                0x100001cc                isr_irq2
                0x100001cc                isr_irq10
                0x100001cc                isr_irq8
                0x100001cc                isr_irq24
                0x100001cc                isr_irq1
                0x100001cc                isr_irq7
                0x100001cc                isr_irq21
                0x100001cc                isr_irq20
                0x100001cc                isr_irq15
                0x100001cc                isr_irq25
                0x100001cc                isr_irq4
                0x100001cc                isr_irq16
                0x100001cc                isr_irq29
                0x100001cc                isr_irq26
                0x100001cc                __default_isrs_end
                0x100001cc                isr_irq3
                0x100001cc                isr_irq12
                0x100001cc                isr_irq9
                0x100001d2                unhandled_user_irq_num_in_r0
 *(.binary_info_header)
 .binary_info_header
                0x100001d4       0x14 CMakeFiles/uartpins.dir/home/adarsh/pi/pico/pico-sdk/src/rp2_common/pico_crt0/crt0.S.obj
                0x100001e8                        __binary_info_header_end = .
 *(.embedded_block)
                0x100001e8                        __embedded_block_end = .
 *(.reset)
 .reset         0x100001e8       0x9c CMakeFiles/uartpins.dir/home/adarsh/pi/pico/pico-sdk/src/rp2_common/pico_crt0/crt0.S.obj
                0x100001e8                _entry_point
 *(.init)
 .init          0x10000284        0x4 /usr/lib/gcc/arm-none-eabi/13.2.1/thumb/v6-m/nofp/crti.o
                0x10000284                _init
 *(EXCLUDE_FILE(*libm.a: *libc.a:*lib_a-mem*.o *libgcc.a:) .text*)
 .text          0x10000288       0x98 /usr/lib/gcc/arm-none-eabi/13.2.1/thumb/v6-m/nofp/crtbegin.o
 .text.startup.main
                0x10000320       0x7c CMakeFiles/uartpins.dir/uartpins.c.obj
                0x10000320                main
 .text.gpio_set_function
                0x1000039c       0x34 CMakeFiles/uartpins.dir/home/adarsh/pi/pico/pico-sdk/src/rp2_common/hardware_gpio/gpio.c.obj
                0x1000039c                gpio_set_function
 .text.panic    0x100003d0       0x30 CMakeFiles/uartpins.dir/home/adarsh/pi/pico/pico-sdk/src/rp2_common/pico_platform_panic/panic.c.obj
                0x100003d0                panic
 .text.hw_claim_or_assert
                0x10000400       0x44 CMakeFiles/uartpins.dir/home/adarsh/pi/pico/pico-sdk/src/common/hardware_claim/claim.c.obj
                0x10000400                hw_claim_or_assert
 .text.next_striped_spin_lock_num
                0x10000444       0x18 CMakeFiles/uartpins.dir/home/adarsh/pi/pico/pico-sdk/src/rp2_common/hardware_sync/sync.c.obj
                0x10000444                next_striped_spin_lock_num
 .text.spin_locks_reset
                0x1000045c       0x1c CMakeFiles/uartpins.dir/home/adarsh/pi/pico/pico-sdk/src/rp2_common/hardware_sync_spin_lock/sync_spin_lock.c.obj
                0x1000045c                spin_locks_reset
 .text.runtime_init_per_core_irq_priorities
                0x10000478       0x24 CMakeFiles/uartpins.dir/home/adarsh/pi/pico/pico-sdk/src/rp2_common/hardware_irq/irq.c.obj
                0x10000478                runtime_init_per_core_irq_priorities
 .text.irq_set_enabled
                0x1000049c       0x24 CMakeFiles/uartpins.dir/home/adarsh/pi/pico/pico-sdk/src/rp2_common/hardware_irq/irq.c.obj
                0x1000049c                irq_set_enabled
 .text.irq_set_exclusive_handler
                0x100004c0       0x54 CMakeFiles/uartpins.dir/home/adarsh/pi/pico/pico-sdk/src/rp2_common/hardware_irq/irq.c.obj
                0x100004c0                irq_set_exclusive_handler
 .text.irq_remove_handler
                0x10000514      0x1d4 CMakeFiles/uartpins.dir/home/adarsh/pi/pico/pico-sdk/src/rp2_common/hardware_irq/irq.c.obj
                0x10000514                irq_remove_handler
 .text.irq_add_tail_to_free_list
                0x100006e8       0xb4 CMakeFiles/uartpins.dir/home/adarsh/pi/pico/pico-sdk/src/rp2_common/hardware_irq/irq.c.obj
                0x100006e8                irq_add_tail_to_free_list
 .text.lock_init
                0x1000079c       0x10 CMakeFiles/uartpins.dir/home/adarsh/pi/pico/pico-sdk/src/common/pico_sync/lock_core.c.obj
                0x1000079c                lock_init
 .text.runtime_init_mutex
                0x100007ac       0x50 CMakeFiles/uartpins.dir/home/adarsh/pi/pico/pico-sdk/src/common/pico_sync/mutex.c.obj
                0x100007ac                runtime_init_mutex
 .text.sleep_until_callback
                0x100007fc       0x30 CMakeFiles/uartpins.dir/home/adarsh/pi/pico/pico-sdk/src/common/pico_time/time.c.obj
 .text.alarm_pool_irq_handler
                0x1000082c      0x2e4 CMakeFiles/uartpins.dir/home/adarsh/pi/pico/pico-sdk/src/common/pico_time/time.c.obj
 .text.runtime_init_default_alarm_pool
                0x10000b10       0xdc CMakeFiles/uartpins.dir/home/adarsh/pi/pico/pico-sdk/src/common/pico_time/time.c.obj
                0x10000b10                runtime_init_default_alarm_pool
 .text.alarm_pool_cancel_alarm
                0x10000bec       0x74 CMakeFiles/uartpins.dir/home/adarsh/pi/pico/pico-sdk/src/common/pico_time/time.c.obj
                0x10000bec                alarm_pool_cancel_alarm
 .text.best_effort_wfe_or_timeout
                0x10000c60      0x134 CMakeFiles/uartpins.dir/home/adarsh/pi/pico/pico-sdk/src/common/pico_time/time.c.obj
                0x10000c60                best_effort_wfe_or_timeout
 .text.timer_hardware_alarm_claim
                0x10000d94       0x14 CMakeFiles/uartpins.dir/home/adarsh/pi/pico/pico-sdk/src/rp2_common/hardware_timer/timer.c.obj
                0x10000d94                timer_hardware_alarm_claim
 .text.timer_time_us_64
                0x10000da8       0x10 CMakeFiles/uartpins.dir/home/adarsh/pi/pico/pico-sdk/src/rp2_common/hardware_timer/timer.c.obj
                0x10000da8                timer_time_us_64
 .text.time_us_64
                0x10000db8       0x14 CMakeFiles/uartpins.dir/home/adarsh/pi/pico/pico-sdk/src/rp2_common/hardware_timer/timer.c.obj
                0x10000db8                time_us_64
 .text.busy_wait_us
                0x10000dcc       0x68 CMakeFiles/uartpins.dir/home/adarsh/pi/pico/pico-sdk/src/rp2_common/hardware_timer/timer.c.obj
                0x10000dcc                busy_wait_us
 .text.uart_init
                0x10000e34      0x120 CMakeFiles/uartpins.dir/home/adarsh/pi/pico/pico-sdk/src/rp2_common/hardware_uart/uart.c.obj
                0x10000e34                uart_init
 .text.clock_configure_int_divider
                0x10000f54       0xf4 CMakeFiles/uartpins.dir/home/adarsh/pi/pico/pico-sdk/src/rp2_common/hardware_clocks/clocks.c.obj
                0x10000f54                clock_configure_int_divider
 .text.clock_configure_undivided
                0x10001048       0xe8 CMakeFiles/uartpins.dir/home/adarsh/pi/pico/pico-sdk/src/rp2_common/hardware_clocks/clocks.c.obj
                0x10001048                clock_configure_undivided
 .text.clock_get_hz
                0x10001130        0xc CMakeFiles/uartpins.dir/home/adarsh/pi/pico/pico-sdk/src/rp2_common/hardware_clocks/clocks.c.obj
                0x10001130                clock_get_hz
 .text.pll_init
                0x1000113c       0xa4 CMakeFiles/uartpins.dir/home/adarsh/pi/pico/pico-sdk/src/rp2_common/hardware_pll/pll.c.obj
                0x1000113c                pll_init
 .text.tick_start
                0x100011e0       0x10 CMakeFiles/uartpins.dir/home/adarsh/pi/pico/pico-sdk/src/rp2_common/hardware_ticks/ticks.c.obj
                0x100011e0                tick_start
 .text.xosc_init
                0x100011f0       0x28 CMakeFiles/uartpins.dir/home/adarsh/pi/pico/pico-sdk/src/rp2_common/hardware_xosc/xosc.c.obj
                0x100011f0                xosc_init
 .text.first_per_core_initializer
                0x10001218        0x4 CMakeFiles/uartpins.dir/home/adarsh/pi/pico/pico-sdk/src/rp2_common/pico_runtime/runtime.c.obj
 .text.hard_assertion_failure
                0x1000121c        0xc CMakeFiles/uartpins.dir/home/adarsh/pi/pico/pico-sdk/src/rp2_common/pico_runtime/runtime.c.obj
                0x1000121c                hard_assertion_failure
 .text.runtime_run_initializers
                0x10001228       0x28 CMakeFiles/uartpins.dir/home/adarsh/pi/pico/pico-sdk/src/rp2_common/pico_runtime/runtime.c.obj
                0x10001228                runtime_run_initializers
 .text.runtime_init_early_resets
                0x10001250       0x2c CMakeFiles/uartpins.dir/home/adarsh/pi/pico/pico-sdk/src/rp2_common/pico_runtime_init/runtime_init.c.obj
                0x10001250                runtime_init_early_resets
 .text.runtime_init_usb_power_down
                0x1000127c       0x1c CMakeFiles/uartpins.dir/home/adarsh/pi/pico/pico-sdk/src/rp2_common/pico_runtime_init/runtime_init.c.obj
                0x1000127c                runtime_init_usb_power_down
 .text.runtime_init_post_clock_resets
                0x10001298       0x20 CMakeFiles/uartpins.dir/home/adarsh/pi/pico/pico-sdk/src/rp2_common/pico_runtime_init/runtime_init.c.obj
                0x10001298                runtime_init_post_clock_resets
 .text.runtime_init_rp2040_gpio_ie_disable
                0x100012b8       0x14 CMakeFiles/uartpins.dir/home/adarsh/pi/pico/pico-sdk/src/rp2_common/pico_runtime_init/runtime_init.c.obj
                0x100012b8                runtime_init_rp2040_gpio_ie_disable
 .text.runtime_init_spin_locks_reset
                0x100012cc        0x8 CMakeFiles/uartpins.dir/home/adarsh/pi/pico/pico-sdk/src/rp2_common/pico_runtime_init/runtime_init.c.obj
                0x100012cc                runtime_init_spin_locks_reset
 .text.runtime_init_install_ram_vector_table
                0x100012d4       0x1c CMakeFiles/uartpins.dir/home/adarsh/pi/pico/pico-sdk/src/rp2_common/pico_runtime_init/runtime_init.c.obj
                0x100012d4                runtime_init_install_ram_vector_table
 .text.runtime_init_clocks
                0x100012f0       0xd8 CMakeFiles/uartpins.dir/home/adarsh/pi/pico/pico-sdk/src/rp2_common/pico_runtime_init/runtime_init_clocks.c.obj
                0x100012f0                runtime_init_clocks
 .text          0x100013c8       0x10 CMakeFiles/uartpins.dir/home/adarsh/pi/pico/pico-sdk/src/rp2_common/pico_bit_ops/bit_ops_aeabi.S.obj
 .text.rom_func_lookup
                0x100013d8       0x10 CMakeFiles/uartpins.dir/home/adarsh/pi/pico/pico-sdk/src/rp2_common/pico_bootrom/bootrom.c.obj
                0x100013d8                rom_func_lookup
 .text.rom_data_lookup
                0x100013e8       0x10 CMakeFiles/uartpins.dir/home/adarsh/pi/pico/pico-sdk/src/rp2_common/pico_bootrom/bootrom.c.obj
                0x100013e8                rom_data_lookup
 .text.rom_funcs_lookup
                0x100013f8       0x44 CMakeFiles/uartpins.dir/home/adarsh/pi/pico/pico-sdk/src/rp2_common/pico_bootrom/bootrom.c.obj
                0x100013f8                rom_funcs_lookup
 .text.__wrap___aeabi_uidiv
                0x1000143c       0x4c CMakeFiles/uartpins.dir/home/adarsh/pi/pico/pico-sdk/src/rp2_common/pico_divider/divider_hardware.S.obj
                0x1000143c                __wrap___aeabi_uidiv
                0x1000143c                __wrap___aeabi_uidivmod
                0x1000143c                div_u32u32
                0x1000143c                divmod_u32u32
                0x10001444                divmod_u32u32_unsafe
                0x1000146c                divmod_u32u32_savestate
 .text.__aeabi_double_init
                0x10001488       0xa4 CMakeFiles/uartpins.dir/home/adarsh/pi/pico/pico-sdk/src/rp2_common/pico_double/double_init_rom_rp2040.c.obj
                0x10001488                __aeabi_double_init
 .text.double_table_shim_on_use_helper
                0x1000152c       0x2c CMakeFiles/uartpins.dir/home/adarsh/pi/pico/pico-sdk/src/rp2_common/pico_double/double_v1_rom_shim_rp2040.S.obj
                0x1000152c                double_table_shim_on_use_helper
 .text.__aeabi_float_init
                0x10001558       0x64 CMakeFiles/uartpins.dir/home/adarsh/pi/pico/pico-sdk/src/rp2_common/pico_float/float_init_rom_rp2040.c.obj
                0x10001558                __aeabi_float_init
 .text.float_table_shim_on_use_helper
                0x100015bc       0x2c CMakeFiles/uartpins.dir/home/adarsh/pi/pico/pico-sdk/src/rp2_common/pico_float/float_v1_rom_shim_rp2040.S.obj
                0x100015bc                float_table_shim_on_use_helper
 .text          0x100015e8       0x10 CMakeFiles/uartpins.dir/home/adarsh/pi/pico/pico-sdk/src/rp2_common/pico_mem_ops/mem_ops_aeabi.S.obj
                0x100015e8                __aeabi_mem_init
 .text.memcpy   0x100015f8        0xc CMakeFiles/uartpins.dir/home/adarsh/pi/pico/pico-sdk/src/rp2_common/pico_mem_ops/mem_ops_aeabi.S.obj
                0x100015f8                __wrap___aeabi_memcpy
                0x100015f8                __wrap_memcpy
 .text._out_char
                0x10001604       0x10 CMakeFiles/uartpins.dir/home/adarsh/pi/pico/pico-sdk/src/rp2_common/pico_printf/printf.c.obj
 .text.weak_raw_vprintf
                0x10001614       0x30 CMakeFiles/uartpins.dir/home/adarsh/pi/pico/pico-sdk/src/rp2_common/pico_printf/printf.c.obj
                0x10001614                weak_raw_vprintf
 .text._exit    0x10001644        0x4 CMakeFiles/uartpins.dir/home/adarsh/pi/pico/pico-sdk/src/rp2_common/pico_clib_interface/newlib_interface.c.obj
                0x10001644                _exit
 .text.exit     0x10001648        0x8 CMakeFiles/uartpins.dir/home/adarsh/pi/pico/pico-sdk/src/rp2_common/pico_clib_interface/newlib_interface.c.obj
                0x10001648                exit
 .text.runtime_init
                0x10001650       0x2c CMakeFiles/uartpins.dir/home/adarsh/pi/pico/pico-sdk/src/rp2_common/pico_clib_interface/newlib_interface.c.obj
                0x10001650                runtime_init
 .text.stdio_out_chars_no_crlf
                0x1000167c       0x10 CMakeFiles/uartpins.dir/home/adarsh/pi/pico/pico-sdk/src/rp2_common/pico_stdio/stdio.c.obj
 .text.stdio_out_chars_crlf
                0x1000168c       0x94 CMakeFiles/uartpins.dir/home/adarsh/pi/pico/pico-sdk/src/rp2_common/pico_stdio/stdio.c.obj
 .text.stdio_put_string
                0x10001720      0x100 CMakeFiles/uartpins.dir/home/adarsh/pi/pico/pico-sdk/src/rp2_common/pico_stdio/stdio.c.obj
                0x10001720                stdio_put_string
 .text.stdio_set_driver_enabled
                0x10001820       0x30 CMakeFiles/uartpins.dir/home/adarsh/pi/pico/pico-sdk/src/rp2_common/pico_stdio/stdio.c.obj
                0x10001820                stdio_set_driver_enabled
 .text.stdio_init_all
                0x10001850        0xc CMakeFiles/uartpins.dir/home/adarsh/pi/pico/pico-sdk/src/rp2_common/pico_stdio/stdio.c.obj
                0x10001850                stdio_init_all
 .text.__wrap_putchar
                0x1000185c       0x98 CMakeFiles/uartpins.dir/home/adarsh/pi/pico/pico-sdk/src/rp2_common/pico_stdio/stdio.c.obj
                0x1000185c                stdio_putchar
                0x1000185c                __wrap_putchar
 .text.__wrap_puts
                0x100018f4       0x3c CMakeFiles/uartpins.dir/home/adarsh/pi/pico/pico-sdk/src/rp2_common/pico_stdio/stdio.c.obj
                0x100018f4                __wrap_puts
                0x100018f4                stdio_puts
 .text.stdio_uart_out_chars
                0x10001930       0x4c CMakeFiles/uartpins.dir/home/adarsh/pi/pico/pico-sdk/src/rp2_common/pico_stdio_uart/stdio_uart.c.obj
 .text.stdio_uart_in_chars
                0x1000197c       0x90 CMakeFiles/uartpins.dir/home/adarsh/pi/pico/pico-sdk/src/rp2_common/pico_stdio_uart/stdio_uart.c.obj
                0x1000197c                stdio_uart_in_chars
 .text.on_uart_rx
                0x10001a0c       0x28 CMakeFiles/uartpins.dir/home/adarsh/pi/pico/pico-sdk/src/rp2_common/pico_stdio_uart/stdio_uart.c.obj
 .text.stdio_uart_out_flush
                0x10001a34       0x10 CMakeFiles/uartpins.dir/home/adarsh/pi/pico/pico-sdk/src/rp2_common/pico_stdio_uart/stdio_uart.c.obj
 .text.stdio_uart_set_chars_available_callback
                0x10001a44       0x8c CMakeFiles/uartpins.dir/home/adarsh/pi/pico/pico-sdk/src/rp2_common/pico_stdio_uart/stdio_uart.c.obj
 .text.stdio_uart_init
                0x10001ad0       0x50 CMakeFiles/uartpins.dir/home/adarsh/pi/pico/pico-sdk/src/rp2_common/pico_stdio_uart/stdio_uart.c.obj
                0x10001ad0                stdio_uart_init
 .text          0x10001b20       0x10 /usr/lib/gcc/arm-none-eabi/13.2.1/../../../arm-none-eabi/lib/thumb/v6-m/nofp/libg.a(libc_a-atexit.o)
                0x10001b20                atexit
 .text          0x10001b30       0x5c /usr/lib/gcc/arm-none-eabi/13.2.1/../../../arm-none-eabi/lib/thumb/v6-m/nofp/libg.a(libc_a-strlen-stub.o)
                0x10001b30                strlen
 .text          0x10001b8c       0x28 /usr/lib/gcc/arm-none-eabi/13.2.1/../../../arm-none-eabi/lib/thumb/v6-m/nofp/libg.a(libc_a-fini.o)
                0x10001b8c                __libc_fini_array
 .text          0x10001bb4       0x78 /usr/lib/gcc/arm-none-eabi/13.2.1/../../../arm-none-eabi/lib/thumb/v6-m/nofp/libg.a(libc_a-__atexit.o)
                0x10001bb4                __register_exitproc
 .text.startup  0x10001c2c       0x18 /usr/lib/gcc/arm-none-eabi/13.2.1/../../../arm-none-eabi/lib/thumb/v6-m/nofp/libg.a(libc_a-__call_atexit.o)
 *(.fini)
 .fini          0x10001c44        0x4 /usr/lib/gcc/arm-none-eabi/13.2.1/thumb/v6-m/nofp/crti.o
                0x10001c44                _fini
 .fini.__stub   0x10001c48       0x30 linker stubs
 *crtbegin.o(.ctors)
 *crtbegin?.o(.ctors)
 *(EXCLUDE_FILE(*crtend.o *crtend?.o) .ctors)
 *(SORT_BY_NAME(.ctors.*))
 *(.ctors)
 *crtbegin.o(.dtors)
 *crtbegin?.o(.dtors)
 *(EXCLUDE_FILE(*crtend.o *crtend?.o) .dtors)
 *(SORT_BY_NAME(.dtors.*))
 *(.dtors)
                0x10001c78                        . = ALIGN (0x4)
                0x10001c78                        PROVIDE (__preinit_array_start = .)
 *(SORT_BY_NAME(.preinit_array.*))
 .preinit_array.00100
                0x10001c78        0x4 CMakeFiles/uartpins.dir/home/adarsh/pi/pico/pico-sdk/src/rp2_common/pico_runtime_init/runtime_init.c.obj
                0x10001c78                __pre_init_runtime_init_early_resets
 .preinit_array.00101
                0x10001c7c        0x4 CMakeFiles/uartpins.dir/home/adarsh/pi/pico/pico-sdk/src/rp2_common/pico_runtime_init/runtime_init.c.obj
                0x10001c7c                __pre_init_runtime_init_usb_power_down
 .preinit_array.00275
                0x10001c80        0x4 CMakeFiles/uartpins.dir/home/adarsh/pi/pico/pico-sdk/src/rp2_common/pico_bit_ops/bit_ops_aeabi.S.obj
 .preinit_array.00300
                0x10001c84        0x4 CMakeFiles/uartpins.dir/home/adarsh/pi/pico/pico-sdk/src/rp2_common/pico_mem_ops/mem_ops_aeabi.S.obj
 .preinit_array.00350
                0x10001c88        0x4 CMakeFiles/uartpins.dir/home/adarsh/pi/pico/pico-sdk/src/rp2_common/pico_double/double_aeabi_rp2040.S.obj
 .preinit_array.00350
                0x10001c8c        0x4 CMakeFiles/uartpins.dir/home/adarsh/pi/pico/pico-sdk/src/rp2_common/pico_float/float_aeabi_rp2040.S.obj
 .preinit_array.00500
                0x10001c90        0x4 CMakeFiles/uartpins.dir/home/adarsh/pi/pico/pico-sdk/src/rp2_common/pico_runtime_init/runtime_init.c.obj
                0x10001c90                __pre_init_runtime_init_clocks
 .preinit_array.00600
                0x10001c94        0x4 CMakeFiles/uartpins.dir/home/adarsh/pi/pico/pico-sdk/src/rp2_common/pico_runtime_init/runtime_init.c.obj
                0x10001c94                __pre_init_runtime_init_post_clock_resets
 .preinit_array.00700
                0x10001c98        0x4 CMakeFiles/uartpins.dir/home/adarsh/pi/pico/pico-sdk/src/rp2_common/pico_runtime_init/runtime_init.c.obj
                0x10001c98                __pre_init_runtime_init_rp2040_gpio_ie_disable
 .preinit_array.01000
                0x10001c9c        0x4 CMakeFiles/uartpins.dir/home/adarsh/pi/pico/pico-sdk/src/rp2_common/pico_runtime_init/runtime_init.c.obj
                0x10001c9c                __pre_init_runtime_init_spin_locks_reset
 .preinit_array.01100
                0x10001ca0        0x4 CMakeFiles/uartpins.dir/home/adarsh/pi/pico/pico-sdk/src/common/pico_sync/mutex.c.obj
                0x10001ca0                __pre_init_runtime_init_mutex
 .preinit_array.10080
                0x10001ca4        0x4 CMakeFiles/uartpins.dir/home/adarsh/pi/pico/pico-sdk/src/rp2_common/pico_runtime_init/runtime_init.c.obj
                0x10001ca4                __pre_init_runtime_init_install_ram_vector_table
 .preinit_array.11000
                0x10001ca8        0x4 CMakeFiles/uartpins.dir/home/adarsh/pi/pico/pico-sdk/src/common/pico_time/time.c.obj
                0x10001ca8                __pre_init_runtime_init_default_alarm_pool
 .preinit_array.YYYYY
                0x10001cac        0x4 CMakeFiles/uartpins.dir/home/adarsh/pi/pico/pico-sdk/src/rp2_common/pico_runtime/runtime.c.obj
                0x10001cac                __pre_init_first_per_core_initializer
 .preinit_array.ZZZZZ.01200
                0x10001cb0        0x4 CMakeFiles/uartpins.dir/home/adarsh/pi/pico/pico-sdk/src/rp2_common/hardware_irq/irq.c.obj
                0x10001cb0                __pre_init_runtime_init_per_core_irq_priorities
 *(.preinit_array)
                0x10001cb4                        PROVIDE (__preinit_array_end = .)
                0x10001cb4                        . = ALIGN (0x4)
                0x10001cb4                        PROVIDE (__init_array_start = .)
 *(SORT_BY_NAME(.init_array.*))
 .init_array.00000
                0x10001cb4        0x4 /usr/lib/gcc/arm-none-eabi/13.2.1/../../../arm-none-eabi/lib/thumb/v6-m/nofp/libg.a(libc_a-__call_atexit.o)
 *(.init_array)
 .init_array    0x10001cb8        0x4 /usr/lib/gcc/arm-none-eabi/13.2.1/thumb/v6-m/nofp/crtbegin.o
                0x10001cbc                        PROVIDE (__init_array_end = .)
                0x10001cbc                        . = ALIGN (0x4)
                0x10001cbc                        PROVIDE (__fini_array_start = .)
 *(SORT_BY_NAME(.fini_array.*))
 *(.fini_array)
                0x10001cbc                        PROVIDE (__fini_array_end = .)
 *(.eh_frame*)
 .eh_frame      0x10001cbc        0x0 /usr/lib/gcc/arm-none-eabi/13.2.1/thumb/v6-m/nofp/crtbegin.o
                0x10001cbc                        . = ALIGN (0x4)

.glue_7         0x10001cbc        0x0
 .glue_7        0x10001cbc        0x0 linker stubs

.glue_7t        0x10001cbc        0x0
 .glue_7t       0x10001cbc        0x0 linker stubs

.vfp11_veneer   0x10001cbc        0x0
 .vfp11_veneer  0x10001cbc        0x0 linker stubs

.v4_bx          0x10001cbc        0x0
 .v4_bx         0x10001cbc        0x0 linker stubs

.iplt           0x10001cbc        0x0
 .iplt          0x10001cbc        0x0 /usr/lib/gcc/arm-none-eabi/13.2.1/thumb/v6-m/nofp/crtbegin.o

.rodata         0x10001cbc      0x120
 *(EXCLUDE_FILE(*libm.a: *libc.a:*lib_a-mem*.o *libgcc.a:) .rodata*)
 .rodata.main.str1.4
                0x10001cbc       0xb8 CMakeFiles/uartpins.dir/uartpins.c.obj
                                 0x17 (size before relaxing)
 .rodata.panic.str1.4
                0x10001d74       0x12 CMakeFiles/uartpins.dir/home/adarsh/pi/pico/pico-sdk/src/rp2_common/pico_platform_panic/panic.c.obj
 .rodata.timer_hardware_alarm_claim.str1.4
                0x10001d74       0x22 CMakeFiles/uartpins.dir/home/adarsh/pi/pico/pico-sdk/src/rp2_common/hardware_timer/timer.c.obj
 .rodata.hard_assertion_failure.str1.4
                0x10001d74        0xc CMakeFiles/uartpins.dir/home/adarsh/pi/pico/pico-sdk/src/rp2_common/pico_runtime/runtime.c.obj
 .rodata.str1.4
                0x10001d74       0x30 CMakeFiles/uartpins.dir/home/adarsh/pi/pico/pico-sdk/src/rp2_common/pico_standard_binary_info/standard_binary_info.c.obj
 .rodata.__bi_84
                0x10001d74        0xc CMakeFiles/uartpins.dir/home/adarsh/pi/pico/pico-sdk/src/rp2_common/pico_standard_binary_info/standard_binary_info.c.obj
 .rodata.__bi_54
                0x10001d80        0xc CMakeFiles/uartpins.dir/home/adarsh/pi/pico/pico-sdk/src/rp2_common/pico_standard_binary_info/standard_binary_info.c.obj
 .rodata.__bi_48
                0x10001d8c        0xc CMakeFiles/uartpins.dir/home/adarsh/pi/pico/pico-sdk/src/rp2_common/pico_standard_binary_info/standard_binary_info.c.obj
 .rodata.__bi_42
                0x10001d98        0xc CMakeFiles/uartpins.dir/home/adarsh/pi/pico/pico-sdk/src/rp2_common/pico_standard_binary_info/standard_binary_info.c.obj
 .rodata.__bi_34
                0x10001da4        0xc CMakeFiles/uartpins.dir/home/adarsh/pi/pico/pico-sdk/src/rp2_common/pico_standard_binary_info/standard_binary_info.c.obj
 .rodata.__bi_26
                0x10001db0        0xc CMakeFiles/uartpins.dir/home/adarsh/pi/pico/pico-sdk/src/rp2_common/pico_standard_binary_info/standard_binary_info.c.obj
 .rodata.crlf_str.0
                0x10001dbc        0x2 CMakeFiles/uartpins.dir/home/adarsh/pi/pico/pico-sdk/src/rp2_common/pico_stdio/stdio.c.obj
 .rodata.str1.4
                0x10001dbe       0x2c CMakeFiles/uartpins.dir/home/adarsh/pi/pico/pico-sdk/src/rp2_common/pico_stdio_uart/stdio_uart.c.obj
 *fill*         0x10001dbe        0x2 
 .rodata.__bi_45.4
                0x10001dc0        0xc CMakeFiles/uartpins.dir/home/adarsh/pi/pico/pico-sdk/src/rp2_common/pico_stdio_uart/stdio_uart.c.obj
 .rodata.__bi_49.5
                0x10001dcc        0x8 CMakeFiles/uartpins.dir/home/adarsh/pi/pico/pico-sdk/src/rp2_common/pico_stdio_uart/stdio_uart.c.obj
 .rodata.__bi_50.6
                0x10001dd4        0x8 CMakeFiles/uartpins.dir/home/adarsh/pi/pico/pico-sdk/src/rp2_common/pico_stdio_uart/stdio_uart.c.obj
                0x10001ddc                        . = ALIGN (0x4)
 *(SORT_BY_ALIGNMENT(SORT_BY_NAME(.flashdata*)))
                0x10001ddc                        . = ALIGN (0x4)

.ARM.extab
 *(.ARM.extab* .gnu.linkonce.armextab.*)
                0x10001ddc                        __exidx_start = .

.ARM.exidx
 *(.ARM.exidx* .gnu.linkonce.armexidx.*)
                0x10001ddc                        __exidx_end = .
                0x10001ddc                        . = ALIGN (0x4)
                0x10001ddc                        __binary_info_start = .

.binary_info    0x10001ddc       0x24
 *(.binary_info.keep.*)
 .binary_info.keep.__bi_ptr84
                0x10001ddc        0x4 CMakeFiles/uartpins.dir/home/adarsh/pi/pico/pico-sdk/src/rp2_common/pico_standard_binary_info/standard_binary_info.c.obj
 .binary_info.keep.__bi_ptr54
                0x10001de0        0x4 CMakeFiles/uartpins.dir/home/adarsh/pi/pico/pico-sdk/src/rp2_common/pico_standard_binary_info/standard_binary_info.c.obj
 .binary_info.keep.__bi_ptr48
                0x10001de4        0x4 CMakeFiles/uartpins.dir/home/adarsh/pi/pico/pico-sdk/src/rp2_common/pico_standard_binary_info/standard_binary_info.c.obj
 .binary_info.keep.__bi_ptr42
                0x10001de8        0x4 CMakeFiles/uartpins.dir/home/adarsh/pi/pico/pico-sdk/src/rp2_common/pico_standard_binary_info/standard_binary_info.c.obj
 .binary_info.keep.__bi_ptr34
                0x10001dec        0x4 CMakeFiles/uartpins.dir/home/adarsh/pi/pico/pico-sdk/src/rp2_common/pico_standard_binary_info/standard_binary_info.c.obj
 .binary_info.keep.__bi_ptr26
                0x10001df0        0x4 CMakeFiles/uartpins.dir/home/adarsh/pi/pico/pico-sdk/src/rp2_common/pico_standard_binary_info/standard_binary_info.c.obj
 *(.binary_info.*)
 .binary_info.__bi_ptr50
                0x10001df4        0x4 CMakeFiles/uartpins.dir/home/adarsh/pi/pico/pico-sdk/src/rp2_common/pico_stdio_uart/stdio_uart.c.obj
 .binary_info.__bi_ptr49
                0x10001df8        0x4 CMakeFiles/uartpins.dir/home/adarsh/pi/pico/pico-sdk/src/rp2_common/pico_stdio_uart/stdio_uart.c.obj
 .binary_info.__bi_ptr45
                0x10001dfc        0x4 CMakeFiles/uartpins.dir/home/adarsh/pi/pico/pico-sdk/src/rp2_common/pico_stdio_uart/stdio_uart.c.obj
                0x10001e00                        __binary_info_end = .

.rel.dyn        0x10001e00        0x0
 .rel.iplt      0x10001e00        0x0 /usr/lib/gcc/arm-none-eabi/13.2.1/thumb/v6-m/nofp/crtbegin.o
                0x10001e00                        . = ALIGN (0x4)

.ram_vector_table
                0x20000000       0xc0
 *(.ram_vector_table)
 .ram_vector_table
                0x20000000       0xc0 CMakeFiles/uartpins.dir/home/adarsh/pi/pico/pico-sdk/src/rp2_common/pico_runtime_init/runtime_init.c.obj
                0x20000000                ram_vector_table

.uninitialized_data
                0x200000c0        0x0
                0x200000c0                        . = ALIGN (0x4)
 *(.uninitialized_data*)

.data           0x200000c0      0x180 load address 0x10001e00
                0x200000c0                        __data_start__ = .
 *(vtable)
 *(.time_critical*)
 .time_critical.mutex_try_enter_block_until
                0x200000c0       0x9c CMakeFiles/uartpins.dir/home/adarsh/pi/pico/pico-sdk/src/common/pico_sync/mutex.c.obj
                0x200000c0                mutex_try_enter_block_until
 .time_critical.mutex_exit
                0x2000015c       0x28 CMakeFiles/uartpins.dir/home/adarsh/pi/pico/pico-sdk/src/common/pico_sync/mutex.c.obj
                0x2000015c                mutex_exit
 *(.text*)
 .text          0x20000184        0x4 /usr/lib/gcc/arm-none-eabi/13.2.1/thumb/v6-m/nofp/libgcc.a(_dvmd_tls.o)
                0x20000184                __aeabi_ldiv0
                0x20000184                __aeabi_idiv0
 .text.__stub   0x20000188       0x10 linker stubs
                0x20000198                        . = ALIGN (0x4)
 *(.rodata*)
                0x20000198                        . = ALIGN (0x4)
 *(.data*)
 .data.striped_spin_lock_num
                0x20000198        0x1 CMakeFiles/uartpins.dir/home/adarsh/pi/pico/pico-sdk/src/rp2_common/hardware_sync/sync.c.obj
 *fill*         0x20000199        0x3 
 .data          0x2000019c       0x48 CMakeFiles/uartpins.dir/home/adarsh/pi/pico/pico-sdk/src/rp2_common/hardware_irq/irq_handler_chain.S.obj
                0x2000019c                irq_handler_chain_slots
                0x200001cc                irq_handler_chain_first_slot
                0x200001d6                irq_handler_chain_remove_tail
 .data.default_alarm_pool
                0x200001e4       0x18 CMakeFiles/uartpins.dir/home/adarsh/pi/pico/pico-sdk/src/common/pico_time/time.c.obj
 *fill*         0x200001fc        0x4 
 .data.aeabi_bits_funcs
                0x20000200       0x10 CMakeFiles/uartpins.dir/home/adarsh/pi/pico/pico-sdk/src/rp2_common/pico_bit_ops/bit_ops_aeabi.S.obj
                0x20000200                aeabi_bits_funcs
                0x20000210                aeabi_bits_funcs_end
 .data.aeabi_mem_funcs
                0x20000210       0x10 CMakeFiles/uartpins.dir/home/adarsh/pi/pico/pico-sdk/src/rp2_common/pico_mem_ops/mem_ops_aeabi.S.obj
                0x20000210                aeabi_mem_funcs
                0x20000220                aeabi_mem_funcs_end
 .data.stdio_uart
                0x20000220       0x18 CMakeFiles/uartpins.dir/home/adarsh/pi/pico/pico-sdk/src/rp2_common/pico_stdio_uart/stdio_uart.c.obj
                0x20000220                stdio_uart
                0x20000238                        . = ALIGN (0x4)
 *(.after_data.*)
                0x20000238                        . = ALIGN (0x4)
                0x20000238                        PROVIDE (__mutex_array_start = .)
 *(SORT_BY_NAME(.mutex_array.*))
 *(.mutex_array)
 .mutex_array   0x20000238        0x8 CMakeFiles/uartpins.dir/home/adarsh/pi/pico/pico-sdk/src/rp2_common/pico_stdio/stdio.c.obj
                0x20000240                        PROVIDE (__mutex_array_end = .)
                0x20000240                        . = ALIGN (0x4)
 *(.jcr)
                0x20000240                        . = ALIGN (0x4)

.tm_clone_table
                0x20000240        0x0 load address 0x10001f80
 .tm_clone_table
                0x20000240        0x0 /usr/lib/gcc/arm-none-eabi/13.2.1/thumb/v6-m/nofp/crtbegin.o
 .tm_clone_table
                0x20000240        0x0 /usr/lib/gcc/arm-none-eabi/13.2.1/thumb/v6-m/nofp/crtend.o

.igot.plt       0x20000240        0x0 load address 0x10001f80
 .igot.plt      0x20000240        0x0 /usr/lib/gcc/arm-none-eabi/13.2.1/thumb/v6-m/nofp/crtbegin.o

.tdata          0x20000240        0x0 load address 0x10001f80
                0x20000240                        . = ALIGN (0x4)
 *(.tdata .tdata.* .gnu.linkonce.td.*)
                0x20000240                        __tdata_end = .
                0x20000240                        PROVIDE (__data_end__ = .)
                0x10001e00                        __etext = LOADADDR (.data)

.tbss           0x20000240        0x0 load address 0x10001f80
                0x20000240                        . = ALIGN (0x4)
                0x20000240                        __bss_start__ = .
                0x20000240                        __tls_base = .
 *(.tbss .tbss.* .gnu.linkonce.tb.*)
 *(.tcommon)
                0x20000240                        __tls_end = .

.bss            0x20000240      0x594 load address 0x10001f80
                0x20000240                        . = ALIGN (0x4)
                0x20000240                        __tbss_end = .
 *(SORT_BY_ALIGNMENT(SORT_BY_NAME(.bss*)))
 .bss.default_alarm_pool_entries
                0x20000240      0x180 CMakeFiles/uartpins.dir/home/adarsh/pi/pico/pico-sdk/src/common/pico_time/time.c.obj
 .bss.sd_table  0x200003c0      0x100 CMakeFiles/uartpins.dir/home/adarsh/pi/pico/pico-sdk/src/rp2_common/pico_double/double_init_rom_rp2040.c.obj
                0x200003c0                sd_table
 .bss.sf_table  0x200004c0      0x100 CMakeFiles/uartpins.dir/home/adarsh/pi/pico/pico-sdk/src/rp2_common/pico_float/float_init_rom_rp2040.c.obj
                0x200004c0                sf_table
 .bss           0x200005c0       0x1c /usr/lib/gcc/arm-none-eabi/13.2.1/thumb/v6-m/nofp/crtbegin.o
 .bss           0x200005dc      0x190 /usr/lib/gcc/arm-none-eabi/13.2.1/../../../arm-none-eabi/lib/thumb/v6-m/nofp/libg.a(libc_a-__atexit.o)
                0x200005dc                __atexit0
 .bss           0x2000076c        0x4 /usr/lib/gcc/arm-none-eabi/13.2.1/../../../arm-none-eabi/lib/thumb/v6-m/nofp/libg.a(libc_a-__call_atexit.o)
                0x2000076c                __atexit
 .bss.chars_available_callback
                0x20000770        0x4 CMakeFiles/uartpins.dir/home/adarsh/pi/pico/pico-sdk/src/rp2_common/pico_stdio_uart/stdio_uart.c.obj
 .bss.chars_available_param
                0x20000774        0x4 CMakeFiles/uartpins.dir/home/adarsh/pi/pico/pico-sdk/src/rp2_common/pico_stdio_uart/stdio_uart.c.obj
 .bss.claimed   0x20000778        0x1 CMakeFiles/uartpins.dir/home/adarsh/pi/pico/pico-sdk/src/rp2_common/hardware_timer/timer.c.obj
 *fill*         0x20000779        0x3 
 .bss.configured_freq
                0x2000077c       0x28 CMakeFiles/uartpins.dir/home/adarsh/pi/pico/pico-sdk/src/rp2_common/hardware_clocks/clocks.c.obj
 .bss.drivers   0x200007a4        0x4 CMakeFiles/uartpins.dir/home/adarsh/pi/pico/pico-sdk/src/rp2_common/pico_stdio/stdio.c.obj
 .bss.filter    0x200007a8        0x4 CMakeFiles/uartpins.dir/home/adarsh/pi/pico/pico-sdk/src/rp2_common/pico_stdio/stdio.c.obj
 .bss.lazy_vsnprintf
                0x200007ac        0x4 CMakeFiles/uartpins.dir/home/adarsh/pi/pico/pico-sdk/src/rp2_common/pico_printf/printf.c.obj
 .bss.pools     0x200007b0       0x10 CMakeFiles/uartpins.dir/home/adarsh/pi/pico/pico-sdk/src/common/pico_time/time.c.obj
 .bss.sf_clz_func
                0x200007c0        0x4 CMakeFiles/uartpins.dir/home/adarsh/pi/pico/pico-sdk/src/rp2_common/pico_double/double_init_rom_rp2040.c.obj
                0x200007c0                sf_clz_func
 .bss.sleep_notifier
                0x200007c4        0x4 CMakeFiles/uartpins.dir/home/adarsh/pi/pico/pico-sdk/src/common/pico_time/time.c.obj
 .bss.uart_char_to_line_feed
                0x200007c8        0x4 CMakeFiles/uartpins.dir/home/adarsh/pi/pico/pico-sdk/src/rp2_common/hardware_uart/uart.c.obj
                0x200007c8                uart_char_to_line_feed
 .bss.uart_instance
                0x200007cc        0x4 CMakeFiles/uartpins.dir/home/adarsh/pi/pico/pico-sdk/src/rp2_common/pico_stdio_uart/stdio_uart.c.obj
 .bss.irq_handler_chain_free_slot_head
                0x200007d0        0x1 CMakeFiles/uartpins.dir/home/adarsh/pi/pico/pico-sdk/src/rp2_common/hardware_irq/irq.c.obj
 *(COMMON)
                0x200007d4                        . = ALIGN (0x4)
 *fill*         0x200007d1        0x3 
                0x200007d4                        __bss_end__ = .

.heap           0x200007d4    0x3f82c load address 0x10001f80
                0x200007d4                        __end__ = .
                0x200007d4                        end = __end__
 *(.heap*)
 .heap          0x200007d4      0x800 CMakeFiles/uartpins.dir/home/adarsh/pi/pico/pico-sdk/src/rp2_common/pico_crt0/crt0.S.obj
                0x20040000                        . = (ORIGIN (RAM) + LENGTH (RAM))
 *fill*         0x20000fd4    0x3f02c 
                0x20040000                        __HeapLimit = .

.scratch_x      0x20040000        0x0 load address 0x10001f80
                0x20040000                        __scratch_x_start__ = .
 *(.scratch_x.*)
                0x20040000                        . = ALIGN (0x4)
                0x20040000                        __scratch_x_end__ = .
                0x10001f80                        __scratch_x_source__ = LOADADDR (.scratch_x)

.scratch_y      0x20041000        0x0 load address 0x10001f80
                0x20041000                        __scratch_y_start__ = .
 *(.scratch_y.*)
                0x20041000                        . = ALIGN (0x4)
                0x20041000                        __scratch_y_end__ = .
                0x10001f80                        __scratch_y_source__ = LOADADDR (.scratch_y)

.stack1_dummy
 *(.stack1*)

.stack_dummy    0x20041000      0x800
 *(.stack*)
 .stack         0x20041000      0x800 CMakeFiles/uartpins.dir/home/adarsh/pi/pico/pico-sdk/src/rp2_common/pico_crt0/crt0.S.obj

.flash_end      0x10001f80        0x0
 *(.embedded_end_block*)
                0x10001f80                        PROVIDE (__flash_binary_end = .)
                0x20040000                        __StackLimit = (ORIGIN (RAM) + LENGTH (RAM))
                0x20041000                        __StackOneTop = (ORIGIN (SCRATCH_X) + LENGTH (SCRATCH_X))
                0x20042000                        __StackTop = (ORIGIN (SCRATCH_Y) + LENGTH (SCRATCH_Y))
                0x20041000                        __StackOneBottom = (__StackOneTop - SIZEOF (.stack1_dummy))
                0x20041800                        __StackBottom = (__StackTop - SIZEOF (.stack_dummy))
                0x20042000                        PROVIDE (__stack = __StackTop)
                [!provide]                        PROVIDE (__heap_start = __end__)
                [!provide]                        PROVIDE (__heap_end = __HeapLimit)
                [!provide]                        PROVIDE (__tls_align = MAX (ALIGNOF (.tdata), ALIGNOF (.tbss)))
                [!provide]                        PROVIDE (__tls_size_align = (((__tls_size + __tls_align) - 0x1) & ~ ((__tls_align - 0x1))))
                [!provide]                        PROVIDE (__arm32_tls_tcb_offset = MAX (0x8, __tls_align))
                [!provide]                        PROVIDE (_end = __end__)
                [!provide]                        PROVIDE (__llvm_libc_heap_limit = __HeapLimit)
                0x00000001                        ASSERT ((__StackLimit >= __HeapLimit), region RAM overflowed)
                0x00000001                        ASSERT (((__binary_info_header_end - __logical_binary_start) <= 0x100), Binary info must be in first 256 bytes of the binary)
LOAD CMakeFiles/uartpins.dir/uartpins.c.obj
LOAD CMakeFiles/uartpins.dir/home/adarsh/pi/pico/pico-sdk/src/rp2_common/pico_stdlib/stdlib.c.obj
LOAD CMakeFiles/uartpins.dir/home/adarsh/pi/pico/pico-sdk/src/rp2_common/hardware_gpio/gpio.c.obj
LOAD CMakeFiles/uartpins.dir/home/adarsh/pi/pico/pico-sdk/src/rp2040/pico_platform/platform.c.obj
LOAD CMakeFiles/uartpins.dir/home/adarsh/pi/pico/pico-sdk/src/rp2_common/pico_platform_panic/panic.c.obj
LOAD CMakeFiles/uartpins.dir/home/adarsh/pi/pico/pico-sdk/src/common/hardware_claim/claim.c.obj
LOAD CMakeFiles/uartpins.dir/home/adarsh/pi/pico/pico-sdk/src/rp2_common/hardware_sync/sync.c.obj
LOAD CMakeFiles/uartpins.dir/home/adarsh/pi/pico/pico-sdk/src/rp2_common/hardware_sync_spin_lock/sync_spin_lock.c.obj
LOAD CMakeFiles/uartpins.dir/home/adarsh/pi/pico/pico-sdk/src/rp2_common/hardware_irq/irq.c.obj
LOAD CMakeFiles/uartpins.dir/home/adarsh/pi/pico/pico-sdk/src/rp2_common/hardware_irq/irq_handler_chain.S.obj
LOAD CMakeFiles/uartpins.dir/home/adarsh/pi/pico/pico-sdk/src/common/pico_sync/sem.c.obj
LOAD CMakeFiles/uartpins.dir/home/adarsh/pi/pico/pico-sdk/src/common/pico_sync/lock_core.c.obj
LOAD CMakeFiles/uartpins.dir/home/adarsh/pi/pico/pico-sdk/src/common/pico_sync/mutex.c.obj
LOAD CMakeFiles/uartpins.dir/home/adarsh/pi/pico/pico-sdk/src/common/pico_sync/critical_section.c.obj
LOAD CMakeFiles/uartpins.dir/home/adarsh/pi/pico/pico-sdk/src/common/pico_time/time.c.obj
LOAD CMakeFiles/uartpins.dir/home/adarsh/pi/pico/pico-sdk/src/common/pico_time/timeout_helper.c.obj
LOAD CMakeFiles/uartpins.dir/home/adarsh/pi/pico/pico-sdk/src/rp2_common/hardware_timer/timer.c.obj
LOAD CMakeFiles/uartpins.dir/home/adarsh/pi/pico/pico-sdk/src/common/pico_util/datetime.c.obj
LOAD CMakeFiles/uartpins.dir/home/adarsh/pi/pico/pico-sdk/src/common/pico_util/pheap.c.obj
LOAD CMakeFiles/uartpins.dir/home/adarsh/pi/pico/pico-sdk/src/common/pico_util/queue.c.obj
LOAD CMakeFiles/uartpins.dir/home/adarsh/pi/pico/pico-sdk/src/rp2_common/hardware_uart/uart.c.obj
LOAD CMakeFiles/uartpins.dir/home/adarsh/pi/pico/pico-sdk/src/rp2_common/hardware_clocks/clocks.c.obj
LOAD CMakeFiles/uartpins.dir/home/adarsh/pi/pico/pico-sdk/src/rp2_common/hardware_pll/pll.c.obj
LOAD CMakeFiles/uartpins.dir/home/adarsh/pi/pico/pico-sdk/src/rp2_common/hardware_vreg/vreg.c.obj
LOAD CMakeFiles/uartpins.dir/home/adarsh/pi/pico/pico-sdk/src/rp2_common/hardware_watchdog/watchdog.c.obj
LOAD CMakeFiles/uartpins.dir/home/adarsh/pi/pico/pico-sdk/src/rp2_common/hardware_ticks/ticks.c.obj
LOAD CMakeFiles/uartpins.dir/home/adarsh/pi/pico/pico-sdk/src/rp2_common/hardware_xosc/xosc.c.obj
LOAD CMakeFiles/uartpins.dir/home/adarsh/pi/pico/pico-sdk/src/rp2_common/hardware_divider/divider.S.obj
LOAD CMakeFiles/uartpins.dir/home/adarsh/pi/pico/pico-sdk/src/rp2_common/pico_runtime/runtime.c.obj
LOAD CMakeFiles/uartpins.dir/home/adarsh/pi/pico/pico-sdk/src/rp2_common/pico_runtime_init/runtime_init.c.obj
LOAD CMakeFiles/uartpins.dir/home/adarsh/pi/pico/pico-sdk/src/rp2_common/pico_runtime_init/runtime_init_clocks.c.obj
LOAD CMakeFiles/uartpins.dir/home/adarsh/pi/pico/pico-sdk/src/rp2_common/pico_runtime_init/runtime_init_stack_guard.c.obj
LOAD CMakeFiles/uartpins.dir/home/adarsh/pi/pico/pico-sdk/src/rp2_common/pico_bit_ops/bit_ops_aeabi.S.obj
LOAD CMakeFiles/uartpins.dir/home/adarsh/pi/pico/pico-sdk/src/rp2_common/pico_bootrom/bootrom.c.obj
LOAD CMakeFiles/uartpins.dir/home/adarsh/pi/pico/pico-sdk/src/rp2_common/pico_bootrom/bootrom_lock.c.obj
LOAD CMakeFiles/uartpins.dir/home/adarsh/pi/pico/pico-sdk/src/rp2_common/hardware_boot_lock/boot_lock.c.obj
LOAD CMakeFiles/uartpins.dir/home/adarsh/pi/pico/pico-sdk/src/rp2_common/pico_divider/divider_hardware.S.obj
LOAD CMakeFiles/uartpins.dir/home/adarsh/pi/pico/pico-sdk/src/rp2_common/pico_double/double_aeabi_rp2040.S.obj
LOAD CMakeFiles/uartpins.dir/home/adarsh/pi/pico/pico-sdk/src/rp2_common/pico_double/double_init_rom_rp2040.c.obj
LOAD CMakeFiles/uartpins.dir/home/adarsh/pi/pico/pico-sdk/src/rp2_common/pico_double/double_math.c.obj
LOAD CMakeFiles/uartpins.dir/home/adarsh/pi/pico/pico-sdk/src/rp2_common/pico_double/double_v1_rom_shim_rp2040.S.obj
LOAD CMakeFiles/uartpins.dir/home/adarsh/pi/pico/pico-sdk/src/rp2_common/pico_int64_ops/pico_int64_ops_aeabi.S.obj
LOAD CMakeFiles/uartpins.dir/home/adarsh/pi/pico/pico-sdk/src/rp2_common/pico_float/float_aeabi_rp2040.S.obj
LOAD CMakeFiles/uartpins.dir/home/adarsh/pi/pico/pico-sdk/src/rp2_common/pico_float/float_init_rom_rp2040.c.obj
LOAD CMakeFiles/uartpins.dir/home/adarsh/pi/pico/pico-sdk/src/rp2_common/pico_float/float_math.c.obj
LOAD CMakeFiles/uartpins.dir/home/adarsh/pi/pico/pico-sdk/src/rp2_common/pico_float/float_v1_rom_shim_rp2040.S.obj
LOAD CMakeFiles/uartpins.dir/home/adarsh/pi/pico/pico-sdk/src/rp2_common/pico_malloc/malloc.c.obj
LOAD CMakeFiles/uartpins.dir/home/adarsh/pi/pico/pico-sdk/src/rp2_common/pico_mem_ops/mem_ops_aeabi.S.obj
LOAD CMakeFiles/uartpins.dir/home/adarsh/pi/pico/pico-sdk/src/rp2_common/pico_atomic/atomic.c.obj
LOAD CMakeFiles/uartpins.dir/home/adarsh/pi/pico/pico-sdk/src/rp2_common/pico_cxx_options/new_delete.cpp.obj
LOAD CMakeFiles/uartpins.dir/home/adarsh/pi/pico/pico-sdk/src/rp2_common/pico_standard_binary_info/standard_binary_info.c.obj
LOAD CMakeFiles/uartpins.dir/home/adarsh/pi/pico/pico-sdk/src/rp2_common/pico_printf/printf.c.obj
LOAD CMakeFiles/uartpins.dir/home/adarsh/pi/pico/pico-sdk/src/rp2_common/pico_crt0/crt0.S.obj
LOAD CMakeFiles/uartpins.dir/home/adarsh/pi/pico/pico-sdk/src/rp2_common/pico_clib_interface/newlib_interface.c.obj
LOAD CMakeFiles/uartpins.dir/home/adarsh/pi/pico/pico-sdk/src/rp2_common/pico_stdio/stdio.c.obj
LOAD CMakeFiles/uartpins.dir/home/adarsh/pi/pico/pico-sdk/src/rp2_common/pico_stdio_uart/stdio_uart.c.obj
LOAD /tmp/ccXY6XFS.o
LOAD /usr/lib/gcc/arm-none-eabi/13.2.1/../../../arm-none-eabi/lib/thumb/v6-m/nofp/libstdc++.a
LOAD /usr/lib/gcc/arm-none-eabi/13.2.1/../../../arm-none-eabi/lib/thumb/v6-m/nofp/libm.a
START GROUP
LOAD /usr/lib/gcc/arm-none-eabi/13.2.1/thumb/v6-m/nofp/libgcc.a
LOAD /usr/lib/gcc/arm-none-eabi/13.2.1/../../../arm-none-eabi/lib/thumb/v6-m/nofp/libg.a
LOAD /usr/lib/gcc/arm-none-eabi/13.2.1/../../../arm-none-eabi/lib/thumb/v6-m/nofp/libc.a
END GROUP
START GROUP
LOAD /usr/lib/gcc/arm-none-eabi/13.2.1/thumb/v6-m/nofp/libgcc.a
LOAD /usr/lib/gcc/arm-none-eabi/13.2.1/../../../arm-none-eabi/lib/thumb/v6-m/nofp/libc.a
LOAD /usr/lib/gcc/arm-none-eabi/13.2.1/../../../arm-none-eabi/lib/thumb/v6-m/nofp/libnosys.a
END GROUP
LOAD /usr/lib/gcc/arm-none-eabi/13.2.1/thumb/v6-m/nofp/crtend.o
LOAD /usr/lib/gcc/arm-none-eabi/13.2.1/thumb/v6-m/nofp/crtn.o
OUTPUT(uartpins.elf elf32-littlearm)
LOAD linker stubs

.ARM.attributes
                0x00000000       0x28
 .ARM.attributes
                0x00000000       0x1e /usr/lib/gcc/arm-none-eabi/13.2.1/thumb/v6-m/nofp/crti.o
 .ARM.attributes
                0x0000001e       0x2c /usr/lib/gcc/arm-none-eabi/13.2.1/thumb/v6-m/nofp/crtbegin.o
 .ARM.attributes
                0x0000004a       0x2c CMakeFiles/uartpins.dir/uartpins.c.obj
 .ARM.attributes
                0x00000076       0x2c CMakeFiles/uartpins.dir/home/adarsh/pi/pico/pico-sdk/src/rp2_common/hardware_gpio/gpio.c.obj
 .ARM.attributes
                0x000000a2       0x2c CMakeFiles/uartpins.dir/home/adarsh/pi/pico/pico-sdk/src/rp2_common/pico_platform_panic/panic.c.obj
 .ARM.attributes
                0x000000ce       0x2c CMakeFiles/uartpins.dir/home/adarsh/pi/pico/pico-sdk/src/common/hardware_claim/claim.c.obj
 .ARM.attributes
                0x000000fa       0x2c CMakeFiles/uartpins.dir/home/adarsh/pi/pico/pico-sdk/src/rp2_common/hardware_sync/sync.c.obj
 .ARM.attributes
                0x00000126       0x2c CMakeFiles/uartpins.dir/home/adarsh/pi/pico/pico-sdk/src/rp2_common/hardware_sync_spin_lock/sync_spin_lock.c.obj
 .ARM.attributes
                0x00000152       0x2c CMakeFiles/uartpins.dir/home/adarsh/pi/pico/pico-sdk/src/rp2_common/hardware_irq/irq.c.obj
 .ARM.attributes
                0x0000017e       0x22 CMakeFiles/uartpins.dir/home/adarsh/pi/pico/pico-sdk/src/rp2_common/hardware_irq/irq_handler_chain.S.obj
 .ARM.attributes
                0x000001a0       0x2c CMakeFiles/uartpins.dir/home/adarsh/pi/pico/pico-sdk/src/common/pico_sync/lock_core.c.obj
 .ARM.attributes
                0x000001cc       0x2c CMakeFiles/uartpins.dir/home/adarsh/pi/pico/pico-sdk/src/common/pico_sync/mutex.c.obj
 .ARM.attributes
                0x000001f8       0x2c CMakeFiles/uartpins.dir/home/adarsh/pi/pico/pico-sdk/src/common/pico_time/time.c.obj
 .ARM.attributes
                0x00000224       0x2c CMakeFiles/uartpins.dir/home/adarsh/pi/pico/pico-sdk/src/rp2_common/hardware_timer/timer.c.obj
 .ARM.attributes
                0x00000250       0x2c CMakeFiles/uartpins.dir/home/adarsh/pi/pico/pico-sdk/src/rp2_common/hardware_uart/uart.c.obj
 .ARM.attributes
                0x0000027c       0x2c CMakeFiles/uartpins.dir/home/adarsh/pi/pico/pico-sdk/src/rp2_common/hardware_clocks/clocks.c.obj
 .ARM.attributes
                0x000002a8       0x2c CMakeFiles/uartpins.dir/home/adarsh/pi/pico/pico-sdk/src/rp2_common/hardware_pll/pll.c.obj
 .ARM.attributes
                0x000002d4       0x2c CMakeFiles/uartpins.dir/home/adarsh/pi/pico/pico-sdk/src/rp2_common/hardware_ticks/ticks.c.obj
 .ARM.attributes
                0x00000300       0x2c CMakeFiles/uartpins.dir/home/adarsh/pi/pico/pico-sdk/src/rp2_common/hardware_xosc/xosc.c.obj
 .ARM.attributes
                0x0000032c       0x2c CMakeFiles/uartpins.dir/home/adarsh/pi/pico/pico-sdk/src/rp2_common/pico_runtime/runtime.c.obj
 .ARM.attributes
                0x00000358       0x2c CMakeFiles/uartpins.dir/home/adarsh/pi/pico/pico-sdk/src/rp2_common/pico_runtime_init/runtime_init.c.obj
 .ARM.attributes
                0x00000384       0x2c CMakeFiles/uartpins.dir/home/adarsh/pi/pico/pico-sdk/src/rp2_common/pico_runtime_init/runtime_init_clocks.c.obj
 .ARM.attributes
                0x000003b0       0x22 CMakeFiles/uartpins.dir/home/adarsh/pi/pico/pico-sdk/src/rp2_common/pico_bit_ops/bit_ops_aeabi.S.obj
 .ARM.attributes
                0x000003d2       0x2c CMakeFiles/uartpins.dir/home/adarsh/pi/pico/pico-sdk/src/rp2_common/pico_bootrom/bootrom.c.obj
 .ARM.attributes
                0x000003fe       0x22 CMakeFiles/uartpins.dir/home/adarsh/pi/pico/pico-sdk/src/rp2_common/pico_divider/divider_hardware.S.obj
 .ARM.attributes
                0x00000420       0x22 CMakeFiles/uartpins.dir/home/adarsh/pi/pico/pico-sdk/src/rp2_common/pico_double/double_aeabi_rp2040.S.obj
 .ARM.attributes
                0x00000442       0x2c CMakeFiles/uartpins.dir/home/adarsh/pi/pico/pico-sdk/src/rp2_common/pico_double/double_init_rom_rp2040.c.obj
 .ARM.attributes
                0x0000046e       0x22 CMakeFiles/uartpins.dir/home/adarsh/pi/pico/pico-sdk/src/rp2_common/pico_double/double_v1_rom_shim_rp2040.S.obj
 .ARM.attributes
                0x00000490       0x22 CMakeFiles/uartpins.dir/home/adarsh/pi/pico/pico-sdk/src/rp2_common/pico_float/float_aeabi_rp2040.S.obj
 .ARM.attributes
                0x000004b2       0x2c CMakeFiles/uartpins.dir/home/adarsh/pi/pico/pico-sdk/src/rp2_common/pico_float/float_init_rom_rp2040.c.obj
 .ARM.attributes
                0x000004de       0x22 CMakeFiles/uartpins.dir/home/adarsh/pi/pico/pico-sdk/src/rp2_common/pico_float/float_v1_rom_shim_rp2040.S.obj
 .ARM.attributes
                0x00000500       0x22 CMakeFiles/uartpins.dir/home/adarsh/pi/pico/pico-sdk/src/rp2_common/pico_mem_ops/mem_ops_aeabi.S.obj
 .ARM.attributes
                0x00000522       0x2c CMakeFiles/uartpins.dir/home/adarsh/pi/pico/pico-sdk/src/rp2_common/pico_standard_binary_info/standard_binary_info.c.obj
 .ARM.attributes
                0x0000054e       0x2c CMakeFiles/uartpins.dir/home/adarsh/pi/pico/pico-sdk/src/rp2_common/pico_printf/printf.c.obj
 .ARM.attributes
                0x0000057a       0x22 CMakeFiles/uartpins.dir/home/adarsh/pi/pico/pico-sdk/src/rp2_common/pico_crt0/crt0.S.obj
 .ARM.attributes
                0x0000059c       0x2c CMakeFiles/uartpins.dir/home/adarsh/pi/pico/pico-sdk/src/rp2_common/pico_clib_interface/newlib_interface.c.obj
 .ARM.attributes
                0x000005c8       0x2c CMakeFiles/uartpins.dir/home/adarsh/pi/pico/pico-sdk/src/rp2_common/pico_stdio/stdio.c.obj
 .ARM.attributes
                0x000005f4       0x2c CMakeFiles/uartpins.dir/home/adarsh/pi/pico/pico-sdk/src/rp2_common/pico_stdio_uart/stdio_uart.c.obj
 .ARM.attributes
                0x00000620       0x22 /tmp/ccXY6XFS.o
 .ARM.attributes
                0x00000642       0x1e /usr/lib/gcc/arm-none-eabi/13.2.1/thumb/v6-m/nofp/libgcc.a(_dvmd_tls.o)
 .ARM.attributes
                0x00000660       0x2c /usr/lib/gcc/arm-none-eabi/13.2.1/../../../arm-none-eabi/lib/thumb/v6-m/nofp/libg.a(libc_a-atexit.o)
 .ARM.attributes
                0x0000068c       0x2c /usr/lib/gcc/arm-none-eabi/13.2.1/../../../arm-none-eabi/lib/thumb/v6-m/nofp/libg.a(libc_a-strlen-stub.o)
 .ARM.attributes
                0x000006b8       0x2c /usr/lib/gcc/arm-none-eabi/13.2.1/../../../arm-none-eabi/lib/thumb/v6-m/nofp/libg.a(libc_a-fini.o)
 .ARM.attributes
                0x000006e4       0x2c /usr/lib/gcc/arm-none-eabi/13.2.1/../../../arm-none-eabi/lib/thumb/v6-m/nofp/libg.a(libc_a-__atexit.o)
 .ARM.attributes
                0x00000710       0x2c /usr/lib/gcc/arm-none-eabi/13.2.1/../../../arm-none-eabi/lib/thumb/v6-m/nofp/libg.a(libc_a-__call_atexit.o)
 .ARM.attributes
                0x0000073c       0x2c /usr/lib/gcc/arm-none-eabi/13.2.1/thumb/v6-m/nofp/crtend.o

.comment        0x00000000       0x26
 .comment       0x00000000       0x26 /usr/lib/gcc/arm-none-eabi/13.2.1/thumb/v6-m/nofp/crtbegin.o
                                 0x27 (size before relaxing)
 .comment       0x00000026       0x27 CMakeFiles/uartpins.dir/uartpins.c.obj
 .comment       0x00000026       0x27 CMakeFiles/uartpins.dir/home/adarsh/pi/pico/pico-sdk/src/rp2_common/hardware_gpio/gpio.c.obj
 .comment       0x00000026       0x27 CMakeFiles/uartpins.dir/home/adarsh/pi/pico/pico-sdk/src/rp2_common/pico_platform_panic/panic.c.obj
 .comment       0x00000026       0x27 CMakeFiles/uartpins.dir/home/adarsh/pi/pico/pico-sdk/src/common/hardware_claim/claim.c.obj
 .comment       0x00000026       0x27 CMakeFiles/uartpins.dir/home/adarsh/pi/pico/pico-sdk/src/rp2_common/hardware_sync/sync.c.obj
 .comment       0x00000026       0x27 CMakeFiles/uartpins.dir/home/adarsh/pi/pico/pico-sdk/src/rp2_common/hardware_sync_spin_lock/sync_spin_lock.c.obj
 .comment       0x00000026       0x27 CMakeFiles/uartpins.dir/home/adarsh/pi/pico/pico-sdk/src/rp2_common/hardware_irq/irq.c.obj
 .comment       0x00000026       0x27 CMakeFiles/uartpins.dir/home/adarsh/pi/pico/pico-sdk/src/common/pico_sync/lock_core.c.obj
 .comment       0x00000026       0x27 CMakeFiles/uartpins.dir/home/adarsh/pi/pico/pico-sdk/src/common/pico_sync/mutex.c.obj
 .comment       0x00000026       0x27 CMakeFiles/uartpins.dir/home/adarsh/pi/pico/pico-sdk/src/common/pico_time/time.c.obj
 .comment       0x00000026       0x27 CMakeFiles/uartpins.dir/home/adarsh/pi/pico/pico-sdk/src/rp2_common/hardware_timer/timer.c.obj
 .comment       0x00000026       0x27 CMakeFiles/uartpins.dir/home/adarsh/pi/pico/pico-sdk/src/rp2_common/hardware_uart/uart.c.obj
 .comment       0x00000026       0x27 CMakeFiles/uartpins.dir/home/adarsh/pi/pico/pico-sdk/src/rp2_common/hardware_clocks/clocks.c.obj
 .comment       0x00000026       0x27 CMakeFiles/uartpins.dir/home/adarsh/pi/pico/pico-sdk/src/rp2_common/hardware_pll/pll.c.obj
 .comment       0x00000026       0x27 CMakeFiles/uartpins.dir/home/adarsh/pi/pico/pico-sdk/src/rp2_common/hardware_ticks/ticks.c.obj
 .comment       0x00000026       0x27 CMakeFiles/uartpins.dir/home/adarsh/pi/pico/pico-sdk/src/rp2_common/hardware_xosc/xosc.c.obj
 .comment       0x00000026       0x27 CMakeFiles/uartpins.dir/home/adarsh/pi/pico/pico-sdk/src/rp2_common/pico_runtime/runtime.c.obj
 .comment       0x00000026       0x27 CMakeFiles/uartpins.dir/home/adarsh/pi/pico/pico-sdk/src/rp2_common/pico_runtime_init/runtime_init.c.obj
 .comment       0x00000026       0x27 CMakeFiles/uartpins.dir/home/adarsh/pi/pico/pico-sdk/src/rp2_common/pico_runtime_init/runtime_init_clocks.c.obj
 .comment       0x00000026       0x27 CMakeFiles/uartpins.dir/home/adarsh/pi/pico/pico-sdk/src/rp2_common/pico_bootrom/bootrom.c.obj
 .comment       0x00000026       0x27 CMakeFiles/uartpins.dir/home/adarsh/pi/pico/pico-sdk/src/rp2_common/pico_double/double_init_rom_rp2040.c.obj
 .comment       0x00000026       0x27 CMakeFiles/uartpins.dir/home/adarsh/pi/pico/pico-sdk/src/rp2_common/pico_float/float_init_rom_rp2040.c.obj
 .comment       0x00000026       0x27 CMakeFiles/uartpins.dir/home/adarsh/pi/pico/pico-sdk/src/rp2_common/pico_standard_binary_info/standard_binary_info.c.obj
 .comment       0x00000026       0x27 CMakeFiles/uartpins.dir/home/adarsh/pi/pico/pico-sdk/src/rp2_common/pico_printf/printf.c.obj
 .comment       0x00000026       0x27 CMakeFiles/uartpins.dir/home/adarsh/pi/pico/pico-sdk/src/rp2_common/pico_clib_interface/newlib_interface.c.obj
 .comment       0x00000026       0x27 CMakeFiles/uartpins.dir/home/adarsh/pi/pico/pico-sdk/src/rp2_common/pico_stdio/stdio.c.obj
 .comment       0x00000026       0x27 CMakeFiles/uartpins.dir/home/adarsh/pi/pico/pico-sdk/src/rp2_common/pico_stdio_uart/stdio_uart.c.obj
 .comment       0x00000026       0x27 /usr/lib/gcc/arm-none-eabi/13.2.1/../../../arm-none-eabi/lib/thumb/v6-m/nofp/libg.a(libc_a-atexit.o)
 .comment       0x00000026       0x27 /usr/lib/gcc/arm-none-eabi/13.2.1/../../../arm-none-eabi/lib/thumb/v6-m/nofp/libg.a(libc_a-strlen-stub.o)
 .comment       0x00000026       0x27 /usr/lib/gcc/arm-none-eabi/13.2.1/../../../arm-none-eabi/lib/thumb/v6-m/nofp/libg.a(libc_a-fini.o)
 .comment       0x00000026       0x27 /usr/lib/gcc/arm-none-eabi/13.2.1/../../../arm-none-eabi/lib/thumb/v6-m/nofp/libg.a(libc_a-__atexit.o)
 .comment       0x00000026       0x27 /usr/lib/gcc/arm-none-eabi/13.2.1/../../../arm-none-eabi/lib/thumb/v6-m/nofp/libg.a(libc_a-__call_atexit.o)
 .comment       0x00000026       0x27 /usr/lib/gcc/arm-none-eabi/13.2.1/thumb/v6-m/nofp/crtend.o

.debug_info     0x00000000    0x1c835
 .debug_info    0x00000000      0x5dc CMakeFiles/uartpins.dir/uartpins.c.obj
 .debug_info    0x000005dc     0x2407 CMakeFiles/uartpins.dir/home/adarsh/pi/pico/pico-sdk/src/rp2_common/hardware_gpio/gpio.c.obj
 .debug_info    0x000029e3      0x1bf CMakeFiles/uartpins.dir/home/adarsh/pi/pico/pico-sdk/src/rp2_common/pico_platform_panic/panic.c.obj
 .debug_info    0x00002ba2      0x97d CMakeFiles/uartpins.dir/home/adarsh/pi/pico/pico-sdk/src/common/hardware_claim/claim.c.obj
 .debug_info    0x0000351f      0x440 CMakeFiles/uartpins.dir/home/adarsh/pi/pico/pico-sdk/src/rp2_common/hardware_sync/sync.c.obj
 .debug_info    0x0000395f      0x239 CMakeFiles/uartpins.dir/home/adarsh/pi/pico/pico-sdk/src/rp2_common/hardware_sync_spin_lock/sync_spin_lock.c.obj
 .debug_info    0x00003b98     0x2160 CMakeFiles/uartpins.dir/home/adarsh/pi/pico/pico-sdk/src/rp2_common/hardware_irq/irq.c.obj
 .debug_info    0x00005cf8      0x153 CMakeFiles/uartpins.dir/home/adarsh/pi/pico/pico-sdk/src/common/pico_sync/lock_core.c.obj
 .debug_info    0x00005e4b     0x27bb CMakeFiles/uartpins.dir/home/adarsh/pi/pico/pico-sdk/src/common/pico_sync/mutex.c.obj
 .debug_info    0x00008606     0x48fa CMakeFiles/uartpins.dir/home/adarsh/pi/pico/pico-sdk/src/common/pico_time/time.c.obj
 .debug_info    0x0000cf00     0x2abc CMakeFiles/uartpins.dir/home/adarsh/pi/pico/pico-sdk/src/rp2_common/hardware_timer/timer.c.obj
 .debug_info    0x0000f9bc     0x193b CMakeFiles/uartpins.dir/home/adarsh/pi/pico/pico-sdk/src/rp2_common/hardware_uart/uart.c.obj
 .debug_info    0x000112f7     0x28ed CMakeFiles/uartpins.dir/home/adarsh/pi/pico/pico-sdk/src/rp2_common/hardware_clocks/clocks.c.obj
 .debug_info    0x00013be4      0x4cd CMakeFiles/uartpins.dir/home/adarsh/pi/pico/pico-sdk/src/rp2_common/hardware_pll/pll.c.obj
 .debug_info    0x000140b1      0x230 CMakeFiles/uartpins.dir/home/adarsh/pi/pico/pico-sdk/src/rp2_common/hardware_ticks/ticks.c.obj
 .debug_info    0x000142e1      0x1b4 CMakeFiles/uartpins.dir/home/adarsh/pi/pico/pico-sdk/src/rp2_common/hardware_xosc/xosc.c.obj
 .debug_info    0x00014495      0x20e CMakeFiles/uartpins.dir/home/adarsh/pi/pico/pico-sdk/src/rp2_common/pico_runtime/runtime.c.obj
 .debug_info    0x000146a3      0x77d CMakeFiles/uartpins.dir/home/adarsh/pi/pico/pico-sdk/src/rp2_common/pico_runtime_init/runtime_init.c.obj
 .debug_info    0x00014e20      0x768 CMakeFiles/uartpins.dir/home/adarsh/pi/pico/pico-sdk/src/rp2_common/pico_runtime_init/runtime_init_clocks.c.obj
 .debug_info    0x00015588       0x23 CMakeFiles/uartpins.dir/home/adarsh/pi/pico/pico-sdk/src/rp2_common/pico_bit_ops/bit_ops_aeabi.S.obj
 .debug_info    0x000155ab      0x4eb CMakeFiles/uartpins.dir/home/adarsh/pi/pico/pico-sdk/src/rp2_common/pico_bootrom/bootrom.c.obj
 .debug_info    0x00015a96       0x23 CMakeFiles/uartpins.dir/home/adarsh/pi/pico/pico-sdk/src/rp2_common/pico_divider/divider_hardware.S.obj
 .debug_info    0x00015ab9       0x23 CMakeFiles/uartpins.dir/home/adarsh/pi/pico/pico-sdk/src/rp2_common/pico_double/double_aeabi_rp2040.S.obj
 .debug_info    0x00015adc      0x25f CMakeFiles/uartpins.dir/home/adarsh/pi/pico/pico-sdk/src/rp2_common/pico_double/double_init_rom_rp2040.c.obj
 .debug_info    0x00015d3b       0x23 CMakeFiles/uartpins.dir/home/adarsh/pi/pico/pico-sdk/src/rp2_common/pico_double/double_v1_rom_shim_rp2040.S.obj
 .debug_info    0x00015d5e       0x23 CMakeFiles/uartpins.dir/home/adarsh/pi/pico/pico-sdk/src/rp2_common/pico_float/float_aeabi_rp2040.S.obj
 .debug_info    0x00015d81      0x25f CMakeFiles/uartpins.dir/home/adarsh/pi/pico/pico-sdk/src/rp2_common/pico_float/float_init_rom_rp2040.c.obj
 .debug_info    0x00015fe0       0x23 CMakeFiles/uartpins.dir/home/adarsh/pi/pico/pico-sdk/src/rp2_common/pico_float/float_v1_rom_shim_rp2040.S.obj
 .debug_info    0x00016003       0x23 CMakeFiles/uartpins.dir/home/adarsh/pi/pico/pico-sdk/src/rp2_common/pico_mem_ops/mem_ops_aeabi.S.obj
 .debug_info    0x00016026      0x25e CMakeFiles/uartpins.dir/home/adarsh/pi/pico/pico-sdk/src/rp2_common/pico_standard_binary_info/standard_binary_info.c.obj
 .debug_info    0x00016284     0x2102 CMakeFiles/uartpins.dir/home/adarsh/pi/pico/pico-sdk/src/rp2_common/pico_printf/printf.c.obj
 .debug_info    0x00018386       0x23 CMakeFiles/uartpins.dir/home/adarsh/pi/pico/pico-sdk/src/rp2_common/pico_crt0/crt0.S.obj
 .debug_info    0x000183a9      0xb54 CMakeFiles/uartpins.dir/home/adarsh/pi/pico/pico-sdk/src/rp2_common/pico_clib_interface/newlib_interface.c.obj
 .debug_info    0x00018efd     0x1ca1 CMakeFiles/uartpins.dir/home/adarsh/pi/pico/pico-sdk/src/rp2_common/pico_stdio/stdio.c.obj
 .debug_info    0x0001ab9e     0x14da CMakeFiles/uartpins.dir/home/adarsh/pi/pico/pico-sdk/src/rp2_common/pico_stdio_uart/stdio_uart.c.obj
 .debug_info    0x0001c078       0x3c /usr/lib/gcc/arm-none-eabi/13.2.1/thumb/v6-m/nofp/libgcc.a(_dvmd_tls.o)
 .debug_info    0x0001c0b4      0x11e /usr/lib/gcc/arm-none-eabi/13.2.1/../../../arm-none-eabi/lib/thumb/v6-m/nofp/libg.a(libc_a-atexit.o)
 .debug_info    0x0001c1d2       0xeb /usr/lib/gcc/arm-none-eabi/13.2.1/../../../arm-none-eabi/lib/thumb/v6-m/nofp/libg.a(libc_a-strlen-stub.o)
 .debug_info    0x0001c2bd       0xf7 /usr/lib/gcc/arm-none-eabi/13.2.1/../../../arm-none-eabi/lib/thumb/v6-m/nofp/libg.a(libc_a-fini.o)
 .debug_info    0x0001c3b4      0x1fd /usr/lib/gcc/arm-none-eabi/13.2.1/../../../arm-none-eabi/lib/thumb/v6-m/nofp/libg.a(libc_a-__atexit.o)
 .debug_info    0x0001c5b1      0x284 /usr/lib/gcc/arm-none-eabi/13.2.1/../../../arm-none-eabi/lib/thumb/v6-m/nofp/libg.a(libc_a-__call_atexit.o)

.debug_abbrev   0x00000000     0x57f8
 .debug_abbrev  0x00000000      0x2c1 CMakeFiles/uartpins.dir/uartpins.c.obj
 .debug_abbrev  0x000002c1      0x4f9 CMakeFiles/uartpins.dir/home/adarsh/pi/pico/pico-sdk/src/rp2_common/hardware_gpio/gpio.c.obj
 .debug_abbrev  0x000007ba      0x12b CMakeFiles/uartpins.dir/home/adarsh/pi/pico/pico-sdk/src/rp2_common/pico_platform_panic/panic.c.obj
 .debug_abbrev  0x000008e5      0x33b CMakeFiles/uartpins.dir/home/adarsh/pi/pico/pico-sdk/src/common/hardware_claim/claim.c.obj
 .debug_abbrev  0x00000c20      0x20d CMakeFiles/uartpins.dir/home/adarsh/pi/pico/pico-sdk/src/rp2_common/hardware_sync/sync.c.obj
 .debug_abbrev  0x00000e2d      0x1bb CMakeFiles/uartpins.dir/home/adarsh/pi/pico/pico-sdk/src/rp2_common/hardware_sync_spin_lock/sync_spin_lock.c.obj
 .debug_abbrev  0x00000fe8      0x5ff CMakeFiles/uartpins.dir/home/adarsh/pi/pico/pico-sdk/src/rp2_common/hardware_irq/irq.c.obj
 .debug_abbrev  0x000015e7       0xee CMakeFiles/uartpins.dir/home/adarsh/pi/pico/pico-sdk/src/common/pico_sync/lock_core.c.obj
 .debug_abbrev  0x000016d5      0x48c CMakeFiles/uartpins.dir/home/adarsh/pi/pico/pico-sdk/src/common/pico_sync/mutex.c.obj
 .debug_abbrev  0x00001b61      0x672 CMakeFiles/uartpins.dir/home/adarsh/pi/pico/pico-sdk/src/common/pico_time/time.c.obj
 .debug_abbrev  0x000021d3      0x503 CMakeFiles/uartpins.dir/home/adarsh/pi/pico/pico-sdk/src/rp2_common/hardware_timer/timer.c.obj
 .debug_abbrev  0x000026d6      0x365 CMakeFiles/uartpins.dir/home/adarsh/pi/pico/pico-sdk/src/rp2_common/hardware_uart/uart.c.obj
 .debug_abbrev  0x00002a3b      0x4e2 CMakeFiles/uartpins.dir/home/adarsh/pi/pico/pico-sdk/src/rp2_common/hardware_clocks/clocks.c.obj
 .debug_abbrev  0x00002f1d      0x1d2 CMakeFiles/uartpins.dir/home/adarsh/pi/pico/pico-sdk/src/rp2_common/hardware_pll/pll.c.obj
 .debug_abbrev  0x000030ef      0x145 CMakeFiles/uartpins.dir/home/adarsh/pi/pico/pico-sdk/src/rp2_common/hardware_ticks/ticks.c.obj
 .debug_abbrev  0x00003234      0x11b CMakeFiles/uartpins.dir/home/adarsh/pi/pico/pico-sdk/src/rp2_common/hardware_xosc/xosc.c.obj
 .debug_abbrev  0x0000334f      0x182 CMakeFiles/uartpins.dir/home/adarsh/pi/pico/pico-sdk/src/rp2_common/pico_runtime/runtime.c.obj
 .debug_abbrev  0x000034d1      0x222 CMakeFiles/uartpins.dir/home/adarsh/pi/pico/pico-sdk/src/rp2_common/pico_runtime_init/runtime_init.c.obj
 .debug_abbrev  0x000036f3      0x294 CMakeFiles/uartpins.dir/home/adarsh/pi/pico/pico-sdk/src/rp2_common/pico_runtime_init/runtime_init_clocks.c.obj
 .debug_abbrev  0x00003987       0x12 CMakeFiles/uartpins.dir/home/adarsh/pi/pico/pico-sdk/src/rp2_common/pico_bit_ops/bit_ops_aeabi.S.obj
 .debug_abbrev  0x00003999      0x1b9 CMakeFiles/uartpins.dir/home/adarsh/pi/pico/pico-sdk/src/rp2_common/pico_bootrom/bootrom.c.obj
 .debug_abbrev  0x00003b52       0x12 CMakeFiles/uartpins.dir/home/adarsh/pi/pico/pico-sdk/src/rp2_common/pico_divider/divider_hardware.S.obj
 .debug_abbrev  0x00003b64       0x12 CMakeFiles/uartpins.dir/home/adarsh/pi/pico/pico-sdk/src/rp2_common/pico_double/double_aeabi_rp2040.S.obj
 .debug_abbrev  0x00003b76      0x17a CMakeFiles/uartpins.dir/home/adarsh/pi/pico/pico-sdk/src/rp2_common/pico_double/double_init_rom_rp2040.c.obj
 .debug_abbrev  0x00003cf0       0x12 CMakeFiles/uartpins.dir/home/adarsh/pi/pico/pico-sdk/src/rp2_common/pico_double/double_v1_rom_shim_rp2040.S.obj
 .debug_abbrev  0x00003d02       0x12 CMakeFiles/uartpins.dir/home/adarsh/pi/pico/pico-sdk/src/rp2_common/pico_float/float_aeabi_rp2040.S.obj
 .debug_abbrev  0x00003d14      0x173 CMakeFiles/uartpins.dir/home/adarsh/pi/pico/pico-sdk/src/rp2_common/pico_float/float_init_rom_rp2040.c.obj
 .debug_abbrev  0x00003e87       0x12 CMakeFiles/uartpins.dir/home/adarsh/pi/pico/pico-sdk/src/rp2_common/pico_float/float_v1_rom_shim_rp2040.S.obj
 .debug_abbrev  0x00003e99       0x12 CMakeFiles/uartpins.dir/home/adarsh/pi/pico/pico-sdk/src/rp2_common/pico_mem_ops/mem_ops_aeabi.S.obj
 .debug_abbrev  0x00003eab       0xb8 CMakeFiles/uartpins.dir/home/adarsh/pi/pico/pico-sdk/src/rp2_common/pico_standard_binary_info/standard_binary_info.c.obj
 .debug_abbrev  0x00003f63      0x525 CMakeFiles/uartpins.dir/home/adarsh/pi/pico/pico-sdk/src/rp2_common/pico_printf/printf.c.obj
 .debug_abbrev  0x00004488       0x12 CMakeFiles/uartpins.dir/home/adarsh/pi/pico/pico-sdk/src/rp2_common/pico_crt0/crt0.S.obj
 .debug_abbrev  0x0000449a      0x352 CMakeFiles/uartpins.dir/home/adarsh/pi/pico/pico-sdk/src/rp2_common/pico_clib_interface/newlib_interface.c.obj
 .debug_abbrev  0x000047ec      0x5eb CMakeFiles/uartpins.dir/home/adarsh/pi/pico/pico-sdk/src/rp2_common/pico_stdio/stdio.c.obj
 .debug_abbrev  0x00004dd7      0x4b3 CMakeFiles/uartpins.dir/home/adarsh/pi/pico/pico-sdk/src/rp2_common/pico_stdio_uart/stdio_uart.c.obj
 .debug_abbrev  0x0000528a       0x26 /usr/lib/gcc/arm-none-eabi/13.2.1/thumb/v6-m/nofp/libgcc.a(_dvmd_tls.o)
 .debug_abbrev  0x000052b0       0xbe /usr/lib/gcc/arm-none-eabi/13.2.1/../../../arm-none-eabi/lib/thumb/v6-m/nofp/libg.a(libc_a-atexit.o)
 .debug_abbrev  0x0000536e       0x90 /usr/lib/gcc/arm-none-eabi/13.2.1/../../../arm-none-eabi/lib/thumb/v6-m/nofp/libg.a(libc_a-strlen-stub.o)
 .debug_abbrev  0x000053fe       0xc9 /usr/lib/gcc/arm-none-eabi/13.2.1/../../../arm-none-eabi/lib/thumb/v6-m/nofp/libg.a(libc_a-fini.o)
 .debug_abbrev  0x000054c7      0x157 /usr/lib/gcc/arm-none-eabi/13.2.1/../../../arm-none-eabi/lib/thumb/v6-m/nofp/libg.a(libc_a-__atexit.o)
 .debug_abbrev  0x0000561e      0x1da /usr/lib/gcc/arm-none-eabi/13.2.1/../../../arm-none-eabi/lib/thumb/v6-m/nofp/libg.a(libc_a-__call_atexit.o)

.debug_loclists
                0x00000000    0x10531
 .debug_loclists
                0x00000000      0x146 CMakeFiles/uartpins.dir/uartpins.c.obj
 .debug_loclists
                0x00000146     0x1a03 CMakeFiles/uartpins.dir/home/adarsh/pi/pico/pico-sdk/src/rp2_common/hardware_gpio/gpio.c.obj
 .debug_loclists
                0x00001b49      0x36e CMakeFiles/uartpins.dir/home/adarsh/pi/pico/pico-sdk/src/common/hardware_claim/claim.c.obj
 .debug_loclists
                0x00001eb7       0xf1 CMakeFiles/uartpins.dir/home/adarsh/pi/pico/pico-sdk/src/rp2_common/hardware_sync/sync.c.obj
 .debug_loclists
                0x00001fa8       0x7d CMakeFiles/uartpins.dir/home/adarsh/pi/pico/pico-sdk/src/rp2_common/hardware_sync_spin_lock/sync_spin_lock.c.obj
 .debug_loclists
                0x00002025     0x116f CMakeFiles/uartpins.dir/home/adarsh/pi/pico/pico-sdk/src/rp2_common/hardware_irq/irq.c.obj
 .debug_loclists
                0x00003194       0x41 CMakeFiles/uartpins.dir/home/adarsh/pi/pico/pico-sdk/src/common/pico_sync/lock_core.c.obj
 .debug_loclists
                0x000031d5      0xafa CMakeFiles/uartpins.dir/home/adarsh/pi/pico/pico-sdk/src/common/pico_sync/mutex.c.obj
 .debug_loclists
                0x00003ccf     0x2594 CMakeFiles/uartpins.dir/home/adarsh/pi/pico/pico-sdk/src/common/pico_time/time.c.obj
 .debug_loclists
                0x00006263     0x19e4 CMakeFiles/uartpins.dir/home/adarsh/pi/pico/pico-sdk/src/rp2_common/hardware_timer/timer.c.obj
 .debug_loclists
                0x00007c47      0xc90 CMakeFiles/uartpins.dir/home/adarsh/pi/pico/pico-sdk/src/rp2_common/hardware_uart/uart.c.obj
 .debug_loclists
                0x000088d7     0x28a5 CMakeFiles/uartpins.dir/home/adarsh/pi/pico/pico-sdk/src/rp2_common/hardware_clocks/clocks.c.obj
 .debug_loclists
                0x0000b17c      0x1e0 CMakeFiles/uartpins.dir/home/adarsh/pi/pico/pico-sdk/src/rp2_common/hardware_pll/pll.c.obj
 .debug_loclists
                0x0000b35c       0x47 CMakeFiles/uartpins.dir/home/adarsh/pi/pico/pico-sdk/src/rp2_common/hardware_ticks/ticks.c.obj
 .debug_loclists
                0x0000b3a3       0x48 CMakeFiles/uartpins.dir/home/adarsh/pi/pico/pico-sdk/src/rp2_common/hardware_xosc/xosc.c.obj
 .debug_loclists
                0x0000b3eb       0x7e CMakeFiles/uartpins.dir/home/adarsh/pi/pico/pico-sdk/src/rp2_common/pico_runtime/runtime.c.obj
 .debug_loclists
                0x0000b469       0xba CMakeFiles/uartpins.dir/home/adarsh/pi/pico/pico-sdk/src/rp2_common/pico_runtime_init/runtime_init.c.obj
 .debug_loclists
                0x0000b523       0x74 CMakeFiles/uartpins.dir/home/adarsh/pi/pico/pico-sdk/src/rp2_common/pico_runtime_init/runtime_init_clocks.c.obj
 .debug_loclists
                0x0000b597      0x2ba CMakeFiles/uartpins.dir/home/adarsh/pi/pico/pico-sdk/src/rp2_common/pico_bootrom/bootrom.c.obj
 .debug_loclists
                0x0000b851       0x3d CMakeFiles/uartpins.dir/home/adarsh/pi/pico/pico-sdk/src/rp2_common/pico_double/double_init_rom_rp2040.c.obj
 .debug_loclists
                0x0000b88e       0x59 CMakeFiles/uartpins.dir/home/adarsh/pi/pico/pico-sdk/src/rp2_common/pico_float/float_init_rom_rp2040.c.obj
 .debug_loclists
                0x0000b8e7     0x2f65 CMakeFiles/uartpins.dir/home/adarsh/pi/pico/pico-sdk/src/rp2_common/pico_printf/printf.c.obj
 .debug_loclists
                0x0000e84c      0x431 CMakeFiles/uartpins.dir/home/adarsh/pi/pico/pico-sdk/src/rp2_common/pico_clib_interface/newlib_interface.c.obj
 .debug_loclists
                0x0000ec7d      0xeab CMakeFiles/uartpins.dir/home/adarsh/pi/pico/pico-sdk/src/rp2_common/pico_stdio/stdio.c.obj
 .debug_loclists
                0x0000fb28      0x729 CMakeFiles/uartpins.dir/home/adarsh/pi/pico/pico-sdk/src/rp2_common/pico_stdio_uart/stdio_uart.c.obj
 .debug_loclists
                0x00010251       0x2b /usr/lib/gcc/arm-none-eabi/13.2.1/../../../arm-none-eabi/lib/thumb/v6-m/nofp/libg.a(libc_a-atexit.o)
 .debug_loclists
                0x0001027c       0x57 /usr/lib/gcc/arm-none-eabi/13.2.1/../../../arm-none-eabi/lib/thumb/v6-m/nofp/libg.a(libc_a-strlen-stub.o)
 .debug_loclists
                0x000102d3       0x2c /usr/lib/gcc/arm-none-eabi/13.2.1/../../../arm-none-eabi/lib/thumb/v6-m/nofp/libg.a(libc_a-fini.o)
 .debug_loclists
                0x000102ff       0xff /usr/lib/gcc/arm-none-eabi/13.2.1/../../../arm-none-eabi/lib/thumb/v6-m/nofp/libg.a(libc_a-__atexit.o)
 .debug_loclists
                0x000103fe      0x133 /usr/lib/gcc/arm-none-eabi/13.2.1/../../../arm-none-eabi/lib/thumb/v6-m/nofp/libg.a(libc_a-__call_atexit.o)

.debug_aranges  0x00000000      0xfc0
 .debug_aranges
                0x00000000       0x20 CMakeFiles/uartpins.dir/uartpins.c.obj
 .debug_aranges
                0x00000020      0x120 CMakeFiles/uartpins.dir/home/adarsh/pi/pico/pico-sdk/src/rp2_common/hardware_gpio/gpio.c.obj
 .debug_aranges
                0x00000140       0x28 CMakeFiles/uartpins.dir/home/adarsh/pi/pico/pico-sdk/src/rp2_common/pico_platform_panic/panic.c.obj
 .debug_aranges
                0x00000168       0x48 CMakeFiles/uartpins.dir/home/adarsh/pi/pico/pico-sdk/src/common/hardware_claim/claim.c.obj
 .debug_aranges
                0x000001b0       0x48 CMakeFiles/uartpins.dir/home/adarsh/pi/pico/pico-sdk/src/rp2_common/hardware_sync/sync.c.obj
 .debug_aranges
                0x000001f8       0x28 CMakeFiles/uartpins.dir/home/adarsh/pi/pico/pico-sdk/src/rp2_common/hardware_sync_spin_lock/sync_spin_lock.c.obj
 .debug_aranges
                0x00000220       0xb0 CMakeFiles/uartpins.dir/home/adarsh/pi/pico/pico-sdk/src/rp2_common/hardware_irq/irq.c.obj
 .debug_aranges
                0x000002d0       0x20 CMakeFiles/uartpins.dir/home/adarsh/pi/pico/pico-sdk/src/common/pico_sync/lock_core.c.obj
 .debug_aranges
                0x000002f0       0x98 CMakeFiles/uartpins.dir/home/adarsh/pi/pico/pico-sdk/src/common/pico_sync/mutex.c.obj
 .debug_aranges
                0x00000388       0xe0 CMakeFiles/uartpins.dir/home/adarsh/pi/pico/pico-sdk/src/common/pico_time/time.c.obj
 .debug_aranges
                0x00000468       0xf0 CMakeFiles/uartpins.dir/home/adarsh/pi/pico/pico-sdk/src/rp2_common/hardware_timer/timer.c.obj
 .debug_aranges
                0x00000558       0x58 CMakeFiles/uartpins.dir/home/adarsh/pi/pico/pico-sdk/src/rp2_common/hardware_uart/uart.c.obj
 .debug_aranges
                0x000005b0       0x90 CMakeFiles/uartpins.dir/home/adarsh/pi/pico/pico-sdk/src/rp2_common/hardware_clocks/clocks.c.obj
 .debug_aranges
                0x00000640       0x28 CMakeFiles/uartpins.dir/home/adarsh/pi/pico/pico-sdk/src/rp2_common/hardware_pll/pll.c.obj
 .debug_aranges
                0x00000668       0x30 CMakeFiles/uartpins.dir/home/adarsh/pi/pico/pico-sdk/src/rp2_common/hardware_ticks/ticks.c.obj
 .debug_aranges
                0x00000698       0x30 CMakeFiles/uartpins.dir/home/adarsh/pi/pico/pico-sdk/src/rp2_common/hardware_xosc/xosc.c.obj
 .debug_aranges
                0x000006c8       0x38 CMakeFiles/uartpins.dir/home/adarsh/pi/pico/pico-sdk/src/rp2_common/pico_runtime/runtime.c.obj
 .debug_aranges
                0x00000700       0x48 CMakeFiles/uartpins.dir/home/adarsh/pi/pico/pico-sdk/src/rp2_common/pico_runtime_init/runtime_init.c.obj
 .debug_aranges
                0x00000748       0x20 CMakeFiles/uartpins.dir/home/adarsh/pi/pico/pico-sdk/src/rp2_common/pico_runtime_init/runtime_init_clocks.c.obj
 .debug_aranges
                0x00000768       0x60 CMakeFiles/uartpins.dir/home/adarsh/pi/pico/pico-sdk/src/rp2_common/pico_bit_ops/bit_ops_aeabi.S.obj
 .debug_aranges
                0x000007c8       0x38 CMakeFiles/uartpins.dir/home/adarsh/pi/pico/pico-sdk/src/rp2_common/pico_bootrom/bootrom.c.obj
 .debug_aranges
                0x00000800       0x40 CMakeFiles/uartpins.dir/home/adarsh/pi/pico/pico-sdk/src/rp2_common/pico_divider/divider_hardware.S.obj
 .debug_aranges
                0x00000840      0x140 CMakeFiles/uartpins.dir/home/adarsh/pi/pico/pico-sdk/src/rp2_common/pico_double/double_aeabi_rp2040.S.obj
 .debug_aranges
                0x00000980       0x20 CMakeFiles/uartpins.dir/home/adarsh/pi/pico/pico-sdk/src/rp2_common/pico_double/double_init_rom_rp2040.c.obj
 .debug_aranges
                0x000009a0       0xc8 CMakeFiles/uartpins.dir/home/adarsh/pi/pico/pico-sdk/src/rp2_common/pico_double/double_v1_rom_shim_rp2040.S.obj
 .debug_aranges
                0x00000a68      0x130 CMakeFiles/uartpins.dir/home/adarsh/pi/pico/pico-sdk/src/rp2_common/pico_float/float_aeabi_rp2040.S.obj
 .debug_aranges
                0x00000b98       0x20 CMakeFiles/uartpins.dir/home/adarsh/pi/pico/pico-sdk/src/rp2_common/pico_float/float_init_rom_rp2040.c.obj
 .debug_aranges
                0x00000bb8       0x50 CMakeFiles/uartpins.dir/home/adarsh/pi/pico/pico-sdk/src/rp2_common/pico_float/float_v1_rom_shim_rp2040.S.obj
 .debug_aranges
                0x00000c08       0x38 CMakeFiles/uartpins.dir/home/adarsh/pi/pico/pico-sdk/src/rp2_common/pico_mem_ops/mem_ops_aeabi.S.obj
 .debug_aranges
                0x00000c40       0x18 CMakeFiles/uartpins.dir/home/adarsh/pi/pico/pico-sdk/src/rp2_common/pico_standard_binary_info/standard_binary_info.c.obj
 .debug_aranges
                0x00000c58       0x90 CMakeFiles/uartpins.dir/home/adarsh/pi/pico/pico-sdk/src/rp2_common/pico_printf/printf.c.obj
 .debug_aranges
                0x00000ce8       0x28 CMakeFiles/uartpins.dir/home/adarsh/pi/pico/pico-sdk/src/rp2_common/pico_crt0/crt0.S.obj
 .debug_aranges
                0x00000d10       0xa0 CMakeFiles/uartpins.dir/home/adarsh/pi/pico/pico-sdk/src/rp2_common/pico_clib_interface/newlib_interface.c.obj
 .debug_aranges
                0x00000db0       0xc8 CMakeFiles/uartpins.dir/home/adarsh/pi/pico/pico-sdk/src/rp2_common/pico_stdio/stdio.c.obj
 .debug_aranges
                0x00000e78       0x80 CMakeFiles/uartpins.dir/home/adarsh/pi/pico/pico-sdk/src/rp2_common/pico_stdio_uart/stdio_uart.c.obj
 .debug_aranges
                0x00000ef8       0x20 /usr/lib/gcc/arm-none-eabi/13.2.1/thumb/v6-m/nofp/libgcc.a(_dvmd_tls.o)
 .debug_aranges
                0x00000f18       0x20 /usr/lib/gcc/arm-none-eabi/13.2.1/../../../arm-none-eabi/lib/thumb/v6-m/nofp/libg.a(libc_a-atexit.o)
 .debug_aranges
                0x00000f38       0x20 /usr/lib/gcc/arm-none-eabi/13.2.1/../../../arm-none-eabi/lib/thumb/v6-m/nofp/libg.a(libc_a-strlen-stub.o)
 .debug_aranges
                0x00000f58       0x20 /usr/lib/gcc/arm-none-eabi/13.2.1/../../../arm-none-eabi/lib/thumb/v6-m/nofp/libg.a(libc_a-fini.o)
 .debug_aranges
                0x00000f78       0x20 /usr/lib/gcc/arm-none-eabi/13.2.1/../../../arm-none-eabi/lib/thumb/v6-m/nofp/libg.a(libc_a-__atexit.o)
 .debug_aranges
                0x00000f98       0x28 /usr/lib/gcc/arm-none-eabi/13.2.1/../../../arm-none-eabi/lib/thumb/v6-m/nofp/libg.a(libc_a-__call_atexit.o)

.debug_rnglists
                0x00000000     0x2cd3
 .debug_rnglists
                0x00000000       0x67 CMakeFiles/uartpins.dir/uartpins.c.obj
 .debug_rnglists
                0x00000067      0x5c7 CMakeFiles/uartpins.dir/home/adarsh/pi/pico/pico-sdk/src/rp2_common/hardware_gpio/gpio.c.obj
 .debug_rnglists
                0x0000062e       0x19 CMakeFiles/uartpins.dir/home/adarsh/pi/pico/pico-sdk/src/rp2_common/pico_platform_panic/panic.c.obj
 .debug_rnglists
                0x00000647       0xc5 CMakeFiles/uartpins.dir/home/adarsh/pi/pico/pico-sdk/src/common/hardware_claim/claim.c.obj
 .debug_rnglists
                0x0000070c       0x67 CMakeFiles/uartpins.dir/home/adarsh/pi/pico/pico-sdk/src/rp2_common/hardware_sync/sync.c.obj
 .debug_rnglists
                0x00000773       0x3d CMakeFiles/uartpins.dir/home/adarsh/pi/pico/pico-sdk/src/rp2_common/hardware_sync_spin_lock/sync_spin_lock.c.obj
 .debug_rnglists
                0x000007b0      0x355 CMakeFiles/uartpins.dir/home/adarsh/pi/pico/pico-sdk/src/rp2_common/hardware_irq/irq.c.obj
 .debug_rnglists
                0x00000b05       0x1f CMakeFiles/uartpins.dir/home/adarsh/pi/pico/pico-sdk/src/common/pico_sync/lock_core.c.obj
 .debug_rnglists
                0x00000b24      0x32c CMakeFiles/uartpins.dir/home/adarsh/pi/pico/pico-sdk/src/common/pico_sync/mutex.c.obj
 .debug_rnglists
                0x00000e50      0x795 CMakeFiles/uartpins.dir/home/adarsh/pi/pico/pico-sdk/src/common/pico_time/time.c.obj
 .debug_rnglists
                0x000015e5      0x2c9 CMakeFiles/uartpins.dir/home/adarsh/pi/pico/pico-sdk/src/rp2_common/hardware_timer/timer.c.obj
 .debug_rnglists
                0x000018ae      0x259 CMakeFiles/uartpins.dir/home/adarsh/pi/pico/pico-sdk/src/rp2_common/hardware_uart/uart.c.obj
 .debug_rnglists
                0x00001b07      0x4ad CMakeFiles/uartpins.dir/home/adarsh/pi/pico/pico-sdk/src/rp2_common/hardware_clocks/clocks.c.obj
 .debug_rnglists
                0x00001fb4       0x5c CMakeFiles/uartpins.dir/home/adarsh/pi/pico/pico-sdk/src/rp2_common/hardware_pll/pll.c.obj
 .debug_rnglists
                0x00002010       0x2b CMakeFiles/uartpins.dir/home/adarsh/pi/pico/pico-sdk/src/rp2_common/hardware_ticks/ticks.c.obj
 .debug_rnglists
                0x0000203b       0x2b CMakeFiles/uartpins.dir/home/adarsh/pi/pico/pico-sdk/src/rp2_common/hardware_xosc/xosc.c.obj
 .debug_rnglists
                0x00002066       0x3d CMakeFiles/uartpins.dir/home/adarsh/pi/pico/pico-sdk/src/rp2_common/pico_runtime/runtime.c.obj
 .debug_rnglists
                0x000020a3       0x49 CMakeFiles/uartpins.dir/home/adarsh/pi/pico/pico-sdk/src/rp2_common/pico_runtime_init/runtime_init.c.obj
 .debug_rnglists
                0x000020ec       0x20 CMakeFiles/uartpins.dir/home/adarsh/pi/pico/pico-sdk/src/rp2_common/pico_runtime_init/runtime_init_clocks.c.obj
 .debug_rnglists
                0x0000210c       0x43 CMakeFiles/uartpins.dir/home/adarsh/pi/pico/pico-sdk/src/rp2_common/pico_bit_ops/bit_ops_aeabi.S.obj
 .debug_rnglists
                0x0000214f       0xdc CMakeFiles/uartpins.dir/home/adarsh/pi/pico/pico-sdk/src/rp2_common/pico_bootrom/bootrom.c.obj
 .debug_rnglists
                0x0000222b       0x2c CMakeFiles/uartpins.dir/home/adarsh/pi/pico/pico-sdk/src/rp2_common/pico_divider/divider_hardware.S.obj
 .debug_rnglists
                0x00002257       0xed CMakeFiles/uartpins.dir/home/adarsh/pi/pico/pico-sdk/src/rp2_common/pico_double/double_aeabi_rp2040.S.obj
 .debug_rnglists
                0x00002344       0x14 CMakeFiles/uartpins.dir/home/adarsh/pi/pico/pico-sdk/src/rp2_common/pico_double/double_init_rom_rp2040.c.obj
 .debug_rnglists
                0x00002358       0x99 CMakeFiles/uartpins.dir/home/adarsh/pi/pico/pico-sdk/src/rp2_common/pico_double/double_v1_rom_shim_rp2040.S.obj
 .debug_rnglists
                0x000023f1       0xdf CMakeFiles/uartpins.dir/home/adarsh/pi/pico/pico-sdk/src/rp2_common/pico_float/float_aeabi_rp2040.S.obj
 .debug_rnglists
                0x000024d0       0x13 CMakeFiles/uartpins.dir/home/adarsh/pi/pico/pico-sdk/src/rp2_common/pico_float/float_init_rom_rp2040.c.obj
 .debug_rnglists
                0x000024e3       0x38 CMakeFiles/uartpins.dir/home/adarsh/pi/pico/pico-sdk/src/rp2_common/pico_float/float_v1_rom_shim_rp2040.S.obj
 .debug_rnglists
                0x0000251b       0x25 CMakeFiles/uartpins.dir/home/adarsh/pi/pico/pico-sdk/src/rp2_common/pico_mem_ops/mem_ops_aeabi.S.obj
 .debug_rnglists
                0x00002540      0x27c CMakeFiles/uartpins.dir/home/adarsh/pi/pico/pico-sdk/src/rp2_common/pico_printf/printf.c.obj
 .debug_rnglists
                0x000027bc       0x1b CMakeFiles/uartpins.dir/home/adarsh/pi/pico/pico-sdk/src/rp2_common/pico_crt0/crt0.S.obj
 .debug_rnglists
                0x000027d7       0x7f CMakeFiles/uartpins.dir/home/adarsh/pi/pico/pico-sdk/src/rp2_common/pico_clib_interface/newlib_interface.c.obj
 .debug_rnglists
                0x00002856      0x297 CMakeFiles/uartpins.dir/home/adarsh/pi/pico/pico-sdk/src/rp2_common/pico_stdio/stdio.c.obj
 .debug_rnglists
                0x00002aed      0x1b6 CMakeFiles/uartpins.dir/home/adarsh/pi/pico/pico-sdk/src/rp2_common/pico_stdio_uart/stdio_uart.c.obj
 .debug_rnglists
                0x00002ca3       0x30 /usr/lib/gcc/arm-none-eabi/13.2.1/../../../arm-none-eabi/lib/thumb/v6-m/nofp/libg.a(libc_a-__call_atexit.o)

.debug_line     0x00000000    0x15fe4
 .debug_line    0x00000000      0x4a7 CMakeFiles/uartpins.dir/uartpins.c.obj
 .debug_line    0x000004a7     0x1bf2 CMakeFiles/uartpins.dir/home/adarsh/pi/pico/pico-sdk/src/rp2_common/hardware_gpio/gpio.c.obj
 .debug_line    0x00002099      0x1f5 CMakeFiles/uartpins.dir/home/adarsh/pi/pico/pico-sdk/src/rp2_common/pico_platform_panic/panic.c.obj
 .debug_line    0x0000228e      0x88b CMakeFiles/uartpins.dir/home/adarsh/pi/pico/pico-sdk/src/common/hardware_claim/claim.c.obj
 .debug_line    0x00002b19      0x437 CMakeFiles/uartpins.dir/home/adarsh/pi/pico/pico-sdk/src/rp2_common/hardware_sync/sync.c.obj
 .debug_line    0x00002f50      0x324 CMakeFiles/uartpins.dir/home/adarsh/pi/pico/pico-sdk/src/rp2_common/hardware_sync_spin_lock/sync_spin_lock.c.obj
 .debug_line    0x00003274     0x1667 CMakeFiles/uartpins.dir/home/adarsh/pi/pico/pico-sdk/src/rp2_common/hardware_irq/irq.c.obj
 .debug_line    0x000048db      0x24f CMakeFiles/uartpins.dir/home/adarsh/pi/pico/pico-sdk/src/common/pico_sync/lock_core.c.obj
 .debug_line    0x00004b2a     0x1a79 CMakeFiles/uartpins.dir/home/adarsh/pi/pico/pico-sdk/src/common/pico_sync/mutex.c.obj
 .debug_line    0x000065a3     0x3156 CMakeFiles/uartpins.dir/home/adarsh/pi/pico/pico-sdk/src/common/pico_time/time.c.obj
 .debug_line    0x000096f9     0x1c69 CMakeFiles/uartpins.dir/home/adarsh/pi/pico/pico-sdk/src/rp2_common/hardware_timer/timer.c.obj
 .debug_line    0x0000b362      0xefa CMakeFiles/uartpins.dir/home/adarsh/pi/pico/pico-sdk/src/rp2_common/hardware_uart/uart.c.obj
 .debug_line    0x0000c25c     0x1d54 CMakeFiles/uartpins.dir/home/adarsh/pi/pico/pico-sdk/src/rp2_common/hardware_clocks/clocks.c.obj
 .debug_line    0x0000dfb0      0x460 CMakeFiles/uartpins.dir/home/adarsh/pi/pico/pico-sdk/src/rp2_common/hardware_pll/pll.c.obj
 .debug_line    0x0000e410      0x2ae CMakeFiles/uartpins.dir/home/adarsh/pi/pico/pico-sdk/src/rp2_common/hardware_ticks/ticks.c.obj
 .debug_line    0x0000e6be      0x2c7 CMakeFiles/uartpins.dir/home/adarsh/pi/pico/pico-sdk/src/rp2_common/hardware_xosc/xosc.c.obj
 .debug_line    0x0000e985      0x288 CMakeFiles/uartpins.dir/home/adarsh/pi/pico/pico-sdk/src/rp2_common/pico_runtime/runtime.c.obj
 .debug_line    0x0000ec0d      0x4a2 CMakeFiles/uartpins.dir/home/adarsh/pi/pico/pico-sdk/src/rp2_common/pico_runtime_init/runtime_init.c.obj
 .debug_line    0x0000f0af      0x4b8 CMakeFiles/uartpins.dir/home/adarsh/pi/pico/pico-sdk/src/rp2_common/pico_runtime_init/runtime_init_clocks.c.obj
 .debug_line    0x0000f567      0x107 CMakeFiles/uartpins.dir/home/adarsh/pi/pico/pico-sdk/src/rp2_common/pico_bit_ops/bit_ops_aeabi.S.obj
 .debug_line    0x0000f66e      0x352 CMakeFiles/uartpins.dir/home/adarsh/pi/pico/pico-sdk/src/rp2_common/pico_bootrom/bootrom.c.obj
 .debug_line    0x0000f9c0      0x2a9 CMakeFiles/uartpins.dir/home/adarsh/pi/pico/pico-sdk/src/rp2_common/pico_divider/divider_hardware.S.obj
 .debug_line    0x0000fc69      0x3f8 CMakeFiles/uartpins.dir/home/adarsh/pi/pico/pico-sdk/src/rp2_common/pico_double/double_aeabi_rp2040.S.obj
 .debug_line    0x00010061      0x3e8 CMakeFiles/uartpins.dir/home/adarsh/pi/pico/pico-sdk/src/rp2_common/pico_double/double_init_rom_rp2040.c.obj
 .debug_line    0x00010449      0x66d CMakeFiles/uartpins.dir/home/adarsh/pi/pico/pico-sdk/src/rp2_common/pico_double/double_v1_rom_shim_rp2040.S.obj
 .debug_line    0x00010ab6      0x3b4 CMakeFiles/uartpins.dir/home/adarsh/pi/pico/pico-sdk/src/rp2_common/pico_float/float_aeabi_rp2040.S.obj
 .debug_line    0x00010e6a      0x2fd CMakeFiles/uartpins.dir/home/adarsh/pi/pico/pico-sdk/src/rp2_common/pico_float/float_init_rom_rp2040.c.obj
 .debug_line    0x00011167      0x195 CMakeFiles/uartpins.dir/home/adarsh/pi/pico/pico-sdk/src/rp2_common/pico_float/float_v1_rom_shim_rp2040.S.obj
 .debug_line    0x000112fc       0x94 CMakeFiles/uartpins.dir/home/adarsh/pi/pico/pico-sdk/src/rp2_common/pico_mem_ops/mem_ops_aeabi.S.obj
 .debug_line    0x00011390      0x169 CMakeFiles/uartpins.dir/home/adarsh/pi/pico/pico-sdk/src/rp2_common/pico_standard_binary_info/standard_binary_info.c.obj
 .debug_line    0x000114f9     0x1a82 CMakeFiles/uartpins.dir/home/adarsh/pi/pico/pico-sdk/src/rp2_common/pico_printf/printf.c.obj
 .debug_line    0x00012f7b       0xa4 CMakeFiles/uartpins.dir/home/adarsh/pi/pico/pico-sdk/src/rp2_common/pico_crt0/crt0.S.obj
 .debug_line    0x0001301f      0x7b6 CMakeFiles/uartpins.dir/home/adarsh/pi/pico/pico-sdk/src/rp2_common/pico_clib_interface/newlib_interface.c.obj
 .debug_line    0x000137d5     0x13a0 CMakeFiles/uartpins.dir/home/adarsh/pi/pico/pico-sdk/src/rp2_common/pico_stdio/stdio.c.obj
 .debug_line    0x00014b75      0xd03 CMakeFiles/uartpins.dir/home/adarsh/pi/pico/pico-sdk/src/rp2_common/pico_stdio_uart/stdio_uart.c.obj
 .debug_line    0x00015878       0x4a /usr/lib/gcc/arm-none-eabi/13.2.1/thumb/v6-m/nofp/libgcc.a(_dvmd_tls.o)
 .debug_line    0x000158c2       0xc6 /usr/lib/gcc/arm-none-eabi/13.2.1/../../../arm-none-eabi/lib/thumb/v6-m/nofp/libg.a(libc_a-atexit.o)
 .debug_line    0x00015988      0x1aa /usr/lib/gcc/arm-none-eabi/13.2.1/../../../arm-none-eabi/lib/thumb/v6-m/nofp/libg.a(libc_a-strlen-stub.o)
 .debug_line    0x00015b32       0xd1 /usr/lib/gcc/arm-none-eabi/13.2.1/../../../arm-none-eabi/lib/thumb/v6-m/nofp/libg.a(libc_a-fini.o)
 .debug_line    0x00015c03      0x163 /usr/lib/gcc/arm-none-eabi/13.2.1/../../../arm-none-eabi/lib/thumb/v6-m/nofp/libg.a(libc_a-__atexit.o)
 .debug_line    0x00015d66      0x27e /usr/lib/gcc/arm-none-eabi/13.2.1/../../../arm-none-eabi/lib/thumb/v6-m/nofp/libg.a(libc_a-__call_atexit.o)

.debug_str      0x00000000     0x4b3d
 .debug_str     0x00000000     0x4b3d CMakeFiles/uartpins.dir/uartpins.c.obj
                                0x3b7 (size before relaxing)
 .debug_str     0x00004b3d      0xc54 CMakeFiles/uartpins.dir/home/adarsh/pi/pico/pico-sdk/src/rp2_common/hardware_gpio/gpio.c.obj
 .debug_str     0x00004b3d      0x20b CMakeFiles/uartpins.dir/home/adarsh/pi/pico/pico-sdk/src/rp2_common/pico_platform_panic/panic.c.obj
 .debug_str     0x00004b3d      0x379 CMakeFiles/uartpins.dir/home/adarsh/pi/pico/pico-sdk/src/common/hardware_claim/claim.c.obj
 .debug_str     0x00004b3d      0x322 CMakeFiles/uartpins.dir/home/adarsh/pi/pico/pico-sdk/src/rp2_common/hardware_sync/sync.c.obj