Archive member included to satisfy reference by file (symbol)

/usr/lib/gcc/arm-none-eabi/13.2.1/thumb/v6-m/nofp/libgcc.a(_dvmd_tls.o)
                              CMakeFiles/blink.dir/home/adarsh/pi/pico/pico-sdk/src/rp2_common/pico_divider/divider_hardware.S.obj (__aeabi_idiv0)
/usr/lib/gcc/arm-none-eabi/13.2.1/../../../arm-none-eabi/lib/thumb/v6-m/nofp/libg.a(libc_a-calloc.o)
                              CMakeFiles/blink.dir/home/adarsh/pi/pico/pico-sdk/src/rp2_common/pico_malloc/malloc.c.obj (calloc)
/usr/lib/gcc/arm-none-eabi/13.2.1/../../../arm-none-eabi/lib/thumb/v6-m/nofp/libg.a(libc_a-impure.o)
                              /usr/lib/gcc/arm-none-eabi/13.2.1/../../../arm-none-eabi/lib/thumb/v6-m/nofp/libg.a(libc_a-calloc.o) (_impure_ptr)
/usr/lib/gcc/arm-none-eabi/13.2.1/../../../arm-none-eabi/lib/thumb/v6-m/nofp/libg.a(libc_a-callocr.o)
                              /usr/lib/gcc/arm-none-eabi/13.2.1/../../../arm-none-eabi/lib/thumb/v6-m/nofp/libg.a(libc_a-calloc.o) (_calloc_r)
/usr/lib/gcc/arm-none-eabi/13.2.1/../../../arm-none-eabi/lib/thumb/v6-m/nofp/libg.a(libc_a-realloc.o)
                              CMakeFiles/blink.dir/home/adarsh/pi/pico/pico-sdk/src/rp2_common/pico_malloc/malloc.c.obj (realloc)
/usr/lib/gcc/arm-none-eabi/13.2.1/../../../arm-none-eabi/lib/thumb/v6-m/nofp/libg.a(libc_a-mallocr.o)
                              /usr/lib/gcc/arm-none-eabi/13.2.1/../../../arm-none-eabi/lib/thumb/v6-m/nofp/libg.a(libc_a-callocr.o) (_malloc_r)
/usr/lib/gcc/arm-none-eabi/13.2.1/../../../arm-none-eabi/lib/thumb/v6-m/nofp/libg.a(libc_a-freer.o)
                              /usr/lib/gcc/arm-none-eabi/13.2.1/../../../arm-none-eabi/lib/thumb/v6-m/nofp/libg.a(libc_a-mallocr.o) (_free_r)
/usr/lib/gcc/arm-none-eabi/13.2.1/../../../arm-none-eabi/lib/thumb/v6-m/nofp/libg.a(libc_a-memcmp.o)
                              CMakeFiles/blink.dir/home/adarsh/pi/pico/pico-sdk/src/rp2_common/pico_atomic/atomic.c.obj (memcmp)
/usr/lib/gcc/arm-none-eabi/13.2.1/../../../arm-none-eabi/lib/thumb/v6-m/nofp/libg.a(libc_a-malloc.o)
                              CMakeFiles/blink.dir/home/adarsh/pi/pico/pico-sdk/src/rp2_common/pico_malloc/malloc.c.obj (malloc)
/usr/lib/gcc/arm-none-eabi/13.2.1/../../../arm-none-eabi/lib/thumb/v6-m/nofp/libg.a(libc_a-sysconf.o)
                              /usr/lib/gcc/arm-none-eabi/13.2.1/../../../arm-none-eabi/lib/thumb/v6-m/nofp/libg.a(libc_a-mallocr.o) (sysconf)
/usr/lib/gcc/arm-none-eabi/13.2.1/../../../arm-none-eabi/lib/thumb/v6-m/nofp/libg.a(libc_a-init.o)
                              /usr/lib/gcc/arm-none-eabi/13.2.1/../../../arm-none-eabi/lib/thumb/v6-m/nofp/crt0.o (__libc_init_array)
/usr/lib/gcc/arm-none-eabi/13.2.1/../../../arm-none-eabi/lib/thumb/v6-m/nofp/libg.a(libc_a-reallocr.o)
                              /usr/lib/gcc/arm-none-eabi/13.2.1/../../../arm-none-eabi/lib/thumb/v6-m/nofp/libg.a(libc_a-realloc.o) (_realloc_r)
/usr/lib/gcc/arm-none-eabi/13.2.1/../../../arm-none-eabi/lib/thumb/v6-m/nofp/libg.a(libc_a-mktime.o)
                              CMakeFiles/blink.dir/home/adarsh/pi/pico/pico-sdk/src/common/pico_util/datetime.c.obj (mktime)
/usr/lib/gcc/arm-none-eabi/13.2.1/../../../arm-none-eabi/lib/thumb/v6-m/nofp/libg.a(libc_a-mlock.o)
                              /usr/lib/gcc/arm-none-eabi/13.2.1/../../../arm-none-eabi/lib/thumb/v6-m/nofp/libg.a(libc_a-mallocr.o) (__malloc_lock)
/usr/lib/gcc/arm-none-eabi/13.2.1/../../../arm-none-eabi/lib/thumb/v6-m/nofp/libg.a(libc_a-findfp.o)
                              /usr/lib/gcc/arm-none-eabi/13.2.1/../../../arm-none-eabi/lib/thumb/v6-m/nofp/libg.a(libc_a-impure.o) (__sf)
/usr/lib/gcc/arm-none-eabi/13.2.1/../../../arm-none-eabi/lib/thumb/v6-m/nofp/libg.a(libc_a-tzlock.o)
                              /usr/lib/gcc/arm-none-eabi/13.2.1/../../../arm-none-eabi/lib/thumb/v6-m/nofp/libg.a(libc_a-mktime.o) (__tz_lock)
/usr/lib/gcc/arm-none-eabi/13.2.1/../../../arm-none-eabi/lib/thumb/v6-m/nofp/libg.a(libc_a-atexit.o)
                              /usr/lib/gcc/arm-none-eabi/13.2.1/../../../arm-none-eabi/lib/thumb/v6-m/nofp/crt0.o (atexit)
/usr/lib/gcc/arm-none-eabi/13.2.1/../../../arm-none-eabi/lib/thumb/v6-m/nofp/libg.a(libc_a-lcltime_r.o)
                              CMakeFiles/blink.dir/home/adarsh/pi/pico/pico-sdk/src/common/pico_util/datetime.c.obj (localtime_r)
/usr/lib/gcc/arm-none-eabi/13.2.1/../../../arm-none-eabi/lib/thumb/v6-m/nofp/libg.a(libc_a-strlen-stub.o)
                              CMakeFiles/blink.dir/home/adarsh/pi/pico/pico-sdk/src/rp2_common/pico_stdio/stdio.c.obj (strlen)
/usr/lib/gcc/arm-none-eabi/13.2.1/../../../arm-none-eabi/lib/thumb/v6-m/nofp/libg.a(libc_a-sbrkr.o)
                              /usr/lib/gcc/arm-none-eabi/13.2.1/../../../arm-none-eabi/lib/thumb/v6-m/nofp/libg.a(libc_a-mallocr.o) (_sbrk_r)
/usr/lib/gcc/arm-none-eabi/13.2.1/../../../arm-none-eabi/lib/thumb/v6-m/nofp/libg.a(libc_a-fini.o)
[...]
Memory Configuration

Name             Origin             Length             Attributes
FLASH            0x10000000         0x00200000         xr
RAM              0x20000000         0x00040000         xrw
SCRATCH_X        0x20040000         0x00001000         xrw
SCRATCH_Y        0x20041000         0x00001000         xrw
*default*        0x00000000         0xffffffff

Linker script and memory map

LOAD /usr/lib/gcc/arm-none-eabi/13.2.1/thumb/v6-m/nofp/crti.o
LOAD /usr/lib/gcc/arm-none-eabi/13.2.1/thumb/v6-m/nofp/crtbegin.o
LOAD /usr/lib/gcc/arm-none-eabi/13.2.1/../../../arm-none-eabi/lib/thumb/v6-m/nofp/crt0.o

.flash_begin    0x10000000        0x0
                0x10000000                        __flash_binary_start = .

.boot2          0x10000000      0x100
                0x10000000                        __boot2_start__ = .
 *(.boot2)
 .boot2         0x10000000      0x100 /tmp/cc5EM7AX.o
                0x10000100                        __boot2_end__ = .
                0x00000001                        ASSERT (((__boot2_end__ - __boot2_start__) == 0x100), ERROR: Pico second stage bootloader must be 256 bytes in size)

.text           0x10000100     0x4c50
                0x10000100                        __logical_binary_start = .
 *(.vectors)
 .vectors       0x10000100       0xd4 CMakeFiles/blink.dir/home/adarsh/pi/pico/pico-sdk/src/rp2_common/pico_crt0/crt0.S.obj
                0x10000100                __vectors
                0x10000100                __VECTOR_TABLE
                0x100001c0                isr_invalid
                0x100001c0                __default_isrs_start
                0x100001c2                isr_nmi
                0x100001c4                isr_hardfault
                0x100001c6                isr_svcall
                0x100001c8                isr_pendsv
                0x100001ca                isr_systick
                0x100001cc                isr_irq30
                0x100001cc                __unhandled_user_irq
                0x100001cc                isr_irq13
                0x100001cc                isr_irq27
                0x100001cc                isr_irq31
                0x100001cc                isr_irq5
                0x100001cc                isr_irq11
                0x100001cc                isr_irq23
                0x100001cc                isr_irq18
                0x100001cc                isr_irq28
                0x100001cc                isr_irq19
                0x100001cc                isr_irq0
                0x100001cc                isr_irq6
                0x100001cc                isr_irq22
                0x100001cc                isr_irq17
                0x100001cc                isr_irq14
                0x100001cc                isr_irq2
                0x100001cc                isr_irq10
                0x100001cc                isr_irq8
                0x100001cc                isr_irq24
                0x100001cc                isr_irq1
                0x100001cc                isr_irq7
                0x100001cc                isr_irq21
                0x100001cc                isr_irq20
                0x100001cc                isr_irq15
                0x100001cc                isr_irq25
                0x100001cc                isr_irq4
                0x100001cc                isr_irq16
                0x100001cc                isr_irq29
                0x100001cc                isr_irq26
                0x100001cc                __default_isrs_end
                0x100001cc                isr_irq3
                0x100001cc                isr_irq12
                0x100001cc                isr_irq9
                0x100001d2                unhandled_user_irq_num_in_r0
 *(.binary_info_header)
 .binary_info_header
                0x100001d4       0x14 CMakeFiles/blink.dir/home/adarsh/pi/pico/pico-sdk/src/rp2_common/pico_crt0/crt0.S.obj
                0x100001e8                        __binary_info_header_end = .
 *(.embedded_block)
                0x100001e8                        __embedded_block_end = .
 *(.reset)
 .reset         0x100001e8       0x9c CMakeFiles/blink.dir/home/adarsh/pi/pico/pico-sdk/src/rp2_common/pico_crt0/crt0.S.obj
                0x100001e8                _entry_point
 *(.init)
 .init          0x10000284        0x4 /usr/lib/gcc/arm-none-eabi/13.2.1/thumb/v6-m/nofp/crti.o
                0x10000284                _init
 *(EXCLUDE_FILE(*libm.a: *libc.a:*lib_a-mem*.o *libgcc.a:) .text*)
 .text          0x10000288       0x98 /usr/lib/gcc/arm-none-eabi/13.2.1/thumb/v6-m/nofp/crtbegin.o
 .text.vBlinkReceiverTask
                0x10000320       0x50 CMakeFiles/blink.dir/main.c.obj
                0x10000320                vBlinkReceiverTask
 .text.vBlinkSenderTask
                0x10000370       0x38 CMakeFiles/blink.dir/main.c.obj
                0x10000370                vBlinkSenderTask
 .text.startup.main
                0x100003a8       0x64 CMakeFiles/blink.dir/main.c.obj
                0x100003a8                main
 .text.gpio_init
                0x1000040c       0x40 CMakeFiles/blink.dir/home/adarsh/pi/pico/pico-sdk/src/rp2_common/hardware_gpio/gpio.c.obj
                0x1000040c                gpio_init
 .text.panic    0x1000044c       0x30 CMakeFiles/blink.dir/home/adarsh/pi/pico/pico-sdk/src/rp2_common/pico_platform_panic/panic.c.obj
                0x1000044c                panic
 .text.panic_unsupported
                0x1000047c        0xc CMakeFiles/blink.dir/home/adarsh/pi/pico/pico-sdk/src/rp2_common/pico_platform_panic/panic.c.obj
                0x1000047c                panic_unsupported
 .text.hw_claim_or_assert
                0x10000488       0x44 CMakeFiles/blink.dir/home/adarsh/pi/pico/pico-sdk/src/common/hardware_claim/claim.c.obj
                0x10000488                hw_claim_or_assert
 .text.next_striped_spin_lock_num
                0x100004cc       0x18 CMakeFiles/blink.dir/home/adarsh/pi/pico/pico-sdk/src/rp2_common/hardware_sync/sync.c.obj
                0x100004cc                next_striped_spin_lock_num
 .text.spin_lock_claim
                0x100004e4       0x18 CMakeFiles/blink.dir/home/adarsh/pi/pico/pico-sdk/src/rp2_common/hardware_sync/sync.c.obj
                0x100004e4                spin_lock_claim
 .text.spin_locks_reset
                0x100004fc       0x1c CMakeFiles/blink.dir/home/adarsh/pi/pico/pico-sdk/src/rp2_common/hardware_sync_spin_lock/sync_spin_lock.c.obj
                0x100004fc                spin_locks_reset
 .text.runtime_init_per_core_irq_priorities
                0x10000518       0x24 CMakeFiles/blink.dir/home/adarsh/pi/pico/pico-sdk/src/rp2_common/hardware_irq/irq.c.obj
                0x10000518                runtime_init_per_core_irq_priorities
 .text.irq_set_enabled
                0x1000053c       0x24 CMakeFiles/blink.dir/home/adarsh/pi/pico/pico-sdk/src/rp2_common/hardware_irq/irq.c.obj
                0x1000053c                irq_set_enabled
 .text.irq_is_enabled
                0x10000560       0x18 CMakeFiles/blink.dir/home/adarsh/pi/pico/pico-sdk/src/rp2_common/hardware_irq/irq.c.obj
                0x10000560                irq_is_enabled
 .text.irq_set_exclusive_handler
                0x10000578       0x54 CMakeFiles/blink.dir/home/adarsh/pi/pico/pico-sdk/src/rp2_common/hardware_irq/irq.c.obj
                0x10000578                irq_set_exclusive_handler
 .text.irq_set_priority
                0x100005cc       0x28 CMakeFiles/blink.dir/home/adarsh/pi/pico/pico-sdk/src/rp2_common/hardware_irq/irq.c.obj
                0x100005cc                irq_set_priority
 .text.lock_init
                0x100005f4       0x10 CMakeFiles/blink.dir/home/adarsh/pi/pico/pico-sdk/src/common/pico_sync/lock_core.c.obj
                0x100005f4                lock_init
 .text.runtime_init_mutex
                0x10000604       0x54 CMakeFiles/blink.dir/home/adarsh/pi/pico/pico-sdk/src/common/pico_sync/mutex.c.obj
                0x10000604                runtime_init_mutex
 .text.alarm_pool_irq_handler
                0x10000658      0x2e4 CMakeFiles/blink.dir/home/adarsh/pi/pico/pico-sdk/src/common/pico_time/time.c.obj
 .text.sleep_until_callback
                0x1000093c       0x24 CMakeFiles/blink.dir/home/adarsh/pi/pico/pico-sdk/src/common/pico_time/time.c.obj
 .text.runtime_init_default_alarm_pool
                0x10000960       0xdc CMakeFiles/blink.dir/home/adarsh/pi/pico/pico-sdk/src/common/pico_time/time.c.obj
                0x10000960                runtime_init_default_alarm_pool
 .text.alarm_pool_cancel_alarm
                0x10000a3c       0x74 CMakeFiles/blink.dir/home/adarsh/pi/pico/pico-sdk/src/common/pico_time/time.c.obj
                0x10000a3c                alarm_pool_cancel_alarm
 .text.best_effort_wfe_or_timeout
                0x10000ab0      0x134 CMakeFiles/blink.dir/home/adarsh/pi/pico/pico-sdk/src/common/pico_time/time.c.obj
                0x10000ab0                best_effort_wfe_or_timeout
 .text.timer_hardware_alarm_claim
                0x10000be4       0x14 CMakeFiles/blink.dir/home/adarsh/pi/pico/pico-sdk/src/rp2_common/hardware_timer/timer.c.obj
                0x10000be4                timer_hardware_alarm_claim
 .text.timer_time_us_64
                0x10000bf8       0x10 CMakeFiles/blink.dir/home/adarsh/pi/pico/pico-sdk/src/rp2_common/hardware_timer/timer.c.obj
                0x10000bf8                timer_time_us_64
 .text.time_us_64
                0x10000c08       0x14 CMakeFiles/blink.dir/home/adarsh/pi/pico/pico-sdk/src/rp2_common/hardware_timer/timer.c.obj
                0x10000c08                time_us_64
 .text.clock_configure_int_divider
                0x10000c1c       0xf4 CMakeFiles/blink.dir/home/adarsh/pi/pico/pico-sdk/src/rp2_common/hardware_clocks/clocks.c.obj
                0x10000c1c                clock_configure_int_divider
 .text.clock_configure_undivided
                0x10000d10       0xe8 CMakeFiles/blink.dir/home/adarsh/pi/pico/pico-sdk/src/rp2_common/hardware_clocks/clocks.c.obj
                0x10000d10                clock_configure_undivided
 .text.clock_get_hz
                0x10000df8        0xc CMakeFiles/blink.dir/home/adarsh/pi/pico/pico-sdk/src/rp2_common/hardware_clocks/clocks.c.obj
                0x10000df8                clock_get_hz
 .text.pll_init
                0x10000e04       0xa4 CMakeFiles/blink.dir/home/adarsh/pi/pico/pico-sdk/src/rp2_common/hardware_pll/pll.c.obj
                0x10000e04                pll_init
 .text.tick_start
                0x10000ea8       0x10 CMakeFiles/blink.dir/home/adarsh/pi/pico/pico-sdk/src/rp2_common/hardware_ticks/ticks.c.obj
                0x10000ea8                tick_start
 .text.xosc_init
                0x10000eb8       0x28 CMakeFiles/blink.dir/home/adarsh/pi/pico/pico-sdk/src/rp2_common/hardware_xosc/xosc.c.obj
                0x10000eb8                xosc_init
 .text.first_per_core_initializer
                0x10000ee0        0x4 CMakeFiles/blink.dir/home/adarsh/pi/pico/pico-sdk/src/rp2_common/pico_runtime/runtime.c.obj
 .text.hard_assertion_failure
                0x10000ee4        0xc CMakeFiles/blink.dir/home/adarsh/pi/pico/pico-sdk/src/rp2_common/pico_runtime/runtime.c.obj
                0x10000ee4                hard_assertion_failure
 .text.runtime_run_initializers
                0x10000ef0       0x28 CMakeFiles/blink.dir/home/adarsh/pi/pico/pico-sdk/src/rp2_common/pico_runtime/runtime.c.obj
                0x10000ef0                runtime_run_initializers
 .text.runtime_run_per_core_initializers
                0x10000f18       0x28 CMakeFiles/blink.dir/home/adarsh/pi/pico/pico-sdk/src/rp2_common/pico_runtime/runtime.c.obj
                0x10000f18                runtime_run_per_core_initializers
 .text.runtime_init_early_resets
                0x10000f40       0x2c CMakeFiles/blink.dir/home/adarsh/pi/pico/pico-sdk/src/rp2_common/pico_runtime_init/runtime_init.c.obj
                0x10000f40                runtime_init_early_resets
 .text.runtime_init_usb_power_down
                0x10000f6c       0x1c CMakeFiles/blink.dir/home/adarsh/pi/pico/pico-sdk/src/rp2_common/pico_runtime_init/runtime_init.c.obj
                0x10000f6c                runtime_init_usb_power_down
 .text.runtime_init_post_clock_resets
                0x10000f88       0x20 CMakeFiles/blink.dir/home/adarsh/pi/pico/pico-sdk/src/rp2_common/pico_runtime_init/runtime_init.c.obj
                0x10000f88                runtime_init_post_clock_resets
 .text.runtime_init_rp2040_gpio_ie_disable
                0x10000fa8       0x14 CMakeFiles/blink.dir/home/adarsh/pi/pico/pico-sdk/src/rp2_common/pico_runtime_init/runtime_init.c.obj
                0x10000fa8                runtime_init_rp2040_gpio_ie_disable
 .text.runtime_init_spin_locks_reset
                0x10000fbc        0x8 CMakeFiles/blink.dir/home/adarsh/pi/pico/pico-sdk/src/rp2_common/pico_runtime_init/runtime_init.c.obj
                0x10000fbc                runtime_init_spin_locks_reset
 .text.runtime_init_install_ram_vector_table
                0x10000fc4       0x1c CMakeFiles/blink.dir/home/adarsh/pi/pico/pico-sdk/src/rp2_common/pico_runtime_init/runtime_init.c.obj
                0x10000fc4                runtime_init_install_ram_vector_table
 .text.runtime_init_clocks
                0x10000fe0       0xd8 CMakeFiles/blink.dir/home/adarsh/pi/pico/pico-sdk/src/rp2_common/pico_runtime_init/runtime_init_clocks.c.obj
                0x10000fe0                runtime_init_clocks
 .text          0x100010b8       0x10 CMakeFiles/blink.dir/home/adarsh/pi/pico/pico-sdk/src/rp2_common/pico_bit_ops/bit_ops_aeabi.S.obj
 .text.clzsi    0x100010c8        0xc CMakeFiles/blink.dir/home/adarsh/pi/pico/pico-sdk/src/rp2_common/pico_bit_ops/bit_ops_aeabi.S.obj
                0x100010c8                __wrap___clz
                0x100010c8                __wrap___clzsi2
                0x100010c8                __wrap___clzl
 .text.rom_func_lookup
                0x100010d4       0x10 CMakeFiles/blink.dir/home/adarsh/pi/pico/pico-sdk/src/rp2_common/pico_bootrom/bootrom.c.obj
                0x100010d4                rom_func_lookup
 .text.rom_data_lookup
                0x100010e4       0x10 CMakeFiles/blink.dir/home/adarsh/pi/pico/pico-sdk/src/rp2_common/pico_bootrom/bootrom.c.obj
                0x100010e4                rom_data_lookup
 .text.rom_funcs_lookup
                0x100010f4       0x44 CMakeFiles/blink.dir/home/adarsh/pi/pico/pico-sdk/src/rp2_common/pico_bootrom/bootrom.c.obj
                0x100010f4                rom_funcs_lookup
 .text.__wrap___aeabi_uidiv
                0x10001138       0x4c CMakeFiles/blink.dir/home/adarsh/pi/pico/pico-sdk/src/rp2_common/pico_divider/divider_hardware.S.obj
                0x10001138                __wrap___aeabi_uidiv
                0x10001138                __wrap___aeabi_uidivmod
                0x10001138                div_u32u32
                0x10001138                divmod_u32u32
                0x10001140                divmod_u32u32_unsafe
                0x10001168                divmod_u32u32_savestate
 .text.__wrap___aeabi_ldiv
                0x10001184      0x424 CMakeFiles/blink.dir/home/adarsh/pi/pico/pico-sdk/src/rp2_common/pico_divider/divider_hardware.S.obj
                0x10001184                div_s64s64
                0x10001184                divmod_s64s64
                0x10001184                __wrap___aeabi_ldivmod
                0x100011b4                div_u64u64
                0x100011b4                divmod_u64u64
                0x100011b4                __wrap___aeabi_uldivmod
                0x100011c4                divmod_u64u64_savestate
                0x100011e4                divmod_s64s64_unsafe
                0x1000126c                divmod_u64u64_unsafe
 .text.__aeabi_double_init
                0x100015a8       0xa4 CMakeFiles/blink.dir/home/adarsh/pi/pico/pico-sdk/src/rp2_common/pico_double/double_init_rom_rp2040.c.obj
                0x100015a8                __aeabi_double_init
 .text.double_table_shim_on_use_helper
                0x1000164c       0x2c CMakeFiles/blink.dir/home/adarsh/pi/pico/pico-sdk/src/rp2_common/pico_double/double_v1_rom_shim_rp2040.S.obj
                0x1000164c                double_table_shim_on_use_helper
 .text.__aeabi_float_init
                0x10001678       0x64 CMakeFiles/blink.dir/home/adarsh/pi/pico/pico-sdk/src/rp2_common/pico_float/float_init_rom_rp2040.c.obj
                0x10001678                __aeabi_float_init
 .text.float_table_shim_on_use_helper
                0x100016dc       0x2c CMakeFiles/blink.dir/home/adarsh/pi/pico/pico-sdk/src/rp2_common/pico_float/float_v1_rom_shim_rp2040.S.obj
                0x100016dc                float_table_shim_on_use_helper
 .text          0x10001708       0x10 CMakeFiles/blink.dir/home/adarsh/pi/pico/pico-sdk/src/rp2_common/pico_mem_ops/mem_ops_aeabi.S.obj
                0x10001708                __aeabi_mem_init
 .text.memset   0x10001718        0xc CMakeFiles/blink.dir/home/adarsh/pi/pico/pico-sdk/src/rp2_common/pico_mem_ops/mem_ops_aeabi.S.obj
                0x10001718                __wrap_memset
 .text.memcpy   0x10001724        0xc CMakeFiles/blink.dir/home/adarsh/pi/pico/pico-sdk/src/rp2_common/pico_mem_ops/mem_ops_aeabi.S.obj
                0x10001724                __wrap___aeabi_memcpy
                0x10001724                __wrap_memcpy
 .text._out_char
                0x10001730       0x10 CMakeFiles/blink.dir/home/adarsh/pi/pico/pico-sdk/src/rp2_common/pico_printf/printf.c.obj
 .text.weak_raw_vprintf
                0x10001740       0x30 CMakeFiles/blink.dir/home/adarsh/pi/pico/pico-sdk/src/rp2_common/pico_printf/printf.c.obj
                0x10001740                weak_raw_vprintf
 .text._exit    0x10001770        0x4 CMakeFiles/blink.dir/home/adarsh/pi/pico/pico-sdk/src/rp2_common/pico_clib_interface/newlib_interface.c.obj
                0x10001770                _exit
 .text.exit     0x10001774        0x8 CMakeFiles/blink.dir/home/adarsh/pi/pico/pico-sdk/src/rp2_common/pico_clib_interface/newlib_interface.c.obj
                0x10001774                exit
 .text.runtime_init
                0x1000177c       0x2c CMakeFiles/blink.dir/home/adarsh/pi/pico/pico-sdk/src/rp2_common/pico_clib_interface/newlib_interface.c.obj
                0x1000177c                runtime_init
 .text.stdio_out_chars_no_crlf
                0x100017a8       0x10 CMakeFiles/blink.dir/home/adarsh/pi/pico/pico-sdk/src/rp2_common/pico_stdio/stdio.c.obj
 .text.stdio_out_chars_crlf
                0x100017b8       0x94 CMakeFiles/blink.dir/home/adarsh/pi/pico/pico-sdk/src/rp2_common/pico_stdio/stdio.c.obj
 .text.stdio_put_string
                0x1000184c      0x100 CMakeFiles/blink.dir/home/adarsh/pi/pico/pico-sdk/src/rp2_common/pico_stdio/stdio.c.obj
                0x1000184c                stdio_put_string
 .text.__wrap_putchar
                0x1000194c       0x98 CMakeFiles/blink.dir/home/adarsh/pi/pico/pico-sdk/src/rp2_common/pico_stdio/stdio.c.obj
                0x1000194c                stdio_putchar
                0x1000194c                __wrap_putchar
 .text.__wrap_puts
                0x100019e4       0x3c CMakeFiles/blink.dir/home/adarsh/pi/pico/pico-sdk/src/rp2_common/pico_stdio/stdio.c.obj
                0x100019e4                __wrap_puts
                0x100019e4                stdio_puts
 .text.vPortSVCHandler
                0x10001a20        0x4 CMakeFiles/blink.dir/home/adarsh/freertos-pico/FreeRTOS-Kernel/portable/ThirdParty/GCC/RP2040/port.c.obj
                0x10001a20                vPortSVCHandler
 *fill*         0x10001a24        0xc 
 .text.vPortStartFirstTask
                0x10001a30       0x38 CMakeFiles/blink.dir/home/adarsh/freertos-pico/FreeRTOS-Kernel/portable/ThirdParty/GCC/RP2040/port.c.obj
 .text.prvFIFOInterruptHandler
                0x10001a68       0x2c CMakeFiles/blink.dir/home/adarsh/freertos-pico/FreeRTOS-Kernel/portable/ThirdParty/GCC/RP2040/port.c.obj
 *fill*         0x10001a94        0xc 
 .text.xPortPendSVHandler
                0x10001aa0       0x78 CMakeFiles/blink.dir/home/adarsh/freertos-pico/FreeRTOS-Kernel/portable/ThirdParty/GCC/RP2040/port.c.obj
                0x10001aa0                xPortPendSVHandler
 .text.xPortSysTickHandler
                0x10001b18       0x2c CMakeFiles/blink.dir/home/adarsh/freertos-pico/FreeRTOS-Kernel/portable/ThirdParty/GCC/RP2040/port.c.obj
                0x10001b18                xPortSysTickHandler
 .text.prvTaskExitError
                0x10001b44        0x8 CMakeFiles/blink.dir/home/adarsh/freertos-pico/FreeRTOS-Kernel/portable/ThirdParty/GCC/RP2040/port.c.obj
 .text.pxPortInitialiseStack
                0x10001b4c       0x20 CMakeFiles/blink.dir/home/adarsh/freertos-pico/FreeRTOS-Kernel/portable/ThirdParty/GCC/RP2040/port.c.obj
                0x10001b4c                pxPortInitialiseStack
 .text.vPortYield
                0x10001b6c       0x18 CMakeFiles/blink.dir/home/adarsh/freertos-pico/FreeRTOS-Kernel/portable/ThirdParty/GCC/RP2040/port.c.obj
                0x10001b6c                vPortYield
 .text.vPortEnableInterrupts
                0x10001b84       0x30 CMakeFiles/blink.dir/home/adarsh/freertos-pico/FreeRTOS-Kernel/portable/ThirdParty/GCC/RP2040/port.c.obj
                0x10001b84                vPortEnableInterrupts
 .text.vYieldCore
                0x10001bb4        0xc CMakeFiles/blink.dir/home/adarsh/freertos-pico/FreeRTOS-Kernel/portable/ThirdParty/GCC/RP2040/port.c.obj
                0x10001bb4                vYieldCore
 .text.vPortSetupTimerInterrupt
                0x10001bc0       0x34 CMakeFiles/blink.dir/home/adarsh/freertos-pico/FreeRTOS-Kernel/portable/ThirdParty/GCC/RP2040/port.c.obj
                0x10001bc0                vPortSetupTimerInterrupt
 .text.xPortStartSchedulerOnCore.isra.0
                0x10001bf4       0xa4 CMakeFiles/blink.dir/home/adarsh/freertos-pico/FreeRTOS-Kernel/portable/ThirdParty/GCC/RP2040/port.c.obj
 .text.prvDisableInterruptsAndPortStartSchedulerOnCore
                0x10001c98        0xc CMakeFiles/blink.dir/home/adarsh/freertos-pico/FreeRTOS-Kernel/portable/ThirdParty/GCC/RP2040/port.c.obj
 .text.xPortStartScheduler
                0x10001ca4       0x28 CMakeFiles/blink.dir/home/adarsh/freertos-pico/FreeRTOS-Kernel/portable/ThirdParty/GCC/RP2040/port.c.obj
                0x10001ca4                xPortStartScheduler
 .text.ulPortLockGetCurrentOwnerId
                0x10001ccc       0x30 CMakeFiles/blink.dir/home/adarsh/freertos-pico/FreeRTOS-Kernel/portable/ThirdParty/GCC/RP2040/port.c.obj
                0x10001ccc                ulPortLockGetCurrentOwnerId
 .text.vPortLockInternalSpinUnlockWithNotify
                0x10001cfc       0x84 CMakeFiles/blink.dir/home/adarsh/freertos-pico/FreeRTOS-Kernel/portable/ThirdParty/GCC/RP2040/port.c.obj
                0x10001cfc                vPortLockInternalSpinUnlockWithNotify
 .text.xPortLockInternalSpinUnlockWithBestEffortWaitOrTimeout
                0x10001d80       0xec CMakeFiles/blink.dir/home/adarsh/freertos-pico/FreeRTOS-Kernel/portable/ThirdParty/GCC/RP2040/port.c.obj
                0x10001d80                xPortLockInternalSpinUnlockWithBestEffortWaitOrTimeout
 .text.startup.prvRuntimeInitializer
                0x10001e6c       0x10 CMakeFiles/blink.dir/home/adarsh/freertos-pico/FreeRTOS-Kernel/portable/ThirdParty/GCC/RP2040/port.c.obj
 .text.vEventGroupSetBitsCallback
                0x10001e7c       0x90 CMakeFiles/blink.dir/home/adarsh/freertos-pico/FreeRTOS-Kernel/event_groups.c.obj
                0x10001e7c                vEventGroupSetBitsCallback
 .text.xEventGroupCreate
                0x10001f0c       0x18 CMakeFiles/blink.dir/home/adarsh/freertos-pico/FreeRTOS-Kernel/event_groups.c.obj
                0x10001f0c                xEventGroupCreate
 .text.xEventGroupWaitBits
                0x10001f24       0xb8 CMakeFiles/blink.dir/home/adarsh/freertos-pico/FreeRTOS-Kernel/event_groups.c.obj
                0x10001f24                xEventGroupWaitBits
 .text.xEventGroupSetBits
                0x10001fdc       0x94 CMakeFiles/blink.dir/home/adarsh/freertos-pico/FreeRTOS-Kernel/event_groups.c.obj
                0x10001fdc                xEventGroupSetBits
 .text.xEventGroupSetBitsFromISR
                0x10002070       0x18 CMakeFiles/blink.dir/home/adarsh/freertos-pico/FreeRTOS-Kernel/event_groups.c.obj
                0x10002070                xEventGroupSetBitsFromISR
 .text.vListInitialise
                0x10002088       0x18 CMakeFiles/blink.dir/home/adarsh/freertos-pico/FreeRTOS-Kernel/list.c.obj
                0x10002088                vListInitialise
 .text.vListInitialiseItem
                0x100020a0        0x8 CMakeFiles/blink.dir/home/adarsh/freertos-pico/FreeRTOS-Kernel/list.c.obj
                0x100020a0                vListInitialiseItem
 .text.vListInsertEnd
                0x100020a8       0x18 CMakeFiles/blink.dir/home/adarsh/freertos-pico/FreeRTOS-Kernel/list.c.obj
                0x100020a8                vListInsertEnd
 .text.vListInsert
                0x100020c0       0x30 CMakeFiles/blink.dir/home/adarsh/freertos-pico/FreeRTOS-Kernel/list.c.obj
                0x100020c0                vListInsert
 .text.uxListRemove
                0x100020f0       0x24 CMakeFiles/blink.dir/home/adarsh/freertos-pico/FreeRTOS-Kernel/list.c.obj
                0x100020f0                uxListRemove
 .text.prvUnlockQueue
                0x10002114      0x180 CMakeFiles/blink.dir/home/adarsh/freertos-pico/FreeRTOS-Kernel/queue.c.obj
 .text.prvNotifyQueueSetContainer
                0x10002294       0x88 CMakeFiles/blink.dir/home/adarsh/freertos-pico/FreeRTOS-Kernel/queue.c.obj
 .text.xQueueGenericCreate
                0x1000231c       0x6c CMakeFiles/blink.dir/home/adarsh/freertos-pico/FreeRTOS-Kernel/queue.c.obj
                0x1000231c                xQueueGenericCreate
 .text.xQueueGenericSend
                0x10002388      0x1d8 CMakeFiles/blink.dir/home/adarsh/freertos-pico/FreeRTOS-Kernel/queue.c.obj
                0x10002388                xQueueGenericSend
 .text.xQueueGenericSendFromISR
                0x10002560      0x12c CMakeFiles/blink.dir/home/adarsh/freertos-pico/FreeRTOS-Kernel/queue.c.obj
                0x10002560                xQueueGenericSendFromISR
 .text.xQueueReceive
                0x1000268c      0x11c CMakeFiles/blink.dir/home/adarsh/freertos-pico/FreeRTOS-Kernel/queue.c.obj
                0x1000268c                xQueueReceive
 .text.vQueueAddToRegistry
                0x100027a8       0x60 CMakeFiles/blink.dir/home/adarsh/freertos-pico/FreeRTOS-Kernel/queue.c.obj
                0x100027a8                vQueueAddToRegistry
 .text.vQueueWaitForMessageRestricted
                0x10002808       0x48 CMakeFiles/blink.dir/home/adarsh/freertos-pico/FreeRTOS-Kernel/queue.c.obj
                0x10002808                vQueueWaitForMessageRestricted
 .text.prvMinimalIdleTask
                0x10002850       0x18 CMakeFiles/blink.dir/home/adarsh/freertos-pico/FreeRTOS-Kernel/tasks.c.obj
 .text.prvAddCurrentTaskToDelayedList
                0x10002868       0xe0 CMakeFiles/blink.dir/home/adarsh/freertos-pico/FreeRTOS-Kernel/tasks.c.obj
 .text.prvCheckForRunStateChange.part.0
                0x10002948      0x194 CMakeFiles/blink.dir/home/adarsh/freertos-pico/FreeRTOS-Kernel/tasks.c.obj
 .text.vTaskSuspendAll.part.0
                0x10002adc       0xf0 CMakeFiles/blink.dir/home/adarsh/freertos-pico/FreeRTOS-Kernel/tasks.c.obj
 .text.prvYieldForTask
                0x10002bcc       0xe0 CMakeFiles/blink.dir/home/adarsh/freertos-pico/FreeRTOS-Kernel/tasks.c.obj
 .text.vTaskSuspendAll
                0x10002cac      0x100 CMakeFiles/blink.dir/home/adarsh/freertos-pico/FreeRTOS-Kernel/tasks.c.obj
                0x10002cac                vTaskSuspendAll
 .text.xTaskGetTickCount
                0x10002dac        0xc CMakeFiles/blink.dir/home/adarsh/freertos-pico/FreeRTOS-Kernel/tasks.c.obj
                0x10002dac                xTaskGetTickCount
 .text.vTaskSwitchContext
                0x10002db8      0x340 CMakeFiles/blink.dir/home/adarsh/freertos-pico/FreeRTOS-Kernel/tasks.c.obj
                0x10002db8                vTaskSwitchContext
 .text.vTaskPlaceOnEventList
                0x100030f8       0xe0 CMakeFiles/blink.dir/home/adarsh/freertos-pico/FreeRTOS-Kernel/tasks.c.obj
                0x100030f8                vTaskPlaceOnEventList
 .text.vTaskPlaceOnUnorderedEventList
                0x100031d8       0x48 CMakeFiles/blink.dir/home/adarsh/freertos-pico/FreeRTOS-Kernel/tasks.c.obj
                0x100031d8                vTaskPlaceOnUnorderedEventList
 .text.vTaskPlaceOnEventListRestricted
                0x10003220      0x100 CMakeFiles/blink.dir/home/adarsh/freertos-pico/FreeRTOS-Kernel/tasks.c.obj
                0x10003220                vTaskPlaceOnEventListRestricted
 .text.xTaskRemoveFromEventList
                0x10003320      0x154 CMakeFiles/blink.dir/home/adarsh/freertos-pico/FreeRTOS-Kernel/tasks.c.obj
                0x10003320                xTaskRemoveFromEventList
 .text.vTaskInternalSetTimeOutState
                0x10003474       0x18 CMakeFiles/blink.dir/home/adarsh/freertos-pico/FreeRTOS-Kernel/tasks.c.obj
                0x10003474                vTaskInternalSetTimeOutState
 .text.xTaskCheckForTimeOut
                0x1000348c      0x280 CMakeFiles/blink.dir/home/adarsh/freertos-pico/FreeRTOS-Kernel/tasks.c.obj
                0x1000348c                xTaskCheckForTimeOut
 .text.vTaskMissedYield
                0x1000370c       0x14 CMakeFiles/blink.dir/home/adarsh/freertos-pico/FreeRTOS-Kernel/tasks.c.obj
                0x1000370c                vTaskMissedYield
 .text.xTaskGetCurrentTaskHandle
                0x10003720       0x1c CMakeFiles/blink.dir/home/adarsh/freertos-pico/FreeRTOS-Kernel/tasks.c.obj
                0x10003720                xTaskGetCurrentTaskHandle
 .text.xTaskGetSchedulerState
                0x1000373c      0x1ec CMakeFiles/blink.dir/home/adarsh/freertos-pico/FreeRTOS-Kernel/tasks.c.obj
                0x1000373c                xTaskGetSchedulerState
 .text.xTaskPriorityDisinherit
                0x10003928       0x58 CMakeFiles/blink.dir/home/adarsh/freertos-pico/FreeRTOS-Kernel/tasks.c.obj
                0x10003928                xTaskPriorityDisinherit
 .text.vTaskYieldWithinAPI
                0x10003980       0x34 CMakeFiles/blink.dir/home/adarsh/freertos-pico/FreeRTOS-Kernel/tasks.c.obj
                0x10003980                vTaskYieldWithinAPI
 .text.vTaskEnterCritical
                0x100039b4      0x10c CMakeFiles/blink.dir/home/adarsh/freertos-pico/FreeRTOS-Kernel/tasks.c.obj
                0x100039b4                vTaskEnterCritical
 .text.vTaskExitCritical
                0x10003ac0       0xe4 CMakeFiles/blink.dir/home/adarsh/freertos-pico/FreeRTOS-Kernel/tasks.c.obj
                0x10003ac0                vTaskExitCritical
 .text.prvIdleTask
                0x10003ba4      0x188 CMakeFiles/blink.dir/home/adarsh/freertos-pico/FreeRTOS-Kernel/tasks.c.obj
 .text.xTaskCreateAffinitySet
                0x10003d2c      0x290 CMakeFiles/blink.dir/home/adarsh/freertos-pico/FreeRTOS-Kernel/tasks.c.obj
                0x10003d2c                xTaskCreateAffinitySet
 .text.xTaskCreate
                0x10003fbc       0x1c CMakeFiles/blink.dir/home/adarsh/freertos-pico/FreeRTOS-Kernel/tasks.c.obj
                0x10003fbc                xTaskCreate
 .text.vTaskStartScheduler
                0x10003fd8       0x94 CMakeFiles/blink.dir/home/adarsh/freertos-pico/FreeRTOS-Kernel/tasks.c.obj
                0x10003fd8                vTaskStartScheduler
 .text.xTaskIncrementTick
                0x1000406c      0x218 CMakeFiles/blink.dir/home/adarsh/freertos-pico/FreeRTOS-Kernel/tasks.c.obj
                0x1000406c                xTaskIncrementTick
 .text.xTaskResumeAll.part.0
                0x10004284      0x118 CMakeFiles/blink.dir/home/adarsh/freertos-pico/FreeRTOS-Kernel/tasks.c.obj
 .text.xTaskResumeAll
                0x1000439c       0x18 CMakeFiles/blink.dir/home/adarsh/freertos-pico/FreeRTOS-Kernel/tasks.c.obj
                0x1000439c                xTaskResumeAll
 .text.vTaskDelay
                0x100043b4       0x70 CMakeFiles/blink.dir/home/adarsh/freertos-pico/FreeRTOS-Kernel/tasks.c.obj
                0x100043b4                vTaskDelay
 .text.vTaskRemoveFromUnorderedEventList
                0x10004424       0x50 CMakeFiles/blink.dir/home/adarsh/freertos-pico/FreeRTOS-Kernel/tasks.c.obj
                0x10004424                vTaskRemoveFromUnorderedEventList
 .text.uxTaskResetEventItemValue
                0x10004474       0x48 CMakeFiles/blink.dir/home/adarsh/freertos-pico/FreeRTOS-Kernel/tasks.c.obj
                0x10004474                uxTaskResetEventItemValue
 .text.prvSwitchTimerLists
                0x100044bc       0x94 CMakeFiles/blink.dir/home/adarsh/freertos-pico/FreeRTOS-Kernel/timers.c.obj
 .text.prvTimerTask
                0x10004550      0x24c CMakeFiles/blink.dir/home/adarsh/freertos-pico/FreeRTOS-Kernel/timers.c.obj
 .text.xTimerCreateTimerTask
                0x1000479c       0x8c CMakeFiles/blink.dir/home/adarsh/freertos-pico/FreeRTOS-Kernel/timers.c.obj
                0x1000479c                xTimerCreateTimerTask
 .text.xTimerPendFunctionCallFromISR
                0x10004828       0x28 CMakeFiles/blink.dir/home/adarsh/freertos-pico/FreeRTOS-Kernel/timers.c.obj
                0x10004828                xTimerPendFunctionCallFromISR
 .text.exception_set_exclusive_handler
                0x10004850       0x48 CMakeFiles/blink.dir/home/adarsh/pi/pico/pico-sdk/src/rp2_common/hardware_exception/exception.c.obj
                0x10004850                exception_set_exclusive_handler
 .text.core1_trampoline
                0x10004898        0x4 CMakeFiles/blink.dir/home/adarsh/pi/pico/pico-sdk/src/rp2_common/pico_multicore/multicore.c.obj
 .text.core1_wrapper
                0x1000489c        0xc CMakeFiles/blink.dir/home/adarsh/pi/pico/pico-sdk/src/rp2_common/pico_multicore/multicore.c.obj
                0x1000489c                core1_wrapper
 .text.multicore_launch_core1_raw
                0x100048a8       0x84 CMakeFiles/blink.dir/home/adarsh/pi/pico/pico-sdk/src/rp2_common/pico_multicore/multicore.c.obj
                0x100048a8                multicore_launch_core1_raw
 .text.multicore_launch_core1
                0x1000492c       0x58 CMakeFiles/blink.dir/home/adarsh/pi/pico/pico-sdk/src/rp2_common/pico_multicore/multicore.c.obj
                0x1000492c                multicore_launch_core1
 .text.pvPortMalloc
                0x10004984      0x17c CMakeFiles/blink.dir/home/adarsh/freertos-pico/FreeRTOS-Kernel/portable/MemMang/heap_4.c.obj
                0x10004984                pvPortMalloc
 .text.vPortFree
                0x10004b00       0x9c CMakeFiles/blink.dir/home/adarsh/freertos-pico/FreeRTOS-Kernel/portable/MemMang/heap_4.c.obj
                0x10004b00                vPortFree
 .text          0x10004b9c       0x10 /usr/lib/gcc/arm-none-eabi/13.2.1/../../../arm-none-eabi/lib/thumb/v6-m/nofp/libg.a(libc_a-atexit.o)
                0x10004b9c                atexit
 .text          0x10004bac       0x5c /usr/lib/gcc/arm-none-eabi/13.2.1/../../../arm-none-eabi/lib/thumb/v6-m/nofp/libg.a(libc_a-strlen-stub.o)
                0x10004bac                strlen
 .text          0x10004c08       0x28 /usr/lib/gcc/arm-none-eabi/13.2.1/../../../arm-none-eabi/lib/thumb/v6-m/nofp/libg.a(libc_a-fini.o)
                0x10004c08                __libc_fini_array
 .text          0x10004c30       0x78 /usr/lib/gcc/arm-none-eabi/13.2.1/../../../arm-none-eabi/lib/thumb/v6-m/nofp/libg.a(libc_a-__atexit.o)
                0x10004c30                __register_exitproc
 .text.startup  0x10004ca8       0x18 /usr/lib/gcc/arm-none-eabi/13.2.1/../../../arm-none-eabi/lib/thumb/v6-m/nofp/libg.a(libc_a-__call_atexit.o)
 *(.fini)
 .fini          0x10004cc0        0x4 /usr/lib/gcc/arm-none-eabi/13.2.1/thumb/v6-m/nofp/crti.o
                0x10004cc0                _fini
 *fill*         0x10004cc4        0x4 
 .fini.__stub   0x10004cc8       0x40 linker stubs
 *crtbegin.o(.ctors)
 *crtbegin?.o(.ctors)
 *(EXCLUDE_FILE(*crtend.o *crtend?.o) .ctors)
 *(SORT_BY_NAME(.ctors.*))
 *(.ctors)
 *crtbegin.o(.dtors)
 *crtbegin?.o(.dtors)
 *(EXCLUDE_FILE(*crtend.o *crtend?.o) .dtors)
 *(SORT_BY_NAME(.dtors.*))
 *(.dtors)
                0x10004d08                        . = ALIGN (0x4)
                0x10004d08                        PROVIDE (__preinit_array_start = .)
 *(SORT_BY_NAME(.preinit_array.*))
 .preinit_array.00100
                0x10004d08        0x4 CMakeFiles/blink.dir/home/adarsh/pi/pico/pico-sdk/src/rp2_common/pico_runtime_init/runtime_init.c.obj
                0x10004d08                __pre_init_runtime_init_early_resets
 .preinit_array.00101
                0x10004d0c        0x4 CMakeFiles/blink.dir/home/adarsh/pi/pico/pico-sdk/src/rp2_common/pico_runtime_init/runtime_init.c.obj
                0x10004d0c                __pre_init_runtime_init_usb_power_down
 .preinit_array.00275
                0x10004d10        0x4 CMakeFiles/blink.dir/home/adarsh/pi/pico/pico-sdk/src/rp2_common/pico_bit_ops/bit_ops_aeabi.S.obj
 .preinit_array.00300
                0x10004d14        0x4 CMakeFiles/blink.dir/home/adarsh/pi/pico/pico-sdk/src/rp2_common/pico_mem_ops/mem_ops_aeabi.S.obj
 .preinit_array.00350
                0x10004d18        0x4 CMakeFiles/blink.dir/home/adarsh/pi/pico/pico-sdk/src/rp2_common/pico_double/double_aeabi_rp2040.S.obj
 .preinit_array.00350
                0x10004d1c        0x4 CMakeFiles/blink.dir/home/adarsh/pi/pico/pico-sdk/src/rp2_common/pico_float/float_aeabi_rp2040.S.obj
 .preinit_array.00500
                0x10004d20        0x4 CMakeFiles/blink.dir/home/adarsh/pi/pico/pico-sdk/src/rp2_common/pico_runtime_init/runtime_init.c.obj
                0x10004d20                __pre_init_runtime_init_clocks
 .preinit_array.00600
                0x10004d24        0x4 CMakeFiles/blink.dir/home/adarsh/pi/pico/pico-sdk/src/rp2_common/pico_runtime_init/runtime_init.c.obj
                0x10004d24                __pre_init_runtime_init_post_clock_resets
 .preinit_array.00700
                0x10004d28        0x4 CMakeFiles/blink.dir/home/adarsh/pi/pico/pico-sdk/src/rp2_common/pico_runtime_init/runtime_init.c.obj
                0x10004d28                __pre_init_runtime_init_rp2040_gpio_ie_disable
 .preinit_array.01000
                0x10004d2c        0x4 CMakeFiles/blink.dir/home/adarsh/pi/pico/pico-sdk/src/rp2_common/pico_runtime_init/runtime_init.c.obj
                0x10004d2c                __pre_init_runtime_init_spin_locks_reset
 .preinit_array.01100
                0x10004d30        0x4 CMakeFiles/blink.dir/home/adarsh/pi/pico/pico-sdk/src/common/pico_sync/mutex.c.obj
                0x10004d30                __pre_init_runtime_init_mutex
 .preinit_array.10080
                0x10004d34        0x4 CMakeFiles/blink.dir/home/adarsh/pi/pico/pico-sdk/src/rp2_common/pico_runtime_init/runtime_init.c.obj
                0x10004d34                __pre_init_runtime_init_install_ram_vector_table
 .preinit_array.11000
                0x10004d38        0x4 CMakeFiles/blink.dir/home/adarsh/pi/pico/pico-sdk/src/common/pico_time/time.c.obj
                0x10004d38                __pre_init_runtime_init_default_alarm_pool
 .preinit_array.YYYYY
                0x10004d3c        0x4 CMakeFiles/blink.dir/home/adarsh/pi/pico/pico-sdk/src/rp2_common/pico_runtime/runtime.c.obj
                0x10004d3c                __pre_init_first_per_core_initializer
 .preinit_array.ZZZZZ.01200
                0x10004d40        0x4 CMakeFiles/blink.dir/home/adarsh/pi/pico/pico-sdk/src/rp2_common/hardware_irq/irq.c.obj
                0x10004d40                __pre_init_runtime_init_per_core_irq_priorities
 *(.preinit_array)
                0x10004d44                        PROVIDE (__preinit_array_end = .)
                0x10004d44                        . = ALIGN (0x4)
                0x10004d44                        PROVIDE (__init_array_start = .)
 *(SORT_BY_NAME(.init_array.*))
 .init_array.00000
                0x10004d44        0x4 /usr/lib/gcc/arm-none-eabi/13.2.1/../../../arm-none-eabi/lib/thumb/v6-m/nofp/libg.a(libc_a-__call_atexit.o)
 *(.init_array)
 .init_array    0x10004d48        0x4 /usr/lib/gcc/arm-none-eabi/13.2.1/thumb/v6-m/nofp/crtbegin.o
 .init_array    0x10004d4c        0x4 CMakeFiles/blink.dir/home/adarsh/freertos-pico/FreeRTOS-Kernel/portable/ThirdParty/GCC/RP2040/port.c.obj
                0x10004d50                        PROVIDE (__init_array_end = .)
                0x10004d50                        . = ALIGN (0x4)
                0x10004d50                        PROVIDE (__fini_array_start = .)
 *(SORT_BY_NAME(.fini_array.*))
 *(.fini_array)
                0x10004d50                        PROVIDE (__fini_array_end = .)
 *(.eh_frame*)
 .eh_frame      0x10004d50        0x0 /usr/lib/gcc/arm-none-eabi/13.2.1/thumb/v6-m/nofp/crtbegin.o
                0x10004d50                        . = ALIGN (0x4)

.glue_7         0x10004d50        0x0
 .glue_7        0x10004d50        0x0 linker stubs

.glue_7t        0x10004d50        0x0
 .glue_7t       0x10004d50        0x0 linker stubs

.vfp11_veneer   0x10004d50        0x0
 .vfp11_veneer  0x10004d50        0x0 linker stubs

.v4_bx          0x10004d50        0x0
 .v4_bx         0x10004d50        0x0 linker stubs

.iplt           0x10004d50        0x0
 .iplt          0x10004d50        0x0 /usr/lib/gcc/arm-none-eabi/13.2.1/thumb/v6-m/nofp/crtbegin.o

.rodata         0x10004d50      0x148
 *(EXCLUDE_FILE(*libm.a: *libc.a:*lib_a-mem*.o *libgcc.a:) .rodata*)
 .rodata.main.str1.4
                0x10004d50       0xd0 CMakeFiles/blink.dir/main.c.obj
                                 0x1f (size before relaxing)
 .rodata.panic.str1.4
                0x10004e20       0x12 CMakeFiles/blink.dir/home/adarsh/pi/pico/pico-sdk/src/rp2_common/pico_platform_panic/panic.c.obj
 .rodata.panic_unsupported.str1.4
                0x10004e20        0xe CMakeFiles/blink.dir/home/adarsh/pi/pico/pico-sdk/src/rp2_common/pico_platform_panic/panic.c.obj
 .rodata.spin_lock_claim.str1.4
                0x10004e20       0x1f CMakeFiles/blink.dir/home/adarsh/pi/pico/pico-sdk/src/rp2_common/hardware_sync/sync.c.obj
 .rodata.timer_hardware_alarm_claim.str1.4
                0x10004e20       0x22 CMakeFiles/blink.dir/home/adarsh/pi/pico/pico-sdk/src/rp2_common/hardware_timer/timer.c.obj
 .rodata.hard_assertion_failure.str1.4
                0x10004e20        0xc CMakeFiles/blink.dir/home/adarsh/pi/pico/pico-sdk/src/rp2_common/pico_runtime/runtime.c.obj
 .rodata.str1.4
                0x10004e20       0x2c CMakeFiles/blink.dir/home/adarsh/pi/pico/pico-sdk/src/rp2_common/pico_standard_binary_info/standard_binary_info.c.obj
 .rodata.__bi_84
                0x10004e20        0xc CMakeFiles/blink.dir/home/adarsh/pi/pico/pico-sdk/src/rp2_common/pico_standard_binary_info/standard_binary_info.c.obj
 .rodata.__bi_54
                0x10004e2c        0xc CMakeFiles/blink.dir/home/adarsh/pi/pico/pico-sdk/src/rp2_common/pico_standard_binary_info/standard_binary_info.c.obj
 .rodata.__bi_48
                0x10004e38        0xc CMakeFiles/blink.dir/home/adarsh/pi/pico/pico-sdk/src/rp2_common/pico_standard_binary_info/standard_binary_info.c.obj
 .rodata.__bi_42
                0x10004e44        0xc CMakeFiles/blink.dir/home/adarsh/pi/pico/pico-sdk/src/rp2_common/pico_standard_binary_info/standard_binary_info.c.obj
 .rodata.__bi_34
                0x10004e50        0xc CMakeFiles/blink.dir/home/adarsh/pi/pico/pico-sdk/src/rp2_common/pico_standard_binary_info/standard_binary_info.c.obj
 .rodata.__bi_26
                0x10004e5c        0xc CMakeFiles/blink.dir/home/adarsh/pi/pico/pico-sdk/src/rp2_common/pico_standard_binary_info/standard_binary_info.c.obj
 .rodata.crlf_str.0
                0x10004e68        0x2 CMakeFiles/blink.dir/home/adarsh/pi/pico/pico-sdk/src/rp2_common/pico_stdio/stdio.c.obj
 *fill*         0x10004e6a        0x2 
 .rodata.uxTopUsedPriority
                0x10004e6c        0x4 CMakeFiles/blink.dir/home/adarsh/freertos-pico/FreeRTOS-Kernel/tasks.c.obj
                0x10004e6c                uxTopUsedPriority
 .rodata.prvTimerTask
                0x10004e70       0x28 CMakeFiles/blink.dir/home/adarsh/freertos-pico/FreeRTOS-Kernel/timers.c.obj
 .rodata.xTimerCreateTimerTask.str1.4
                0x10004e98       0x10 CMakeFiles/blink.dir/home/adarsh/freertos-pico/FreeRTOS-Kernel/timers.c.obj
                0x10004ea8                        . = ALIGN (0x4)
 *(SORT_BY_ALIGNMENT(SORT_BY_NAME(.flashdata*)))
                0x10004ea8                        . = ALIGN (0x4)

.ARM.extab
 *(.ARM.extab* .gnu.linkonce.armextab.*)
                0x10004e98                        __exidx_start = .

.ARM.exidx
 *(.ARM.exidx* .gnu.linkonce.armexidx.*)
                0x10004e98                        __exidx_end = .
                0x10004ea8                        . = ALIGN (0x4)
                0x10004e98                        __binary_info_start = .

.binary_info    0x10004e98       0x18
 *(.binary_info.keep.*)
 .binary_info.keep.__bi_ptr84
                0x10004e98        0x4 CMakeFiles/blink.dir/home/adarsh/pi/pico/pico-sdk/src/rp2_common/pico_standard_binary_info/standard_binary_info.c.obj
 .binary_info.keep.__bi_ptr54
                0x10004e9c        0x4 CMakeFiles/blink.dir/home/adarsh/pi/pico/pico-sdk/src/rp2_common/pico_standard_binary_info/standard_binary_info.c.obj
 .binary_info.keep.__bi_ptr48
                0x10004ea0        0x4 CMakeFiles/blink.dir/home/adarsh/pi/pico/pico-sdk/src/rp2_common/pico_standard_binary_info/standard_binary_info.c.obj
 .binary_info.keep.__bi_ptr42
                0x10004ea4        0x4 CMakeFiles/blink.dir/home/adarsh/pi/pico/pico-sdk/src/rp2_common/pico_standard_binary_info/standard_binary_info.c.obj
 .binary_info.keep.__bi_ptr34
                0x10004ea8        0x4 CMakeFiles/blink.dir/home/adarsh/pi/pico/pico-sdk/src/rp2_common/pico_standard_binary_info/standard_binary_info.c.obj
 .binary_info.keep.__bi_ptr26
                0x10004eac        0x4 CMakeFiles/blink.dir/home/adarsh/pi/pico/pico-sdk/src/rp2_common/pico_standard_binary_info/standard_binary_info.c.obj
 *(.binary_info.*)
                0x10004eb0                        __binary_info_end = .

.rel.dyn        0x10004eb0        0x0
 .rel.iplt      0x10004eb0        0x0 /usr/lib/gcc/arm-none-eabi/13.2.1/thumb/v6-m/nofp/crtbegin.o
                0x10004eb0                        . = ALIGN (0x4)

.ram_vector_table
                0x20000000       0xc0
 *(.ram_vector_table)
 .ram_vector_table
                0x20000000       0xc0 CMakeFiles/blink.dir/home/adarsh/pi/pico/pico-sdk/src/rp2_common/pico_runtime_init/runtime_init.c.obj
                0x20000000                ram_vector_table

.uninitialized_data
                0x200000c0        0x0
                0x200000c0                        . = ALIGN (0x4)
 *(.uninitialized_data*)

.data           0x200000c0      0x154 load address 0x10004eb0
                0x200000c0                        __data_start__ = .
 *(vtable)
 *(.time_critical*)
 .time_critical.mutex_try_enter_block_until
                0x200000c0       0xa0 CMakeFiles/blink.dir/home/adarsh/pi/pico/pico-sdk/src/common/pico_sync/mutex.c.obj
                0x200000c0                mutex_try_enter_block_until
 .time_critical.mutex_exit
                0x20000160       0x20 CMakeFiles/blink.dir/home/adarsh/pi/pico/pico-sdk/src/common/pico_sync/mutex.c.obj
                0x20000160                mutex_exit
 *(.text*)
 .text          0x20000180        0x4 /usr/lib/gcc/arm-none-eabi/13.2.1/thumb/v6-m/nofp/libgcc.a(_dvmd_tls.o)
                0x20000180                __aeabi_ldiv0
                0x20000180                __aeabi_idiv0
 *fill*         0x20000184        0x4 
 .text.__stub   0x20000188       0x30 linker stubs
                0x200001b8                        . = ALIGN (0x4)
 *(.rodata*)
                0x200001b8                        . = ALIGN (0x4)
 *(.data*)
 .data.striped_spin_lock_num
                0x200001b8        0x1 CMakeFiles/blink.dir/home/adarsh/pi/pico/pico-sdk/src/rp2_common/hardware_sync/sync.c.obj
 *fill*         0x200001b9        0x3 
 .data.default_alarm_pool
                0x200001bc       0x18 CMakeFiles/blink.dir/home/adarsh/pi/pico/pico-sdk/src/common/pico_time/time.c.obj
 *fill*         0x200001d4        0xc 
 .data.aeabi_bits_funcs
                0x200001e0       0x10 CMakeFiles/blink.dir/home/adarsh/pi/pico/pico-sdk/src/rp2_common/pico_bit_ops/bit_ops_aeabi.S.obj
                0x200001e0                aeabi_bits_funcs
                0x200001f0                aeabi_bits_funcs_end
 .data.aeabi_mem_funcs
                0x200001f0       0x10 CMakeFiles/blink.dir/home/adarsh/pi/pico/pico-sdk/src/rp2_common/pico_mem_ops/mem_ops_aeabi.S.obj
                0x200001f0                aeabi_mem_funcs
                0x20000200                aeabi_mem_funcs_end
 .data.ucPrimaryCoreNum
                0x20000200        0x1 CMakeFiles/blink.dir/home/adarsh/freertos-pico/FreeRTOS-Kernel/portable/ThirdParty/GCC/RP2040/port.c.obj
                0x20000204                        . = ALIGN (0x4)
 *fill*         0x20000201        0x3 
 *(.after_data.*)
                0x20000204                        . = ALIGN (0x4)
                0x20000204                        PROVIDE (__mutex_array_start = .)
 *(SORT_BY_NAME(.mutex_array.*))
 *(.mutex_array)
 .mutex_array   0x20000204        0x8 CMakeFiles/blink.dir/home/adarsh/pi/pico/pico-sdk/src/rp2_common/pico_malloc/malloc.c.obj
 .mutex_array   0x2000020c        0x8 CMakeFiles/blink.dir/home/adarsh/pi/pico/pico-sdk/src/rp2_common/pico_stdio/stdio.c.obj
                0x20000214                        PROVIDE (__mutex_array_end = .)
                0x20000214                        . = ALIGN (0x4)
 *(.jcr)
                0x20000214                        . = ALIGN (0x4)

.tm_clone_table
                0x20000214        0x0 load address 0x10005004
 .tm_clone_table
                0x20000214        0x0 /usr/lib/gcc/arm-none-eabi/13.2.1/thumb/v6-m/nofp/crtbegin.o
 .tm_clone_table
                0x20000214        0x0 /usr/lib/gcc/arm-none-eabi/13.2.1/thumb/v6-m/nofp/crtend.o

.igot.plt       0x20000214        0x0 load address 0x10005004
 .igot.plt      0x20000214        0x0 /usr/lib/gcc/arm-none-eabi/13.2.1/thumb/v6-m/nofp/crtbegin.o

.tdata          0x20000214        0x0 load address 0x10005004
                0x20000214                        . = ALIGN (0x4)
 *(.tdata .tdata.* .gnu.linkonce.td.*)
                0x20000214                        __tdata_end = .
                0x20000214                        PROVIDE (__data_end__ = .)
                0x10004eb0                        __etext = LOADADDR (.data)

.tbss           0x20000214        0x0 load address 0x10005004
                0x20000214                        . = ALIGN (0x4)
                0x20000214                        __bss_start__ = .
                0x20000214                        __tls_base = .
 *(.tbss .tbss.* .gnu.linkonce.tb.*)
 *(.tcommon)
                0x20000214                        __tls_end = .

.bss            0x20000218    0x2096c load address 0x10005004
                0x20000218                        . = ALIGN (0x4)
                0x20000218                        __tbss_end = .
 *(SORT_BY_ALIGNMENT(SORT_BY_NAME(.bss*)))
 .bss.default_alarm_pool_entries
                0x20000218      0x180 CMakeFiles/blink.dir/home/adarsh/pi/pico/pico-sdk/src/common/pico_time/time.c.obj
 .bss.sd_table  0x20000398      0x100 CMakeFiles/blink.dir/home/adarsh/pi/pico/pico-sdk/src/rp2_common/pico_double/double_init_rom_rp2040.c.obj
                0x20000398                sd_table
 .bss.sf_table  0x20000498      0x100 CMakeFiles/blink.dir/home/adarsh/pi/pico/pico-sdk/src/rp2_common/pico_float/float_init_rom_rp2040.c.obj
                0x20000498                sf_table
 .bss.xQueueRegistry
                0x20000598       0x40 CMakeFiles/blink.dir/home/adarsh/freertos-pico/FreeRTOS-Kernel/queue.c.obj
                0x20000598                xQueueRegistry
 .bss           0x200005d8       0x1c /usr/lib/gcc/arm-none-eabi/13.2.1/thumb/v6-m/nofp/crtbegin.o
 .bss           0x200005f4      0x190 /usr/lib/gcc/arm-none-eabi/13.2.1/../../../arm-none-eabi/lib/thumb/v6-m/nofp/libg.a(libc_a-__atexit.o)
                0x200005f4                __atexit0
 .bss           0x20000784        0x4 /usr/lib/gcc/arm-none-eabi/13.2.1/../../../arm-none-eabi/lib/thumb/v6-m/nofp/libg.a(libc_a-__call_atexit.o)
                0x20000784                __atexit
 .bss.blinkQueue
                0x20000788        0x4 CMakeFiles/blink.dir/main.c.obj
                0x20000788                blinkQueue
 .bss.claimed   0x2000078c        0x4 CMakeFiles/blink.dir/home/adarsh/pi/pico/pico-sdk/src/rp2_common/hardware_sync/sync.c.obj
 .bss.claimed   0x20000790        0x1 CMakeFiles/blink.dir/home/adarsh/pi/pico/pico-sdk/src/rp2_common/hardware_timer/timer.c.obj
 *fill*         0x20000791        0x3 
 .bss.configured_freq
                0x20000794       0x28 CMakeFiles/blink.dir/home/adarsh/pi/pico/pico-sdk/src/rp2_common/hardware_clocks/clocks.c.obj
 .bss.drivers   0x200007bc        0x4 CMakeFiles/blink.dir/home/adarsh/pi/pico/pico-sdk/src/rp2_common/pico_stdio/stdio.c.obj
 .bss.filter    0x200007c0        0x4 CMakeFiles/blink.dir/home/adarsh/pi/pico/pico-sdk/src/rp2_common/pico_stdio/stdio.c.obj
 .bss.lazy_vsnprintf
                0x200007c4        0x4 CMakeFiles/blink.dir/home/adarsh/pi/pico/pico-sdk/src/rp2_common/pico_printf/printf.c.obj
 .bss.pools     0x200007c8       0x10 CMakeFiles/blink.dir/home/adarsh/pi/pico/pico-sdk/src/common/pico_time/time.c.obj
 .bss.pxCurrentTCBs
                0x200007d8        0x8 CMakeFiles/blink.dir/home/adarsh/freertos-pico/FreeRTOS-Kernel/tasks.c.obj
                0x200007d8                pxCurrentTCBs
 .bss.pxCurrentTimerList
                0x200007e0        0x4 CMakeFiles/blink.dir/home/adarsh/freertos-pico/FreeRTOS-Kernel/timers.c.obj
 .bss.pxDelayedTaskList
                0x200007e4        0x4 CMakeFiles/blink.dir/home/adarsh/freertos-pico/FreeRTOS-Kernel/tasks.c.obj
 .bss.pxEnd     0x200007e8        0x4 CMakeFiles/blink.dir/home/adarsh/freertos-pico/FreeRTOS-Kernel/portable/MemMang/heap_4.c.obj
 .bss.pxOverflowDelayedTaskList
                0x200007ec        0x4 CMakeFiles/blink.dir/home/adarsh/freertos-pico/FreeRTOS-Kernel/tasks.c.obj
 .bss.pxOverflowTimerList
                0x200007f0        0x4 CMakeFiles/blink.dir/home/adarsh/freertos-pico/FreeRTOS-Kernel/timers.c.obj
 .bss.pxReadyTasksLists
                0x200007f4      0x280 CMakeFiles/blink.dir/home/adarsh/freertos-pico/FreeRTOS-Kernel/tasks.c.obj
 .bss.pxYieldSpinLock
                0x20000a74        0x8 CMakeFiles/blink.dir/home/adarsh/freertos-pico/FreeRTOS-Kernel/portable/ThirdParty/GCC/RP2040/port.c.obj
 .bss.sf_clz_func
                0x20000a7c        0x4 CMakeFiles/blink.dir/home/adarsh/pi/pico/pico-sdk/src/rp2_common/pico_double/double_init_rom_rp2040.c.obj
                0x20000a7c                sf_clz_func
 .bss.sleep_notifier
                0x20000a80        0x4 CMakeFiles/blink.dir/home/adarsh/pi/pico/pico-sdk/src/common/pico_time/time.c.obj
 .bss.ucHeap    0x20000a84    0x20000 CMakeFiles/blink.dir/home/adarsh/freertos-pico/FreeRTOS-Kernel/portable/MemMang/heap_4.c.obj
 .bss.ucOwnedByCore.1
                0x20020a84        0x2 CMakeFiles/blink.dir/home/adarsh/freertos-pico/FreeRTOS-Kernel/tasks.c.obj
 *fill*         0x20020a86        0x2 
 .bss.ucRecursionCountByLock.0
                0x20020a88        0x2 CMakeFiles/blink.dir/home/adarsh/freertos-pico/FreeRTOS-Kernel/tasks.c.obj
 *fill*         0x20020a8a        0x2 
 .bss.ulYieldSpinLockSaveValue
                0x20020a8c        0x8 CMakeFiles/blink.dir/home/adarsh/freertos-pico/FreeRTOS-Kernel/portable/ThirdParty/GCC/RP2040/port.c.obj
 .bss.uxCurrentNumberOfTasks
                0x20020a94        0x4 CMakeFiles/blink.dir/home/adarsh/freertos-pico/FreeRTOS-Kernel/tasks.c.obj
 .bss.uxDeletedTasksWaitingCleanUp
                0x20020a98        0x4 CMakeFiles/blink.dir/home/adarsh/freertos-pico/FreeRTOS-Kernel/tasks.c.obj
 .bss.uxSchedulerSuspended
                0x20020a9c        0x4 CMakeFiles/blink.dir/home/adarsh/freertos-pico/FreeRTOS-Kernel/tasks.c.obj
 .bss.uxTaskNumber
                0x20020aa0        0x4 CMakeFiles/blink.dir/home/adarsh/freertos-pico/FreeRTOS-Kernel/tasks.c.obj
 .bss.uxTopReadyPriority
                0x20020aa4        0x4 CMakeFiles/blink.dir/home/adarsh/freertos-pico/FreeRTOS-Kernel/tasks.c.obj
 .bss.xActiveTimerList1
                0x20020aa8       0x14 CMakeFiles/blink.dir/home/adarsh/freertos-pico/FreeRTOS-Kernel/timers.c.obj
 .bss.xActiveTimerList2
                0x20020abc       0x14 CMakeFiles/blink.dir/home/adarsh/freertos-pico/FreeRTOS-Kernel/timers.c.obj
 .bss.xBlockAllocatedBit
                0x20020ad0        0x4 CMakeFiles/blink.dir/home/adarsh/freertos-pico/FreeRTOS-Kernel/portable/MemMang/heap_4.c.obj
 .bss.xDelayedTaskList1
                0x20020ad4       0x14 CMakeFiles/blink.dir/home/adarsh/freertos-pico/FreeRTOS-Kernel/tasks.c.obj
 .bss.xDelayedTaskList2
                0x20020ae8       0x14 CMakeFiles/blink.dir/home/adarsh/freertos-pico/FreeRTOS-Kernel/tasks.c.obj
 .bss.xEventGroup
                0x20020afc        0x4 CMakeFiles/blink.dir/home/adarsh/freertos-pico/FreeRTOS-Kernel/portable/ThirdParty/GCC/RP2040/port.c.obj
 .bss.xFreeBytesRemaining
                0x20020b00        0x4 CMakeFiles/blink.dir/home/adarsh/freertos-pico/FreeRTOS-Kernel/portable/MemMang/heap_4.c.obj
 .bss.xIdleTaskHandle
                0x20020b04        0x8 CMakeFiles/blink.dir/home/adarsh/freertos-pico/FreeRTOS-Kernel/tasks.c.obj
 .bss.xLastTime.0
                0x20020b0c        0x4 CMakeFiles/blink.dir/home/adarsh/freertos-pico/FreeRTOS-Kernel/timers.c.obj
 .bss.xMinimumEverFreeBytesRemaining
                0x20020b10        0x4 CMakeFiles/blink.dir/home/adarsh/freertos-pico/FreeRTOS-Kernel/portable/MemMang/heap_4.c.obj
 .bss.xNextTaskUnblockTime
                0x20020b14        0x4 CMakeFiles/blink.dir/home/adarsh/freertos-pico/FreeRTOS-Kernel/tasks.c.obj
 .bss.xNumOfOverflows
                0x20020b18        0x4 CMakeFiles/blink.dir/home/adarsh/freertos-pico/FreeRTOS-Kernel/tasks.c.obj
 .bss.xNumberOfSuccessfulAllocations
                0x20020b1c        0x4 CMakeFiles/blink.dir/home/adarsh/freertos-pico/FreeRTOS-Kernel/portable/MemMang/heap_4.c.obj
 .bss.xNumberOfSuccessfulFrees
                0x20020b20        0x4 CMakeFiles/blink.dir/home/adarsh/freertos-pico/FreeRTOS-Kernel/portable/MemMang/heap_4.c.obj
 .bss.xPendedTicks
                0x20020b24        0x4 CMakeFiles/blink.dir/home/adarsh/freertos-pico/FreeRTOS-Kernel/tasks.c.obj
 .bss.xPendingReadyList
                0x20020b28       0x14 CMakeFiles/blink.dir/home/adarsh/freertos-pico/FreeRTOS-Kernel/tasks.c.obj
 .bss.xSchedulerRunning
                0x20020b3c        0x4 CMakeFiles/blink.dir/home/adarsh/freertos-pico/FreeRTOS-Kernel/tasks.c.obj
 .bss.xStart    0x20020b40        0x8 CMakeFiles/blink.dir/home/adarsh/freertos-pico/FreeRTOS-Kernel/portable/MemMang/heap_4.c.obj
 .bss.xSuspendedTaskList
                0x20020b48       0x14 CMakeFiles/blink.dir/home/adarsh/freertos-pico/FreeRTOS-Kernel/tasks.c.obj
 .bss.xTasksWaitingTermination
                0x20020b5c       0x14 CMakeFiles/blink.dir/home/adarsh/freertos-pico/FreeRTOS-Kernel/tasks.c.obj
 .bss.xTickCount
                0x20020b70        0x4 CMakeFiles/blink.dir/home/adarsh/freertos-pico/FreeRTOS-Kernel/tasks.c.obj
 .bss.xTimerQueue
                0x20020b74        0x4 CMakeFiles/blink.dir/home/adarsh/freertos-pico/FreeRTOS-Kernel/timers.c.obj
 .bss.xTimerTaskHandle
                0x20020b78        0x4 CMakeFiles/blink.dir/home/adarsh/freertos-pico/FreeRTOS-Kernel/timers.c.obj
 .bss.xYieldPendings
                0x20020b7c        0x8 CMakeFiles/blink.dir/home/adarsh/freertos-pico/FreeRTOS-Kernel/tasks.c.obj
 *(COMMON)
                0x20020b84                        . = ALIGN (0x4)
                0x20020b84                        __bss_end__ = .

.heap           0x20020b84    0x1f47c load address 0x10005004
                0x20020b84                        __end__ = .
                0x20020b84                        end = __end__
 *(.heap*)
 .heap          0x20020b84      0x800 CMakeFiles/blink.dir/home/adarsh/pi/pico/pico-sdk/src/rp2_common/pico_crt0/crt0.S.obj
                0x20040000                        . = (ORIGIN (RAM) + LENGTH (RAM))
 *fill*         0x20021384    0x1ec7c 
                0x20040000                        __HeapLimit = .

.scratch_x      0x20040000        0x0 load address 0x10005004
                0x20040000                        __scratch_x_start__ = .
 *(.scratch_x.*)
                0x20040000                        . = ALIGN (0x4)
                0x20040000                        __scratch_x_end__ = .
                0x10005004                        __scratch_x_source__ = LOADADDR (.scratch_x)

.scratch_y      0x20041000        0x0 load address 0x10005004
                0x20041000                        __scratch_y_start__ = .
 *(.scratch_y.*)
                0x20041000                        . = ALIGN (0x4)
                0x20041000                        __scratch_y_end__ = .
                0x10005004                        __scratch_y_source__ = LOADADDR (.scratch_y)

.stack1_dummy   0x20040000      0x800
 *(.stack1*)
 .stack1        0x20040000      0x800 CMakeFiles/blink.dir/home/adarsh/pi/pico/pico-sdk/src/rp2_common/pico_multicore/multicore.c.obj

.stack_dummy    0x20041000      0x800
 *(.stack*)
 .stack         0x20041000      0x800 CMakeFiles/blink.dir/home/adarsh/pi/pico/pico-sdk/src/rp2_common/pico_crt0/crt0.S.obj

.flash_end      0x10005004        0x0
 *(.embedded_end_block*)
                0x10005004                        PROVIDE (__flash_binary_end = .)
                0x20040000                        __StackLimit = (ORIGIN (RAM) + LENGTH (RAM))
                0x20041000                        __StackOneTop = (ORIGIN (SCRATCH_X) + LENGTH (SCRATCH_X))
                0x20042000                        __StackTop = (ORIGIN (SCRATCH_Y) + LENGTH (SCRATCH_Y))
                0x20040800                        __StackOneBottom = (__StackOneTop - SIZEOF (.stack1_dummy))
                0x20041800                        __StackBottom = (__StackTop - SIZEOF (.stack_dummy))
                0x20042000                        PROVIDE (__stack = __StackTop)
                [!provide]                        PROVIDE (__heap_start = __end__)
                [!provide]                        PROVIDE (__heap_end = __HeapLimit)
                [!provide]                        PROVIDE (__tls_align = MAX (ALIGNOF (.tdata), ALIGNOF (.tbss)))
                [!provide]                        PROVIDE (__tls_size_align = (((__tls_size + __tls_align) - 0x1) & ~ ((__tls_align - 0x1))))
                [!provide]                        PROVIDE (__arm32_tls_tcb_offset = MAX (0x8, __tls_align))
                [!provide]                        PROVIDE (_end = __end__)
                [!provide]                        PROVIDE (__llvm_libc_heap_limit = __HeapLimit)
                0x00000001                        ASSERT ((__StackLimit >= __HeapLimit), region RAM overflowed)
                0x00000001                        ASSERT (((__binary_info_header_end - __logical_binary_start) <= 0x100), Binary info must be in first 256 bytes of the binary)
LOAD CMakeFiles/blink.dir/main.c.obj
LOAD CMakeFiles/blink.dir/home/adarsh/pi/pico/pico-sdk/src/rp2_common/pico_stdlib/stdlib.c.obj
LOAD CMakeFiles/blink.dir/home/adarsh/pi/pico/pico-sdk/src/rp2_common/hardware_gpio/gpio.c.obj
LOAD CMakeFiles/blink.dir/home/adarsh/pi/pico/pico-sdk/src/rp2040/pico_platform/platform.c.obj
LOAD CMakeFiles/blink.dir/home/adarsh/pi/pico/pico-sdk/src/rp2_common/pico_platform_panic/panic.c.obj
LOAD CMakeFiles/blink.dir/home/adarsh/pi/pico/pico-sdk/src/common/hardware_claim/claim.c.obj
LOAD CMakeFiles/blink.dir/home/adarsh/pi/pico/pico-sdk/src/rp2_common/hardware_sync/sync.c.obj
LOAD CMakeFiles/blink.dir/home/adarsh/pi/pico/pico-sdk/src/rp2_common/hardware_sync_spin_lock/sync_spin_lock.c.obj
LOAD CMakeFiles/blink.dir/home/adarsh/pi/pico/pico-sdk/src/rp2_common/hardware_irq/irq.c.obj
LOAD CMakeFiles/blink.dir/home/adarsh/pi/pico/pico-sdk/src/rp2_common/hardware_irq/irq_handler_chain.S.obj
LOAD CMakeFiles/blink.dir/home/adarsh/pi/pico/pico-sdk/src/common/pico_sync/sem.c.obj
LOAD CMakeFiles/blink.dir/home/adarsh/pi/pico/pico-sdk/src/common/pico_sync/lock_core.c.obj
LOAD CMakeFiles/blink.dir/home/adarsh/pi/pico/pico-sdk/src/common/pico_sync/mutex.c.obj
LOAD CMakeFiles/blink.dir/home/adarsh/pi/pico/pico-sdk/src/common/pico_sync/critical_section.c.obj
LOAD CMakeFiles/blink.dir/home/adarsh/pi/pico/pico-sdk/src/common/pico_time/time.c.obj
LOAD CMakeFiles/blink.dir/home/adarsh/pi/pico/pico-sdk/src/common/pico_time/timeout_helper.c.obj
LOAD CMakeFiles/blink.dir/home/adarsh/pi/pico/pico-sdk/src/rp2_common/hardware_timer/timer.c.obj
LOAD CMakeFiles/blink.dir/home/adarsh/pi/pico/pico-sdk/src/common/pico_util/datetime.c.obj
LOAD CMakeFiles/blink.dir/home/adarsh/pi/pico/pico-sdk/src/common/pico_util/pheap.c.obj
LOAD CMakeFiles/blink.dir/home/adarsh/pi/pico/pico-sdk/src/common/pico_util/queue.c.obj
LOAD CMakeFiles/blink.dir/home/adarsh/pi/pico/pico-sdk/src/rp2_common/hardware_uart/uart.c.obj
LOAD CMakeFiles/blink.dir/home/adarsh/pi/pico/pico-sdk/src/rp2_common/hardware_clocks/clocks.c.obj
LOAD CMakeFiles/blink.dir/home/adarsh/pi/pico/pico-sdk/src/rp2_common/hardware_pll/pll.c.obj
LOAD CMakeFiles/blink.dir/home/adarsh/pi/pico/pico-sdk/src/rp2_common/hardware_vreg/vreg.c.obj
LOAD CMakeFiles/blink.dir/home/adarsh/pi/pico/pico-sdk/src/rp2_common/hardware_watchdog/watchdog.c.obj
LOAD CMakeFiles/blink.dir/home/adarsh/pi/pico/pico-sdk/src/rp2_common/hardware_ticks/ticks.c.obj
LOAD CMakeFiles/blink.dir/home/adarsh/pi/pico/pico-sdk/src/rp2_common/hardware_xosc/xosc.c.obj
LOAD CMakeFiles/blink.dir/home/adarsh/pi/pico/pico-sdk/src/rp2_common/hardware_divider/divider.S.obj
LOAD CMakeFiles/blink.dir/home/adarsh/pi/pico/pico-sdk/src/rp2_common/pico_runtime/runtime.c.obj
LOAD CMakeFiles/blink.dir/home/adarsh/pi/pico/pico-sdk/src/rp2_common/pico_runtime_init/runtime_init.c.obj
LOAD CMakeFiles/blink.dir/home/adarsh/pi/pico/pico-sdk/src/rp2_common/pico_runtime_init/runtime_init_clocks.c.obj
LOAD CMakeFiles/blink.dir/home/adarsh/pi/pico/pico-sdk/src/rp2_common/pico_runtime_init/runtime_init_stack_guard.c.obj
LOAD CMakeFiles/blink.dir/home/adarsh/pi/pico/pico-sdk/src/rp2_common/pico_bit_ops/bit_ops_aeabi.S.obj
LOAD CMakeFiles/blink.dir/home/adarsh/pi/pico/pico-sdk/src/rp2_common/pico_bootrom/bootrom.c.obj
LOAD CMakeFiles/blink.dir/home/adarsh/pi/pico/pico-sdk/src/rp2_common/pico_bootrom/bootrom_lock.c.obj
LOAD CMakeFiles/blink.dir/home/adarsh/pi/pico/pico-sdk/src/rp2_common/hardware_boot_lock/boot_lock.c.obj
LOAD CMakeFiles/blink.dir/home/adarsh/pi/pico/pico-sdk/src/rp2_common/pico_divider/divider_hardware.S.obj
LOAD CMakeFiles/blink.dir/home/adarsh/pi/pico/pico-sdk/src/rp2_common/pico_double/double_aeabi_rp2040.S.obj
LOAD CMakeFiles/blink.dir/home/adarsh/pi/pico/pico-sdk/src/rp2_common/pico_double/double_init_rom_rp2040.c.obj
LOAD CMakeFiles/blink.dir/home/adarsh/pi/pico/pico-sdk/src/rp2_common/pico_double/double_math.c.obj
LOAD CMakeFiles/blink.dir/home/adarsh/pi/pico/pico-sdk/src/rp2_common/pico_double/double_v1_rom_shim_rp2040.S.obj
LOAD CMakeFiles/blink.dir/home/adarsh/pi/pico/pico-sdk/src/rp2_common/pico_int64_ops/pico_int64_ops_aeabi.S.obj
LOAD CMakeFiles/blink.dir/home/adarsh/pi/pico/pico-sdk/src/rp2_common/pico_float/float_aeabi_rp2040.S.obj
LOAD CMakeFiles/blink.dir/home/adarsh/pi/pico/pico-sdk/src/rp2_common/pico_float/float_init_rom_rp2040.c.obj
LOAD CMakeFiles/blink.dir/home/adarsh/pi/pico/pico-sdk/src/rp2_common/pico_float/float_math.c.obj
LOAD CMakeFiles/blink.dir/home/adarsh/pi/pico/pico-sdk/src/rp2_common/pico_float/float_v1_rom_shim_rp2040.S.obj
LOAD CMakeFiles/blink.dir/home/adarsh/pi/pico/pico-sdk/src/rp2_common/pico_malloc/malloc.c.obj
LOAD CMakeFiles/blink.dir/home/adarsh/pi/pico/pico-sdk/src/rp2_common/pico_mem_ops/mem_ops_aeabi.S.obj
LOAD CMakeFiles/blink.dir/home/adarsh/pi/pico/pico-sdk/src/rp2_common/pico_atomic/atomic.c.obj
LOAD CMakeFiles/blink.dir/home/adarsh/pi/pico/pico-sdk/src/rp2_common/pico_cxx_options/new_delete.cpp.obj
LOAD CMakeFiles/blink.dir/home/adarsh/pi/pico/pico-sdk/src/rp2_common/pico_standard_binary_info/standard_binary_info.c.obj
LOAD CMakeFiles/blink.dir/home/adarsh/pi/pico/pico-sdk/src/rp2_common/pico_printf/printf.c.obj
LOAD CMakeFiles/blink.dir/home/adarsh/pi/pico/pico-sdk/src/rp2_common/pico_crt0/crt0.S.obj
LOAD CMakeFiles/blink.dir/home/adarsh/pi/pico/pico-sdk/src/rp2_common/pico_clib_interface/newlib_interface.c.obj
LOAD CMakeFiles/blink.dir/home/adarsh/pi/pico/pico-sdk/src/rp2_common/pico_stdio/stdio.c.obj
LOAD CMakeFiles/blink.dir/home/adarsh/pi/pico/pico-sdk/src/rp2_common/pico_stdio_uart/stdio_uart.c.obj
LOAD CMakeFiles/blink.dir/home/adarsh/freertos-pico/FreeRTOS-Kernel/portable/ThirdParty/GCC/RP2040/port.c.obj
LOAD CMakeFiles/blink.dir/home/adarsh/freertos-pico/FreeRTOS-Kernel/croutine.c.obj
LOAD CMakeFiles/blink.dir/home/adarsh/freertos-pico/FreeRTOS-Kernel/event_groups.c.obj
LOAD CMakeFiles/blink.dir/home/adarsh/freertos-pico/FreeRTOS-Kernel/list.c.obj
LOAD CMakeFiles/blink.dir/home/adarsh/freertos-pico/FreeRTOS-Kernel/queue.c.obj
LOAD CMakeFiles/blink.dir/home/adarsh/freertos-pico/FreeRTOS-Kernel/stream_buffer.c.obj
LOAD CMakeFiles/blink.dir/home/adarsh/freertos-pico/FreeRTOS-Kernel/tasks.c.obj
LOAD CMakeFiles/blink.dir/home/adarsh/freertos-pico/FreeRTOS-Kernel/timers.c.obj
LOAD CMakeFiles/blink.dir/home/adarsh/pi/pico/pico-sdk/src/rp2_common/hardware_exception/exception.c.obj
LOAD CMakeFiles/blink.dir/home/adarsh/pi/pico/pico-sdk/src/rp2_common/pico_multicore/multicore.c.obj
LOAD CMakeFiles/blink.dir/home/adarsh/freertos-pico/FreeRTOS-Kernel/portable/MemMang/heap_4.c.obj
LOAD /tmp/cc5EM7AX.o
LOAD /usr/lib/gcc/arm-none-eabi/13.2.1/../../../arm-none-eabi/lib/thumb/v6-m/nofp/libstdc++.a
LOAD /usr/lib/gcc/arm-none-eabi/13.2.1/../../../arm-none-eabi/lib/thumb/v6-m/nofp/libm.a
START GROUP
LOAD /usr/lib/gcc/arm-none-eabi/13.2.1/thumb/v6-m/nofp/libgcc.a
LOAD /usr/lib/gcc/arm-none-eabi/13.2.1/../../../arm-none-eabi/lib/thumb/v6-m/nofp/libg.a
LOAD /usr/lib/gcc/arm-none-eabi/13.2.1/../../../arm-none-eabi/lib/thumb/v6-m/nofp/libc.a
END GROUP
START GROUP
LOAD /usr/lib/gcc/arm-none-eabi/13.2.1/thumb/v6-m/nofp/libgcc.a
LOAD /usr/lib/gcc/arm-none-eabi/13.2.1/../../../arm-none-eabi/lib/thumb/v6-m/nofp/libc.a
LOAD /usr/lib/gcc/arm-none-eabi/13.2.1/../../../arm-none-eabi/lib/thumb/v6-m/nofp/libnosys.a
END GROUP
LOAD /usr/lib/gcc/arm-none-eabi/13.2.1/thumb/v6-m/nofp/crtend.o
LOAD /usr/lib/gcc/arm-none-eabi/13.2.1/thumb/v6-m/nofp/crtn.o
OUTPUT(blink.elf elf32-littlearm)
LOAD linker stubs

.ARM.attributes
                0x00000000       0x28
 .ARM.attributes
                0x00000000       0x1e /usr/lib/gcc/arm-none-eabi/13.2.1/thumb/v6-m/nofp/crti.o
 .ARM.attributes
                0x0000001e       0x2c /usr/lib/gcc/arm-none-eabi/13.2.1/thumb/v6-m/nofp/crtbegin.o
 .ARM.attributes
                0x0000004a       0x2c CMakeFiles/blink.dir/main.c.obj
 .ARM.attributes
                0x00000076       0x2c CMakeFiles/blink.dir/home/adarsh/pi/pico/pico-sdk/src/rp2_common/hardware_gpio/gpio.c.obj
 .ARM.attributes
                0x000000a2       0x2c CMakeFiles/blink.dir/home/adarsh/pi/pico/pico-sdk/src/rp2_common/pico_platform_panic/panic.c.obj
 .ARM.attributes
                0x000000ce       0x2c CMakeFiles/blink.dir/home/adarsh/pi/pico/pico-sdk/src/common/hardware_claim/claim.c.obj
 .ARM.attributes
                0x000000fa       0x2c CMakeFiles/blink.dir/home/adarsh/pi/pico/pico-sdk/src/rp2_common/hardware_sync/sync.c.obj
 .ARM.attributes
                0x00000126       0x2c CMakeFiles/blink.dir/home/adarsh/pi/pico/pico-sdk/src/rp2_common/hardware_sync_spin_lock/sync_spin_lock.c.obj
 .ARM.attributes
                0x00000152       0x2c CMakeFiles/blink.dir/home/adarsh/pi/pico/pico-sdk/src/rp2_common/hardware_irq/irq.c.obj
 .ARM.attributes
                0x0000017e       0x2c CMakeFiles/blink.dir/home/adarsh/pi/pico/pico-sdk/src/common/pico_sync/lock_core.c.obj
 .ARM.attributes
                0x000001aa       0x2c CMakeFiles/blink.dir/home/adarsh/pi/pico/pico-sdk/src/common/pico_sync/mutex.c.obj
 .ARM.attributes
                0x000001d6       0x2c CMakeFiles/blink.dir/home/adarsh/pi/pico/pico-sdk/src/common/pico_time/time.c.obj
 .ARM.attributes
                0x00000202       0x2c CMakeFiles/blink.dir/home/adarsh/pi/pico/pico-sdk/src/rp2_common/hardware_timer/timer.c.obj
 .ARM.attributes
                0x0000022e       0x2c CMakeFiles/blink.dir/home/adarsh/pi/pico/pico-sdk/src/rp2_common/hardware_clocks/clocks.c.obj
 .ARM.attributes
                0x0000025a       0x2c CMakeFiles/blink.dir/home/adarsh/pi/pico/pico-sdk/src/rp2_common/hardware_pll/pll.c.obj
 .ARM.attributes
                0x00000286       0x2c CMakeFiles/blink.dir/home/adarsh/pi/pico/pico-sdk/src/rp2_common/hardware_ticks/ticks.c.obj
 .ARM.attributes
                0x000002b2       0x2c CMakeFiles/blink.dir/home/adarsh/pi/pico/pico-sdk/src/rp2_common/hardware_xosc/xosc.c.obj
 .ARM.attributes
                0x000002de       0x2c CMakeFiles/blink.dir/home/adarsh/pi/pico/pico-sdk/src/rp2_common/pico_runtime/runtime.c.obj
 .ARM.attributes
                0x0000030a       0x2c CMakeFiles/blink.dir/home/adarsh/pi/pico/pico-sdk/src/rp2_common/pico_runtime_init/runtime_init.c.obj
 .ARM.attributes
                0x00000336       0x2c CMakeFiles/blink.dir/home/adarsh/pi/pico/pico-sdk/src/rp2_common/pico_runtime_init/runtime_init_clocks.c.obj
 .ARM.attributes
                0x00000362       0x22 CMakeFiles/blink.dir/home/adarsh/pi/pico/pico-sdk/src/rp2_common/pico_bit_ops/bit_ops_aeabi.S.obj
 .ARM.attributes
                0x00000384       0x2c CMakeFiles/blink.dir/home/adarsh/pi/pico/pico-sdk/src/rp2_common/pico_bootrom/bootrom.c.obj
 .ARM.attributes
                0x000003b0       0x22 CMakeFiles/blink.dir/home/adarsh/pi/pico/pico-sdk/src/rp2_common/pico_divider/divider_hardware.S.obj
 .ARM.attributes
                0x000003d2       0x22 CMakeFiles/blink.dir/home/adarsh/pi/pico/pico-sdk/src/rp2_common/pico_double/double_aeabi_rp2040.S.obj
 .ARM.attributes
                0x000003f4       0x2c CMakeFiles/blink.dir/home/adarsh/pi/pico/pico-sdk/src/rp2_common/pico_double/double_init_rom_rp2040.c.obj
 .ARM.attributes
                0x00000420       0x22 CMakeFiles/blink.dir/home/adarsh/pi/pico/pico-sdk/src/rp2_common/pico_double/double_v1_rom_shim_rp2040.S.obj
 .ARM.attributes
                0x00000442       0x22 CMakeFiles/blink.dir/home/adarsh/pi/pico/pico-sdk/src/rp2_common/pico_float/float_aeabi_rp2040.S.obj
 .ARM.attributes
                0x00000464       0x2c CMakeFiles/blink.dir/home/adarsh/pi/pico/pico-sdk/src/rp2_common/pico_float/float_init_rom_rp2040.c.obj
 .ARM.attributes
                0x00000490       0x22 CMakeFiles/blink.dir/home/adarsh/pi/pico/pico-sdk/src/rp2_common/pico_float/float_v1_rom_shim_rp2040.S.obj
 .ARM.attributes
                0x000004b2       0x2c CMakeFiles/blink.dir/home/adarsh/pi/pico/pico-sdk/src/rp2_common/pico_malloc/malloc.c.obj
 .ARM.attributes
                0x000004de       0x22 CMakeFiles/blink.dir/home/adarsh/pi/pico/pico-sdk/src/rp2_common/pico_mem_ops/mem_ops_aeabi.S.obj
 .ARM.attributes
                0x00000500       0x2c CMakeFiles/blink.dir/home/adarsh/pi/pico/pico-sdk/src/rp2_common/pico_standard_binary_info/standard_binary_info.c.obj
 .ARM.attributes
                0x0000052c       0x2c CMakeFiles/blink.dir/home/adarsh/pi/pico/pico-sdk/src/rp2_common/pico_printf/printf.c.obj
 .ARM.attributes
                0x00000558       0x22 CMakeFiles/blink.dir/home/adarsh/pi/pico/pico-sdk/src/rp2_common/pico_crt0/crt0.S.obj
 .ARM.attributes
                0x0000057a       0x2c CMakeFiles/blink.dir/home/adarsh/pi/pico/pico-sdk/src/rp2_common/pico_clib_interface/newlib_interface.c.obj
 .ARM.attributes
                0x000005a6       0x2c CMakeFiles/blink.dir/home/adarsh/pi/pico/pico-sdk/src/rp2_common/pico_stdio/stdio.c.obj
 .ARM.attributes
                0x000005d2       0x2c CMakeFiles/blink.dir/home/adarsh/freertos-pico/FreeRTOS-Kernel/portable/ThirdParty/GCC/RP2040/port.c.obj
 .ARM.attributes
                0x000005fe       0x2c CMakeFiles/blink.dir/home/adarsh/freertos-pico/FreeRTOS-Kernel/event_groups.c.obj
 .ARM.attributes
                0x0000062a       0x2c CMakeFiles/blink.dir/home/adarsh/freertos-pico/FreeRTOS-Kernel/list.c.obj
 .ARM.attributes
                0x00000656       0x2c CMakeFiles/blink.dir/home/adarsh/freertos-pico/FreeRTOS-Kernel/queue.c.obj
 .ARM.attributes
                0x00000682       0x2c CMakeFiles/blink.dir/home/adarsh/freertos-pico/FreeRTOS-Kernel/tasks.c.obj
 .ARM.attributes
                0x000006ae       0x2c CMakeFiles/blink.dir/home/adarsh/freertos-pico/FreeRTOS-Kernel/timers.c.obj
 .ARM.attributes
                0x000006da       0x2c CMakeFiles/blink.dir/home/adarsh/pi/pico/pico-sdk/src/rp2_common/hardware_exception/exception.c.obj
 .ARM.attributes
                0x00000706       0x2c CMakeFiles/blink.dir/home/adarsh/pi/pico/pico-sdk/src/rp2_common/pico_multicore/multicore.c.obj
 .ARM.attributes
                0x00000732       0x2c CMakeFiles/blink.dir/home/adarsh/freertos-pico/FreeRTOS-Kernel/portable/MemMang/heap_4.c.obj
 .ARM.attributes
                0x0000075e       0x22 /tmp/cc5EM7AX.o
 .ARM.attributes
                0x00000780       0x1e /usr/lib/gcc/arm-none-eabi/13.2.1/thumb/v6-m/nofp/libgcc.a(_dvmd_tls.o)
 .ARM.attributes
                0x0000079e       0x2c /usr/lib/gcc/arm-none-eabi/13.2.1/../../../arm-none-eabi/lib/thumb/v6-m/nofp/libg.a(libc_a-atexit.o)
 .ARM.attributes
                0x000007ca       0x2c /usr/lib/gcc/arm-none-eabi/13.2.1/../../../arm-none-eabi/lib/thumb/v6-m/nofp/libg.a(libc_a-strlen-stub.o)
 .ARM.attributes
                0x000007f6       0x2c /usr/lib/gcc/arm-none-eabi/13.2.1/../../../arm-none-eabi/lib/thumb/v6-m/nofp/libg.a(libc_a-fini.o)
 .ARM.attributes
                0x00000822       0x2c /usr/lib/gcc/arm-none-eabi/13.2.1/../../../arm-none-eabi/lib/thumb/v6-m/nofp/libg.a(libc_a-__atexit.o)
 .ARM.attributes
                0x0000084e       0x2c /usr/lib/gcc/arm-none-eabi/13.2.1/../../../arm-none-eabi/lib/thumb/v6-m/nofp/libg.a(libc_a-__call_atexit.o)
 .ARM.attributes
                0x0000087a       0x2c /usr/lib/gcc/arm-none-eabi/13.2.1/thumb/v6-m/nofp/crtend.o

.comment        0x00000000       0x26
 .comment       0x00000000       0x26 /usr/lib/gcc/arm-none-eabi/13.2.1/thumb/v6-m/nofp/crtbegin.o
                                 0x27 (size before relaxing)
 .comment       0x00000026       0x27 CMakeFiles/blink.dir/main.c.obj
 .comment       0x00000026       0x27 CMakeFiles/blink.dir/home/adarsh/pi/pico/pico-sdk/src/rp2_common/hardware_gpio/gpio.c.obj
 .comment       0x00000026       0x27 CMakeFiles/blink.dir/home/adarsh/pi/pico/pico-sdk/src/rp2_common/pico_platform_panic/panic.c.obj
 .comment       0x00000026       0x27 CMakeFiles/blink.dir/home/adarsh/pi/pico/pico-sdk/src/common/hardware_claim/claim.c.obj
 .comment       0x00000026       0x27 CMakeFiles/blink.dir/home/adarsh/pi/pico/pico-sdk/src/rp2_common/hardware_sync/sync.c.obj
 .comment       0x00000026       0x27 CMakeFiles/blink.dir/home/adarsh/pi/pico/pico-sdk/src/rp2_common/hardware_sync_spin_lock/sync_spin_lock.c.obj
 .comment       0x00000026       0x27 CMakeFiles/blink.dir/home/adarsh/pi/pico/pico-sdk/src/rp2_common/hardware_irq/irq.c.obj
 .comment       0x00000026       0x27 CMakeFiles/blink.dir/home/adarsh/pi/pico/pico-sdk/src/common/pico_sync/lock_core.c.obj
 .comment       0x00000026       0x27 CMakeFiles/blink.dir/home/adarsh/pi/pico/pico-sdk/src/common/pico_sync/mutex.c.obj
 .comment       0x00000026       0x27 CMakeFiles/blink.dir/home/adarsh/pi/pico/pico-sdk/src/common/pico_time/time.c.obj
 .comment       0x00000026       0x27 CMakeFiles/blink.dir/home/adarsh/pi/pico/pico-sdk/src/rp2_common/hardware_timer/timer.c.obj
 .comment       0x00000026       0x27 CMakeFiles/blink.dir/home/adarsh/pi/pico/pico-sdk/src/rp2_common/hardware_clocks/clocks.c.obj
 .comment       0x00000026       0x27 CMakeFiles/blink.dir/home/adarsh/pi/pico/pico-sdk/src/rp2_common/hardware_pll/pll.c.obj
 .comment       0x00000026       0x27 CMakeFiles/blink.dir/home/adarsh/pi/pico/pico-sdk/src/rp2_common/hardware_ticks/ticks.c.obj
 .comment       0x00000026       0x27 CMakeFiles/blink.dir/home/adarsh/pi/pico/pico-sdk/src/rp2_common/hardware_xosc/xosc.c.obj
 .comment       0x00000026       0x27 CMakeFiles/blink.dir/home/adarsh/pi/pico/pico-sdk/src/rp2_common/pico_runtime/runtime.c.obj
 .comment       0x00000026       0x27 CMakeFiles/blink.dir/home/adarsh/pi/pico/pico-sdk/src/rp2_common/pico_runtime_init/runtime_init.c.obj
 .comment       0x00000026       0x27 CMakeFiles/blink.dir/home/adarsh/pi/pico/pico-sdk/src/rp2_common/pico_runtime_init/runtime_init_clocks.c.obj
 .comment       0x00000026       0x27 CMakeFiles/blink.dir/home/adarsh/pi/pico/pico-sdk/src/rp2_common/pico_bootrom/bootrom.c.obj
 .comment       0x00000026       0x27 CMakeFiles/blink.dir/home/adarsh/pi/pico/pico-sdk/src/rp2_common/pico_double/double_init_rom_rp2040.c.obj
 .comment       0x00000026       0x27 CMakeFiles/blink.dir/home/adarsh/pi/pico/pico-sdk/src/rp2_common/pico_float/float_init_rom_rp2040.c.obj
 .comment       0x00000026       0x27 CMakeFiles/blink.dir/home/adarsh/pi/pico/pico-sdk/src/rp2_common/pico_malloc/malloc.c.obj
 .comment       0x00000026       0x27 CMakeFiles/blink.dir/home/adarsh/pi/pico/pico-sdk/src/rp2_common/pico_standard_binary_info/standard_binary_info.c.obj
 .comment       0x00000026       0x27 CMakeFiles/blink.dir/home/adarsh/pi/pico/pico-sdk/src/rp2_common/pico_printf/printf.c.obj
 .comment       0x00000026       0x27 CMakeFiles/blink.dir/home/adarsh/pi/pico/pico-sdk/src/rp2_common/pico_clib_interface/newlib_interface.c.obj
 .comment       0x00000026       0x27 CMakeFiles/blink.dir/home/adarsh/pi/pico/pico-sdk/src/rp2_common/pico_stdio/stdio.c.obj
 .comment       0x00000026       0x27 CMakeFiles/blink.dir/home/adarsh/freertos-pico/FreeRTOS-Kernel/portable/ThirdParty/GCC/RP2040/port.c.obj
 .comment       0x00000026       0x27 CMakeFiles/blink.dir/home/adarsh/freertos-pico/FreeRTOS-Kernel/event_groups.c.obj
 .comment       0x00000026       0x27 CMakeFiles/blink.dir/home/adarsh/freertos-pico/FreeRTOS-Kernel/list.c.obj
 .comment       0x00000026       0x27 CMakeFiles/blink.dir/home/adarsh/freertos-pico/FreeRTOS-Kernel/queue.c.obj
 .comment       0x00000026       0x27 CMakeFiles/blink.dir/home/adarsh/freertos-pico/FreeRTOS-Kernel/tasks.c.obj
 .comment       0x00000026       0x27 CMakeFiles/blink.dir/home/adarsh/freertos-pico/FreeRTOS-Kernel/timers.c.obj
 .comment       0x00000026       0x27 CMakeFiles/blink.dir/home/adarsh/pi/pico/pico-sdk/src/rp2_common/hardware_exception/exception.c.obj
 .comment       0x00000026       0x27 CMakeFiles/blink.dir/home/adarsh/pi/pico/pico-sdk/src/rp2_common/pico_multicore/multicore.c.obj
 .comment       0x00000026       0x27 CMakeFiles/blink.dir/home/adarsh/freertos-pico/FreeRTOS-Kernel/portable/MemMang/heap_4.c.obj
 .comment       0x00000026       0x27 /usr/lib/gcc/arm-none-eabi/13.2.1/../../../arm-none-eabi/lib/thumb/v6-m/nofp/libg.a(libc_a-atexit.o)
 .comment       0x00000026       0x27 /usr/lib/gcc/arm-none-eabi/13.2.1/../../../arm-none-eabi/lib/thumb/v6-m/nofp/libg.a(libc_a-strlen-stub.o)
 .comment       0x00000026       0x27 /usr/lib/gcc/arm-none-eabi/13.2.1/../../../arm-none-eabi/lib/thumb/v6-m/nofp/libg.a(libc_a-fini.o)
 .comment       0x00000026       0x27 /usr/lib/gcc/arm-none-eabi/13.2.1/../../../arm-none-eabi/lib/thumb/v6-m/nofp/libg.a(libc_a-__atexit.o)
 .comment       0x00000026       0x27 /usr/lib/gcc/arm-none-eabi/13.2.1/../../../arm-none-eabi/lib/thumb/v6-m/nofp/libg.a(libc_a-__call_atexit.o)
 .comment       0x00000026       0x27 /usr/lib/gcc/arm-none-eabi/13.2.1/thumb/v6-m/nofp/crtend.o

.debug_info     0x00000000    0x321dc
 .debug_info    0x00000000      0xa8c CMakeFiles/blink.dir/main.c.obj
 .debug_info    0x00000a8c     0x2407 CMakeFiles/blink.dir/home/adarsh/pi/pico/pico-sdk/src/rp2_common/hardware_gpio/gpio.c.obj
 .debug_info    0x00002e93      0x1bf CMakeFiles/blink.dir/home/adarsh/pi/pico/pico-sdk/src/rp2_common/pico_platform_panic/panic.c.obj
 .debug_info    0x00003052      0x97d CMakeFiles/blink.dir/home/adarsh/pi/pico/pico-sdk/src/common/hardware_claim/claim.c.obj
 .debug_info    0x000039cf      0x440 CMakeFiles/blink.dir/home/adarsh/pi/pico/pico-sdk/src/rp2_common/hardware_sync/sync.c.obj
 .debug_info    0x00003e0f      0x239 CMakeFiles/blink.dir/home/adarsh/pi/pico/pico-sdk/src/rp2_common/hardware_sync_spin_lock/sync_spin_lock.c.obj
 .debug_info    0x00004048     0x2160 CMakeFiles/blink.dir/home/adarsh/pi/pico/pico-sdk/src/rp2_common/hardware_irq/irq.c.obj
 .debug_info    0x000061a8      0x153 CMakeFiles/blink.dir/home/adarsh/pi/pico/pico-sdk/src/common/pico_sync/lock_core.c.obj
 .debug_info    0x000062fb     0x21b1 CMakeFiles/blink.dir/home/adarsh/pi/pico/pico-sdk/src/common/pico_sync/mutex.c.obj
 .debug_info    0x000084ac     0x480d CMakeFiles/blink.dir/home/adarsh/pi/pico/pico-sdk/src/common/pico_time/time.c.obj
 .debug_info    0x0000ccb9     0x2abc CMakeFiles/blink.dir/home/adarsh/pi/pico/pico-sdk/src/rp2_common/hardware_timer/timer.c.obj
 .debug_info    0x0000f775     0x28ed CMakeFiles/blink.dir/home/adarsh/pi/pico/pico-sdk/src/rp2_common/hardware_clocks/clocks.c.obj
 .debug_info    0x00012062      0x4cd CMakeFiles/blink.dir/home/adarsh/pi/pico/pico-sdk/src/rp2_common/hardware_pll/pll.c.obj
 .debug_info    0x0001252f      0x230 CMakeFiles/blink.dir/home/adarsh/pi/pico/pico-sdk/src/rp2_common/hardware_ticks/ticks.c.obj
 .debug_info    0x0001275f      0x1b4 CMakeFiles/blink.dir/home/adarsh/pi/pico/pico-sdk/src/rp2_common/hardware_xosc/xosc.c.obj
 .debug_info    0x00012913      0x20e CMakeFiles/blink.dir/home/adarsh/pi/pico/pico-sdk/src/rp2_common/pico_runtime/runtime.c.obj
 .debug_info    0x00012b21      0x77d CMakeFiles/blink.dir/home/adarsh/pi/pico/pico-sdk/src/rp2_common/pico_runtime_init/runtime_init.c.obj
 .debug_info    0x0001329e      0x768 CMakeFiles/blink.dir/home/adarsh/pi/pico/pico-sdk/src/rp2_common/pico_runtime_init/runtime_init_clocks.c.obj
 .debug_info    0x00013a06       0x23 CMakeFiles/blink.dir/home/adarsh/pi/pico/pico-sdk/src/rp2_common/pico_bit_ops/bit_ops_aeabi.S.obj
 .debug_info    0x00013a29      0x4eb CMakeFiles/blink.dir/home/adarsh/pi/pico/pico-sdk/src/rp2_common/pico_bootrom/bootrom.c.obj
 .debug_info    0x00013f14       0x23 CMakeFiles/blink.dir/home/adarsh/pi/pico/pico-sdk/src/rp2_common/pico_divider/divider_hardware.S.obj
 .debug_info    0x00013f37       0x23 CMakeFiles/blink.dir/home/adarsh/pi/pico/pico-sdk/src/rp2_common/pico_double/double_aeabi_rp2040.S.obj
 .debug_info    0x00013f5a      0x25f CMakeFiles/blink.dir/home/adarsh/pi/pico/pico-sdk/src/rp2_common/pico_double/double_init_rom_rp2040.c.obj
 .debug_info    0x000141b9       0x23 CMakeFiles/blink.dir/home/adarsh/pi/pico/pico-sdk/src/rp2_common/pico_double/double_v1_rom_shim_rp2040.S.obj
 .debug_info    0x000141dc       0x23 CMakeFiles/blink.dir/home/adarsh/pi/pico/pico-sdk/src/rp2_common/pico_float/float_aeabi_rp2040.S.obj
 .debug_info    0x000141ff      0x25f CMakeFiles/blink.dir/home/adarsh/pi/pico/pico-sdk/src/rp2_common/pico_float/float_init_rom_rp2040.c.obj
 .debug_info    0x0001445e       0x23 CMakeFiles/blink.dir/home/adarsh/pi/pico/pico-sdk/src/rp2_common/pico_float/float_v1_rom_shim_rp2040.S.obj
 .debug_info    0x00014481      0x5f5 CMakeFiles/blink.dir/home/adarsh/pi/pico/pico-sdk/src/rp2_common/pico_malloc/malloc.c.obj
 .debug_info    0x00014a76       0x23 CMakeFiles/blink.dir/home/adarsh/pi/pico/pico-sdk/src/rp2_common/pico_mem_ops/mem_ops_aeabi.S.obj
 .debug_info    0x00014a99      0x25e CMakeFiles/blink.dir/home/adarsh/pi/pico/pico-sdk/src/rp2_common/pico_standard_binary_info/standard_binary_info.c.obj
 .debug_info    0x00014cf7     0x2102 CMakeFiles/blink.dir/home/adarsh/pi/pico/pico-sdk/src/rp2_common/pico_printf/printf.c.obj
 .debug_info    0x00016df9       0x23 CMakeFiles/blink.dir/home/adarsh/pi/pico/pico-sdk/src/rp2_common/pico_crt0/crt0.S.obj
 .debug_info    0x00016e1c      0xb54 CMakeFiles/blink.dir/home/adarsh/pi/pico/pico-sdk/src/rp2_common/pico_clib_interface/newlib_interface.c.obj
 .debug_info    0x00017970     0x1c95 CMakeFiles/blink.dir/home/adarsh/pi/pico/pico-sdk/src/rp2_common/pico_stdio/stdio.c.obj
 .debug_info    0x00019605     0x19bf CMakeFiles/blink.dir/home/adarsh/freertos-pico/FreeRTOS-Kernel/portable/ThirdParty/GCC/RP2040/port.c.obj
 .debug_info    0x0001afc4      0xe6c CMakeFiles/blink.dir/home/adarsh/freertos-pico/FreeRTOS-Kernel/event_groups.c.obj
 .debug_info    0x0001be30      0x2b3 CMakeFiles/blink.dir/home/adarsh/freertos-pico/FreeRTOS-Kernel/list.c.obj
 .debug_info    0x0001c0e3     0x2b3b CMakeFiles/blink.dir/home/adarsh/freertos-pico/FreeRTOS-Kernel/queue.c.obj
 .debug_info    0x0001ec1e     0xeb2c CMakeFiles/blink.dir/home/adarsh/freertos-pico/FreeRTOS-Kernel/tasks.c.obj
 .debug_info    0x0002d74a     0x17d9 CMakeFiles/blink.dir/home/adarsh/freertos-pico/FreeRTOS-Kernel/timers.c.obj
 .debug_info    0x0002ef23      0x6ab CMakeFiles/blink.dir/home/adarsh/pi/pico/pico-sdk/src/rp2_common/hardware_exception/exception.c.obj
 .debug_info    0x0002f5ce     0x1ef5 CMakeFiles/blink.dir/home/adarsh/pi/pico/pico-sdk/src/rp2_common/pico_multicore/multicore.c.obj
 .debug_info    0x000314c3      0x55c CMakeFiles/blink.dir/home/adarsh/freertos-pico/FreeRTOS-Kernel/portable/MemMang/heap_4.c.obj
 .debug_info    0x00031a1f       0x3c /usr/lib/gcc/arm-none-eabi/13.2.1/thumb/v6-m/nofp/libgcc.a(_dvmd_tls.o)
 .debug_info    0x00031a5b      0x11e /usr/lib/gcc/arm-none-eabi/13.2.1/../../../arm-none-eabi/lib/thumb/v6-m/nofp/libg.a(libc_a-atexit.o)
 .debug_info    0x00031b79       0xeb /usr/lib/gcc/arm-none-eabi/13.2.1/../../../arm-none-eabi/lib/thumb/v6-m/nofp/libg.a(libc_a-strlen-stub.o)
 .debug_info    0x00031c64       0xf7 /usr/lib/gcc/arm-none-eabi/13.2.1/../../../arm-none-eabi/lib/thumb/v6-m/nofp/libg.a(libc_a-fini.o)
 .debug_info    0x00031d5b      0x1fd /usr/lib/gcc/arm-none-eabi/13.2.1/../../../arm-none-eabi/lib/thumb/v6-m/nofp/libg.a(libc_a-__atexit.o)
 .debug_info    0x00031f58      0x284 /usr/lib/gcc/arm-none-eabi/13.2.1/../../../arm-none-eabi/lib/thumb/v6-m/nofp/libg.a(libc_a-__call_atexit.o)

.debug_abbrev   0x00000000     0x7439
 .debug_abbrev  0x00000000      0x2af CMakeFiles/blink.dir/main.c.obj
 .debug_abbrev  0x000002af      0x4f9 CMakeFiles/blink.dir/home/adarsh/pi/pico/pico-sdk/src/rp2_common/hardware_gpio/gpio.c.obj
 .debug_abbrev  0x000007a8      0x12b CMakeFiles/blink.dir/home/adarsh/pi/pico/pico-sdk/src/rp2_common/pico_platform_panic/panic.c.obj
 .debug_abbrev  0x000008d3      0x33b CMakeFiles/blink.dir/home/adarsh/pi/pico/pico-sdk/src/common/hardware_claim/claim.c.obj
 .debug_abbrev  0x00000c0e      0x20d CMakeFiles/blink.dir/home/adarsh/pi/pico/pico-sdk/src/rp2_common/hardware_sync/sync.c.obj
 .debug_abbrev  0x00000e1b      0x1bb CMakeFiles/blink.dir/home/adarsh/pi/pico/pico-sdk/src/rp2_common/hardware_sync_spin_lock/sync_spin_lock.c.obj
 .debug_abbrev  0x00000fd6      0x5ff CMakeFiles/blink.dir/home/adarsh/pi/pico/pico-sdk/src/rp2_common/hardware_irq/irq.c.obj
 .debug_abbrev  0x000015d5       0xee CMakeFiles/blink.dir/home/adarsh/pi/pico/pico-sdk/src/common/pico_sync/lock_core.c.obj
 .debug_abbrev  0x000016c3      0x455 CMakeFiles/blink.dir/home/adarsh/pi/pico/pico-sdk/src/common/pico_sync/mutex.c.obj
 .debug_abbrev  0x00001b18      0x671 CMakeFiles/blink.dir/home/adarsh/pi/pico/pico-sdk/src/common/pico_time/time.c.obj
 .debug_abbrev  0x00002189      0x503 CMakeFiles/blink.dir/home/adarsh/pi/pico/pico-sdk/src/rp2_common/hardware_timer/timer.c.obj
 .debug_abbrev  0x0000268c      0x4e2 CMakeFiles/blink.dir/home/adarsh/pi/pico/pico-sdk/src/rp2_common/hardware_clocks/clocks.c.obj
 .debug_abbrev  0x00002b6e      0x1d2 CMakeFiles/blink.dir/home/adarsh/pi/pico/pico-sdk/src/rp2_common/hardware_pll/pll.c.obj
 .debug_abbrev  0x00002d40      0x145 CMakeFiles/blink.dir/home/adarsh/pi/pico/pico-sdk/src/rp2_common/hardware_ticks/ticks.c.obj
 .debug_abbrev  0x00002e85      0x11b CMakeFiles/blink.dir/home/adarsh/pi/pico/pico-sdk/src/rp2_common/hardware_xosc/xosc.c.obj
 .debug_abbrev  0x00002fa0      0x182 CMakeFiles/blink.dir/home/adarsh/pi/pico/pico-sdk/src/rp2_common/pico_runtime/runtime.c.obj
 .debug_abbrev  0x00003122      0x222 CMakeFiles/blink.dir/home/adarsh/pi/pico/pico-sdk/src/rp2_common/pico_runtime_init/runtime_init.c.obj
 .debug_abbrev  0x00003344      0x294 CMakeFiles/blink.dir/home/adarsh/pi/pico/pico-sdk/src/rp2_common/pico_runtime_init/runtime_init_clocks.c.obj
 .debug_abbrev  0x000035d8       0x12 CMakeFiles/blink.dir/home/adarsh/pi/pico/pico-sdk/src/rp2_common/pico_bit_ops/bit_ops_aeabi.S.obj
 .debug_abbrev  0x000035ea      0x1b9 CMakeFiles/blink.dir/home/adarsh/pi/pico/pico-sdk/src/rp2_common/pico_bootrom/bootrom.c.obj
 .debug_abbrev  0x000037a3       0x12 CMakeFiles/blink.dir/home/adarsh/pi/pico/pico-sdk/src/rp2_common/pico_divider/divider_hardware.S.obj
 .debug_abbrev  0x000037b5       0x12 CMakeFiles/blink.dir/home/adarsh/pi/pico/pico-sdk/src/rp2_common/pico_double/double_aeabi_rp2040.S.obj
 .debug_abbrev  0x000037c7      0x17a CMakeFiles/blink.dir/home/adarsh/pi/pico/pico-sdk/src/rp2_common/pico_double/double_init_rom_rp2040.c.obj
 .debug_abbrev  0x00003941       0x12 CMakeFiles/blink.dir/home/adarsh/pi/pico/pico-sdk/src/rp2_common/pico_double/double_v1_rom_shim_rp2040.S.obj
 .debug_abbrev  0x00003953       0x12 CMakeFiles/blink.dir/home/adarsh/pi/pico/pico-sdk/src/rp2_common/pico_float/float_aeabi_rp2040.S.obj
 .debug_abbrev  0x00003965      0x173 CMakeFiles/blink.dir/home/adarsh/pi/pico/pico-sdk/src/rp2_common/pico_float/float_init_rom_rp2040.c.obj
 .debug_abbrev  0x00003ad8       0x12 CMakeFiles/blink.dir/home/adarsh/pi/pico/pico-sdk/src/rp2_common/pico_float/float_v1_rom_shim_rp2040.S.obj
 .debug_abbrev  0x00003aea      0x211 CMakeFiles/blink.dir/home/adarsh/pi/pico/pico-sdk/src/rp2_common/pico_malloc/malloc.c.obj
 .debug_abbrev  0x00003cfb       0x12 CMakeFiles/blink.dir/home/adarsh/pi/pico/pico-sdk/src/rp2_common/pico_mem_ops/mem_ops_aeabi.S.obj