Archive member included to satisfy reference by file (symbol)

/usr/lib/gcc/arm-none-eabi/13.2.1/thumb/v6-m/nofp/libgcc.a(_dvmd_tls.o)
                              CMakeFiles/blink.dir/home/adarsh/pi/pico/pico-sdk/src/rp2_common/pico_divider/divider_hardware.S.obj (__aeabi_idiv0)
/usr/lib/gcc/arm-none-eabi/13.2.1/../../../arm-none-eabi/lib/thumb/v6-m/nofp/libg.a(libc_a-calloc.o)
                              CMakeFiles/blink.dir/home/adarsh/pi/pico/pico-sdk/src/rp2_common/pico_malloc/malloc.c.obj (calloc)
/usr/lib/gcc/arm-none-eabi/13.2.1/../../../arm-none-eabi/lib/thumb/v6-m/nofp/libg.a(libc_a-impure.o)
                              /usr/lib/gcc/arm-none-eabi/13.2.1/../../../arm-none-eabi/lib/thumb/v6-m/nofp/libg.a(libc_a-calloc.o) (_impure_ptr)
/usr/lib/gcc/arm-none-eabi/13.2.1/../../../arm-none-eabi/lib/thumb/v6-m/nofp/libg.a(libc_a-callocr.o)
                              /usr/lib/gcc/arm-none-eabi/13.2.1/../../../arm-none-eabi/lib/thumb/v6-m/nofp/libg.a(libc_a-calloc.o) (_calloc_r)
/usr/lib/gcc/arm-none-eabi/13.2.1/../../../arm-none-eabi/lib/thumb/v6-m/nofp/libg.a(libc_a-realloc.o)
                              CMakeFiles/blink.dir/home/adarsh/pi/pico/pico-sdk/src/rp2_common/pico_malloc/malloc.c.obj (realloc)
/usr/lib/gcc/arm-none-eabi/13.2.1/../../../arm-none-eabi/lib/thumb/v6-m/nofp/libg.a(libc_a-mallocr.o)
                              /usr/lib/gcc/arm-none-eabi/13.2.1/../../../arm-none-eabi/lib/thumb/v6-m/nofp/libg.a(libc_a-callocr.o) (_malloc_r)
/usr/lib/gcc/arm-none-eabi/13.2.1/../../../arm-none-eabi/lib/thumb/v6-m/nofp/libg.a(libc_a-freer.o)
                              /usr/lib/gcc/arm-none-eabi/13.2.1/../../../arm-none-eabi/lib/thumb/v6-m/nofp/libg.a(libc_a-mallocr.o) (_free_r)
/usr/lib/gcc/arm-none-eabi/13.2.1/../../../arm-none-eabi/lib/thumb/v6-m/nofp/libg.a(libc_a-memcmp.o)
                              CMakeFiles/blink.dir/home/adarsh/pi/pico/pico-sdk/src/rp2_common/pico_atomic/atomic.c.obj (memcmp)
/usr/lib/gcc/arm-none-eabi/13.2.1/../../../arm-none-eabi/lib/thumb/v6-m/nofp/libg.a(libc_a-malloc.o)
                              CMakeFiles/blink.dir/home/adarsh/pi/pico/pico-sdk/src/rp2_common/pico_malloc/malloc.c.obj (malloc)
/usr/lib/gcc/arm-none-eabi/13.2.1/../../../arm-none-eabi/lib/thumb/v6-m/nofp/libg.a(libc_a-sysconf.o)
                              /usr/lib/gcc/arm-none-eabi/13.2.1/../../../arm-none-eabi/lib/thumb/v6-m/nofp/libg.a(libc_a-mallocr.o) (sysconf)
/usr/lib/gcc/arm-none-eabi/13.2.1/../../../arm-none-eabi/lib/thumb/v6-m/nofp/libg.a(libc_a-init.o)
                              /usr/lib/gcc/arm-none-eabi/13.2.1/../../../arm-none-eabi/lib/thumb/v6-m/nofp/crt0.o (__libc_init_array)
/usr/lib/gcc/arm-none-eabi/13.2.1/../../../arm-none-eabi/lib/thumb/v6-m/nofp/libg.a(libc_a-reallocr.o)
                              /usr/lib/gcc/arm-none-eabi/13.2.1/../../../arm-none-eabi/lib/thumb/v6-m/nofp/libg.a(libc_a-realloc.o) (_realloc_r)
/usr/lib/gcc/arm-none-eabi/13.2.1/../../../arm-none-eabi/lib/thumb/v6-m/nofp/libg.a(libc_a-mktime.o)
                              CMakeFiles/blink.dir/home/adarsh/pi/pico/pico-sdk/src/common/pico_util/datetime.c.obj (mktime)
/usr/lib/gcc/arm-none-eabi/13.2.1/../../../arm-none-eabi/lib/thumb/v6-m/nofp/libg.a(libc_a-mlock.o)
                              /usr/lib/gcc/arm-none-eabi/13.2.1/../../../arm-none-eabi/lib/thumb/v6-m/nofp/libg.a(libc_a-mallocr.o) (__malloc_lock)
/usr/lib/gcc/arm-none-eabi/13.2.1/../../../arm-none-eabi/lib/thumb/v6-m/nofp/libg.a(libc_a-findfp.o)
                              /usr/lib/gcc/arm-none-eabi/13.2.1/../../../arm-none-eabi/lib/thumb/v6-m/nofp/libg.a(libc_a-impure.o) (__sf)
/usr/lib/gcc/arm-none-eabi/13.2.1/../../../arm-none-eabi/lib/thumb/v6-m/nofp/libg.a(libc_a-tzlock.o)
                              /usr/lib/gcc/arm-none-eabi/13.2.1/../../../arm-none-eabi/lib/thumb/v6-m/nofp/libg.a(libc_a-mktime.o) (__tz_lock)
/usr/lib/gcc/arm-none-eabi/13.2.1/../../../arm-none-eabi/lib/thumb/v6-m/nofp/libg.a(libc_a-atexit.o)
                              /usr/lib/gcc/arm-none-eabi/13.2.1/../../../arm-none-eabi/lib/thumb/v6-m/nofp/crt0.o (atexit)
/usr/lib/gcc/arm-none-eabi/13.2.1/../../../arm-none-eabi/lib/thumb/v6-m/nofp/libg.a(libc_a-lcltime_r.o)
                              CMakeFiles/blink.dir/home/adarsh/pi/pico/pico-sdk/src/common/pico_util/datetime.c.obj (localtime_r)
/usr/lib/gcc/arm-none-eabi/13.2.1/../../../arm-none-eabi/lib/thumb/v6-m/nofp/libg.a(libc_a-strlen-stub.o)
                              CMakeFiles/blink.dir/home/adarsh/pi/pico/pico-sdk/src/rp2_common/pico_stdio/stdio.c.obj (strlen)
/usr/lib/gcc/arm-none-eabi/13.2.1/../../../arm-none-eabi/lib/thumb/v6-m/nofp/libg.a(libc_a-sbrkr.o)
                              /usr/lib/gcc/arm-none-eabi/13.2.1/../../../arm-none-eabi/lib/thumb/v6-m/nofp/libg.a(libc_a-mallocr.o) (_sbrk_r)
/usr/lib/gcc/arm-none-eabi/13.2.1/../../../arm-none-eabi/lib/thumb/v6-m/nofp/libg.a(libc_a-fini.o)
[...]
Memory Configuration

Name             Origin             Length             Attributes
FLASH            0x10000000         0x00200000         xr
RAM              0x20000000         0x00040000         xrw
SCRATCH_X        0x20040000         0x00001000         xrw
SCRATCH_Y        0x20041000         0x00001000         xrw
*default*        0x00000000         0xffffffff

Linker script and memory map

LOAD /usr/lib/gcc/arm-none-eabi/13.2.1/thumb/v6-m/nofp/crti.o
LOAD /usr/lib/gcc/arm-none-eabi/13.2.1/thumb/v6-m/nofp/crtbegin.o
LOAD /usr/lib/gcc/arm-none-eabi/13.2.1/../../../arm-none-eabi/lib/thumb/v6-m/nofp/crt0.o

.flash_begin    0x10000000        0x0
                0x10000000                        __flash_binary_start = .

.boot2          0x10000000      0x100
                0x10000000                        __boot2_start__ = .
 *(.boot2)
 .boot2         0x10000000      0x100 /tmp/ccRJxDoY.o
                0x10000100                        __boot2_end__ = .
                0x00000001                        ASSERT (((__boot2_end__ - __boot2_start__) == 0x100), ERROR: Pico second stage bootloader must be 256 bytes in size)

.text           0x10000100     0x9d2c
                0x10000100                        __logical_binary_start = .
 *(.vectors)
 .vectors       0x10000100       0xd4 CMakeFiles/blink.dir/home/adarsh/pi/pico/pico-sdk/src/rp2_common/pico_crt0/crt0.S.obj
                0x10000100                __vectors
                0x10000100                __VECTOR_TABLE
                0x100001c0                isr_invalid
                0x100001c0                __default_isrs_start
                0x100001c2                isr_nmi
                0x100001c4                isr_hardfault
                0x100001c6                isr_svcall
                0x100001c8                isr_pendsv
                0x100001ca                isr_systick
                0x100001cc                isr_irq30
                0x100001cc                __unhandled_user_irq
                0x100001cc                isr_irq13
                0x100001cc                isr_irq27
                0x100001cc                isr_irq31
                0x100001cc                isr_irq5
                0x100001cc                isr_irq11
                0x100001cc                isr_irq23
                0x100001cc                isr_irq18
                0x100001cc                isr_irq28
                0x100001cc                isr_irq19
                0x100001cc                isr_irq0
                0x100001cc                isr_irq6
                0x100001cc                isr_irq22
                0x100001cc                isr_irq17
                0x100001cc                isr_irq14
                0x100001cc                isr_irq2
                0x100001cc                isr_irq10
                0x100001cc                isr_irq8
                0x100001cc                isr_irq24
                0x100001cc                isr_irq1
                0x100001cc                isr_irq7
                0x100001cc                isr_irq21
                0x100001cc                isr_irq20
                0x100001cc                isr_irq15
                0x100001cc                isr_irq25
                0x100001cc                isr_irq4
                0x100001cc                isr_irq16
                0x100001cc                isr_irq29
                0x100001cc                isr_irq26
                0x100001cc                __default_isrs_end
                0x100001cc                isr_irq3
                0x100001cc                isr_irq12
                0x100001cc                isr_irq9
                0x100001d2                unhandled_user_irq_num_in_r0
 *(.binary_info_header)
 .binary_info_header
                0x100001d4       0x14 CMakeFiles/blink.dir/home/adarsh/pi/pico/pico-sdk/src/rp2_common/pico_crt0/crt0.S.obj
                0x100001e8                        __binary_info_header_end = .
 *(.embedded_block)
                0x100001e8                        __embedded_block_end = .
 *(.reset)
 .reset         0x100001e8       0x9c CMakeFiles/blink.dir/home/adarsh/pi/pico/pico-sdk/src/rp2_common/pico_crt0/crt0.S.obj
                0x100001e8                _entry_point
 *(.init)
 .init          0x10000284        0x4 /usr/lib/gcc/arm-none-eabi/13.2.1/thumb/v6-m/nofp/crti.o
                0x10000284                _init
 *(EXCLUDE_FILE(*libm.a: *libc.a:*lib_a-mem*.o *libgcc.a:) .text*)
 .text          0x10000288       0x98 /usr/lib/gcc/arm-none-eabi/13.2.1/thumb/v6-m/nofp/crtbegin.o
 .text.vTimerCallback
                0x10000320       0x24 CMakeFiles/blink.dir/main.c.obj
                0x10000320                vTimerCallback
 .text.vNotifyTask
                0x10000344       0x74 CMakeFiles/blink.dir/main.c.obj
                0x10000344                vNotifyTask
 .text.startup.main
                0x100003b8       0x68 CMakeFiles/blink.dir/main.c.obj
                0x100003b8                main
 .text.rp2040_chip_version
                0x10000420        0xc CMakeFiles/blink.dir/home/adarsh/pi/pico/pico-sdk/src/rp2040/pico_platform/platform.c.obj
                0x10000420                rp2040_chip_version
 .text.panic    0x1000042c       0x30 CMakeFiles/blink.dir/home/adarsh/pi/pico/pico-sdk/src/rp2_common/pico_platform_panic/panic.c.obj
                0x1000042c                panic
 .text.panic_unsupported
                0x1000045c        0xc CMakeFiles/blink.dir/home/adarsh/pi/pico/pico-sdk/src/rp2_common/pico_platform_panic/panic.c.obj
                0x1000045c                panic_unsupported
 .text.hw_claim_or_assert
                0x10000468       0x44 CMakeFiles/blink.dir/home/adarsh/pi/pico/pico-sdk/src/common/hardware_claim/claim.c.obj
                0x10000468                hw_claim_or_assert
 .text.hw_claim_unused_from_range
                0x100004ac       0x9c CMakeFiles/blink.dir/home/adarsh/pi/pico/pico-sdk/src/common/hardware_claim/claim.c.obj
                0x100004ac                hw_claim_unused_from_range
 .text.next_striped_spin_lock_num
                0x10000548       0x18 CMakeFiles/blink.dir/home/adarsh/pi/pico/pico-sdk/src/rp2_common/hardware_sync/sync.c.obj
                0x10000548                next_striped_spin_lock_num
 .text.spin_lock_claim
                0x10000560       0x18 CMakeFiles/blink.dir/home/adarsh/pi/pico/pico-sdk/src/rp2_common/hardware_sync/sync.c.obj
                0x10000560                spin_lock_claim
 .text.spin_lock_claim_unused
                0x10000578       0x24 CMakeFiles/blink.dir/home/adarsh/pi/pico/pico-sdk/src/rp2_common/hardware_sync/sync.c.obj
                0x10000578                spin_lock_claim_unused
 .text.spin_locks_reset
                0x1000059c       0x1c CMakeFiles/blink.dir/home/adarsh/pi/pico/pico-sdk/src/rp2_common/hardware_sync_spin_lock/sync_spin_lock.c.obj
                0x1000059c                spin_locks_reset
 .text.runtime_init_per_core_irq_priorities
                0x100005b8       0x24 CMakeFiles/blink.dir/home/adarsh/pi/pico/pico-sdk/src/rp2_common/hardware_irq/irq.c.obj
                0x100005b8                runtime_init_per_core_irq_priorities
 .text.irq_set_enabled
                0x100005dc       0x24 CMakeFiles/blink.dir/home/adarsh/pi/pico/pico-sdk/src/rp2_common/hardware_irq/irq.c.obj
                0x100005dc                irq_set_enabled
 .text.irq_is_enabled
                0x10000600       0x18 CMakeFiles/blink.dir/home/adarsh/pi/pico/pico-sdk/src/rp2_common/hardware_irq/irq.c.obj
                0x10000600                irq_is_enabled
 .text.irq_set_pending
                0x10000618       0x10 CMakeFiles/blink.dir/home/adarsh/pi/pico/pico-sdk/src/rp2_common/hardware_irq/irq.c.obj
                0x10000618                irq_set_pending
 .text.irq_has_shared_handler
                0x10000628       0x2c CMakeFiles/blink.dir/home/adarsh/pi/pico/pico-sdk/src/rp2_common/hardware_irq/irq.c.obj
                0x10000628                irq_has_shared_handler
 .text.irq_set_exclusive_handler
                0x10000654       0x54 CMakeFiles/blink.dir/home/adarsh/pi/pico/pico-sdk/src/rp2_common/hardware_irq/irq.c.obj
                0x10000654                irq_set_exclusive_handler
 .text.irq_add_shared_handler
                0x100006a8      0x1f4 CMakeFiles/blink.dir/home/adarsh/pi/pico/pico-sdk/src/rp2_common/hardware_irq/irq.c.obj
                0x100006a8                irq_add_shared_handler
 .text.irq_set_priority
                0x1000089c       0x28 CMakeFiles/blink.dir/home/adarsh/pi/pico/pico-sdk/src/rp2_common/hardware_irq/irq.c.obj
                0x1000089c                irq_set_priority
 .text.irq_add_tail_to_free_list
                0x100008c4       0xb4 CMakeFiles/blink.dir/home/adarsh/pi/pico/pico-sdk/src/rp2_common/hardware_irq/irq.c.obj
                0x100008c4                irq_add_tail_to_free_list
 .text.user_irq_claim_unused
                0x10000978       0x2c CMakeFiles/blink.dir/home/adarsh/pi/pico/pico-sdk/src/rp2_common/hardware_irq/irq.c.obj
                0x10000978                user_irq_claim_unused
 .text.lock_init
                0x100009a4       0x10 CMakeFiles/blink.dir/home/adarsh/pi/pico/pico-sdk/src/common/pico_sync/lock_core.c.obj
                0x100009a4                lock_init
 .text.runtime_init_mutex
                0x100009b4       0x54 CMakeFiles/blink.dir/home/adarsh/pi/pico/pico-sdk/src/common/pico_sync/mutex.c.obj
                0x100009b4                runtime_init_mutex
 .text.mutex_init
                0x10000a08       0x1c CMakeFiles/blink.dir/home/adarsh/pi/pico/pico-sdk/src/common/pico_sync/mutex.c.obj
                0x10000a08                mutex_init
 .text.critical_section_init
                0x10000a24       0x1c CMakeFiles/blink.dir/home/adarsh/pi/pico/pico-sdk/src/common/pico_sync/critical_section.c.obj
                0x10000a24                critical_section_init
 .text.critical_section_init_with_lock_num
                0x10000a40       0x14 CMakeFiles/blink.dir/home/adarsh/pi/pico/pico-sdk/src/common/pico_sync/critical_section.c.obj
                0x10000a40                critical_section_init_with_lock_num
 .text.alarm_pool_irq_handler
                0x10000a54      0x2e4 CMakeFiles/blink.dir/home/adarsh/pi/pico/pico-sdk/src/common/pico_time/time.c.obj
 .text.sleep_until_callback
                0x10000d38       0x24 CMakeFiles/blink.dir/home/adarsh/pi/pico/pico-sdk/src/common/pico_time/time.c.obj
 .text.runtime_init_default_alarm_pool
                0x10000d5c       0xdc CMakeFiles/blink.dir/home/adarsh/pi/pico/pico-sdk/src/common/pico_time/time.c.obj
                0x10000d5c                runtime_init_default_alarm_pool
 .text.alarm_pool_get_default
                0x10000e38        0x8 CMakeFiles/blink.dir/home/adarsh/pi/pico/pico-sdk/src/common/pico_time/time.c.obj
                0x10000e38                alarm_pool_get_default
 .text.alarm_pool_add_alarm_at
                0x10000e40       0xd4 CMakeFiles/blink.dir/home/adarsh/pi/pico/pico-sdk/src/common/pico_time/time.c.obj
                0x10000e40                alarm_pool_add_alarm_at
 .text.alarm_pool_cancel_alarm
                0x10000f14       0x74 CMakeFiles/blink.dir/home/adarsh/pi/pico/pico-sdk/src/common/pico_time/time.c.obj
                0x10000f14                alarm_pool_cancel_alarm
 .text.alarm_pool_core_num
                0x10000f88        0x4 CMakeFiles/blink.dir/home/adarsh/pi/pico/pico-sdk/src/common/pico_time/time.c.obj
                0x10000f88                alarm_pool_core_num
 .text.best_effort_wfe_or_timeout
                0x10000f8c      0x134 CMakeFiles/blink.dir/home/adarsh/pi/pico/pico-sdk/src/common/pico_time/time.c.obj
                0x10000f8c                best_effort_wfe_or_timeout
 .text.alarm_pool_add_repeating_timer_us
                0x100010c0      0x128 CMakeFiles/blink.dir/home/adarsh/pi/pico/pico-sdk/src/common/pico_time/time.c.obj
                0x100010c0                alarm_pool_add_repeating_timer_us
 .text.timer_hardware_alarm_claim
                0x100011e8       0x14 CMakeFiles/blink.dir/home/adarsh/pi/pico/pico-sdk/src/rp2_common/hardware_timer/timer.c.obj
                0x100011e8                timer_hardware_alarm_claim
 .text.timer_time_us_64
                0x100011fc       0x10 CMakeFiles/blink.dir/home/adarsh/pi/pico/pico-sdk/src/rp2_common/hardware_timer/timer.c.obj
                0x100011fc                timer_time_us_64
 .text.time_us_64
                0x1000120c       0x14 CMakeFiles/blink.dir/home/adarsh/pi/pico/pico-sdk/src/rp2_common/hardware_timer/timer.c.obj
                0x1000120c                time_us_64
 .text.clock_configure_int_divider
                0x10001220       0xf4 CMakeFiles/blink.dir/home/adarsh/pi/pico/pico-sdk/src/rp2_common/hardware_clocks/clocks.c.obj
                0x10001220                clock_configure_int_divider
 .text.clock_configure_undivided
                0x10001314       0xe8 CMakeFiles/blink.dir/home/adarsh/pi/pico/pico-sdk/src/rp2_common/hardware_clocks/clocks.c.obj
                0x10001314                clock_configure_undivided
 .text.clock_get_hz
                0x100013fc        0xc CMakeFiles/blink.dir/home/adarsh/pi/pico/pico-sdk/src/rp2_common/hardware_clocks/clocks.c.obj
                0x100013fc                clock_get_hz
 .text.pll_init
                0x10001408       0xa4 CMakeFiles/blink.dir/home/adarsh/pi/pico/pico-sdk/src/rp2_common/hardware_pll/pll.c.obj
                0x10001408                pll_init
 .text.watchdog_reboot
                0x100014ac       0x9c CMakeFiles/blink.dir/home/adarsh/pi/pico/pico-sdk/src/rp2_common/hardware_watchdog/watchdog.c.obj
                0x100014ac                watchdog_reboot
 .text.tick_start
                0x10001548       0x10 CMakeFiles/blink.dir/home/adarsh/pi/pico/pico-sdk/src/rp2_common/hardware_ticks/ticks.c.obj
                0x10001548                tick_start
 .text.xosc_init
                0x10001558       0x28 CMakeFiles/blink.dir/home/adarsh/pi/pico/pico-sdk/src/rp2_common/hardware_xosc/xosc.c.obj
                0x10001558                xosc_init
 .text.first_per_core_initializer
                0x10001580        0x4 CMakeFiles/blink.dir/home/adarsh/pi/pico/pico-sdk/src/rp2_common/pico_runtime/runtime.c.obj
 .text.hard_assertion_failure
                0x10001584        0xc CMakeFiles/blink.dir/home/adarsh/pi/pico/pico-sdk/src/rp2_common/pico_runtime/runtime.c.obj
                0x10001584                hard_assertion_failure
 .text.runtime_run_initializers
                0x10001590       0x28 CMakeFiles/blink.dir/home/adarsh/pi/pico/pico-sdk/src/rp2_common/pico_runtime/runtime.c.obj
                0x10001590                runtime_run_initializers
 .text.runtime_run_per_core_initializers
                0x100015b8       0x28 CMakeFiles/blink.dir/home/adarsh/pi/pico/pico-sdk/src/rp2_common/pico_runtime/runtime.c.obj
                0x100015b8                runtime_run_per_core_initializers
 .text.runtime_init_early_resets
                0x100015e0       0x2c CMakeFiles/blink.dir/home/adarsh/pi/pico/pico-sdk/src/rp2_common/pico_runtime_init/runtime_init.c.obj
                0x100015e0                runtime_init_early_resets
 .text.runtime_init_usb_power_down
                0x1000160c       0x1c CMakeFiles/blink.dir/home/adarsh/pi/pico/pico-sdk/src/rp2_common/pico_runtime_init/runtime_init.c.obj
                0x1000160c                runtime_init_usb_power_down
 .text.runtime_init_post_clock_resets
                0x10001628       0x20 CMakeFiles/blink.dir/home/adarsh/pi/pico/pico-sdk/src/rp2_common/pico_runtime_init/runtime_init.c.obj
                0x10001628                runtime_init_post_clock_resets
 .text.runtime_init_rp2040_gpio_ie_disable
                0x10001648       0x14 CMakeFiles/blink.dir/home/adarsh/pi/pico/pico-sdk/src/rp2_common/pico_runtime_init/runtime_init.c.obj
                0x10001648                runtime_init_rp2040_gpio_ie_disable
 .text.runtime_init_spin_locks_reset
                0x1000165c        0x8 CMakeFiles/blink.dir/home/adarsh/pi/pico/pico-sdk/src/rp2_common/pico_runtime_init/runtime_init.c.obj
                0x1000165c                runtime_init_spin_locks_reset
 .text.runtime_init_install_ram_vector_table
                0x10001664       0x1c CMakeFiles/blink.dir/home/adarsh/pi/pico/pico-sdk/src/rp2_common/pico_runtime_init/runtime_init.c.obj
                0x10001664                runtime_init_install_ram_vector_table
 .text.runtime_init_clocks
                0x10001680       0xd8 CMakeFiles/blink.dir/home/adarsh/pi/pico/pico-sdk/src/rp2_common/pico_runtime_init/runtime_init_clocks.c.obj
                0x10001680                runtime_init_clocks
 .text          0x10001758       0x10 CMakeFiles/blink.dir/home/adarsh/pi/pico/pico-sdk/src/rp2_common/pico_bit_ops/bit_ops_aeabi.S.obj
 .text.clzsi    0x10001768        0xc CMakeFiles/blink.dir/home/adarsh/pi/pico/pico-sdk/src/rp2_common/pico_bit_ops/bit_ops_aeabi.S.obj
                0x10001768                __wrap___clz
                0x10001768                __wrap___clzsi2
                0x10001768                __wrap___clzl
 .text.rom_func_lookup
                0x10001774       0x10 CMakeFiles/blink.dir/home/adarsh/pi/pico/pico-sdk/src/rp2_common/pico_bootrom/bootrom.c.obj
                0x10001774                rom_func_lookup
 .text.rom_data_lookup
                0x10001784       0x10 CMakeFiles/blink.dir/home/adarsh/pi/pico/pico-sdk/src/rp2_common/pico_bootrom/bootrom.c.obj
                0x10001784                rom_data_lookup
 .text.rom_funcs_lookup
                0x10001794       0x44 CMakeFiles/blink.dir/home/adarsh/pi/pico/pico-sdk/src/rp2_common/pico_bootrom/bootrom.c.obj
                0x10001794                rom_funcs_lookup
 .text.rom_reset_usb_boot
                0x100017d8       0x20 CMakeFiles/blink.dir/home/adarsh/pi/pico/pico-sdk/src/rp2_common/pico_bootrom/bootrom.c.obj
                0x100017d8                rom_reset_usb_boot
 .text.__wrap___aeabi_idiv
                0x100017f8       0x50 CMakeFiles/blink.dir/home/adarsh/pi/pico/pico-sdk/src/rp2_common/pico_divider/divider_hardware.S.obj
                0x100017f8                __wrap___aeabi_idivmod
                0x100017f8                divmod_s32s32
                0x100017f8                div_s32s32
                0x100017f8                __wrap___aeabi_idiv
                0x10001800                divmod_s32s32_unsafe
                0x1000182c                divmod_s32s32_savestate
 .text.__wrap___aeabi_uidiv
                0x10001848       0x4c CMakeFiles/blink.dir/home/adarsh/pi/pico/pico-sdk/src/rp2_common/pico_divider/divider_hardware.S.obj
                0x10001848                __wrap___aeabi_uidiv
                0x10001848                __wrap___aeabi_uidivmod
                0x10001848                div_u32u32
                0x10001848                divmod_u32u32
                0x10001850                divmod_u32u32_unsafe
                0x10001878                divmod_u32u32_savestate
 .text.__wrap___aeabi_ldiv
                0x10001894      0x424 CMakeFiles/blink.dir/home/adarsh/pi/pico/pico-sdk/src/rp2_common/pico_divider/divider_hardware.S.obj
                0x10001894                div_s64s64
                0x10001894                divmod_s64s64
                0x10001894                __wrap___aeabi_ldivmod
                0x100018c4                div_u64u64
                0x100018c4                divmod_u64u64
                0x100018c4                __wrap___aeabi_uldivmod
                0x100018d4                divmod_u64u64_savestate
                0x100018f4                divmod_s64s64_unsafe
                0x1000197c                divmod_u64u64_unsafe
 .text.__wrap___aeabi_darithmetic
                0x10001cb8       0x80 CMakeFiles/blink.dir/home/adarsh/pi/pico/pico-sdk/src/rp2_common/pico_double/double_aeabi_rp2040.S.obj
                0x10001cb8                __wrap___aeabi_drsub
                0x10001cbe                __wrap___aeabi_dsub
                0x10001cd0                __wrap___aeabi_dadd
                0x10001ce2                __wrap___aeabi_ddiv
                0x10001d1e                __wrap___aeabi_dmul
 .text.__wrap___aeabi_cdcmple
                0x10001d38       0x6c CMakeFiles/blink.dir/home/adarsh/pi/pico/pico-sdk/src/rp2_common/pico_double/double_aeabi_rp2040.S.obj
                0x10001d38                __wrap___aeabi_cdrcmple
                0x10001d48                __wrap___aeabi_cdcmple
                0x10001d48                __wrap___aeabi_cdcmpeq
 .text.__wrap___aeabi_dcmplt
                0x10001da4        0xc CMakeFiles/blink.dir/home/adarsh/pi/pico/pico-sdk/src/rp2_common/pico_double/double_aeabi_rp2040.S.obj
                0x10001da4                __wrap___aeabi_dcmplt
 .text.__wrap___aeabi_dcmpge
                0x10001db0       0x10 CMakeFiles/blink.dir/home/adarsh/pi/pico/pico-sdk/src/rp2_common/pico_double/double_aeabi_rp2040.S.obj
                0x10001db0                __wrap___aeabi_dcmpge
 .text.__wrap___aeabi_dcmpgt
                0x10001dc0        0xa CMakeFiles/blink.dir/home/adarsh/pi/pico/pico-sdk/src/rp2_common/pico_double/double_aeabi_rp2040.S.obj
                0x10001dc0                __wrap___aeabi_dcmpgt
 .text.__wrap___aeabi_dcmpun
                0x10001dca       0x18 CMakeFiles/blink.dir/home/adarsh/pi/pico/pico-sdk/src/rp2_common/pico_double/double_aeabi_rp2040.S.obj
                0x10001dca                __wrap___aeabi_dcmpun
 *fill*         0x10001de2        0x2 
 .text.__wrap___aeabi_i2d
                0x10001de4       0x38 CMakeFiles/blink.dir/home/adarsh/pi/pico/pico-sdk/src/rp2_common/pico_double/double_aeabi_rp2040.S.obj
                0x10001de4                __wrap___aeabi_ui2d
                0x10001dec                __wrap___aeabi_i2d
 .text.__wrap___aeabi_d2iz
                0x10001e1c       0x48 CMakeFiles/blink.dir/home/adarsh/pi/pico/pico-sdk/src/rp2_common/pico_double/double_aeabi_rp2040.S.obj
                0x10001e1c                __wrap___aeabi_d2iz
                0x10001e1c                double2int_z
 .text.__wrap___aeabi_d2uiz
                0x10001e64       0x18 CMakeFiles/blink.dir/home/adarsh/pi/pico/pico-sdk/src/rp2_common/pico_double/double_aeabi_rp2040.S.obj
                0x10001e64                double2uint
                0x10001e64                __wrap___aeabi_d2uiz
 .text.__aeabi_double_init
                0x10001e7c       0xa4 CMakeFiles/blink.dir/home/adarsh/pi/pico/pico-sdk/src/rp2_common/pico_double/double_init_rom_rp2040.c.obj
                0x10001e7c                __aeabi_double_init
 .text.double_table_shim_on_use_helper
                0x10001f20       0x2c CMakeFiles/blink.dir/home/adarsh/pi/pico/pico-sdk/src/rp2_common/pico_double/double_v1_rom_shim_rp2040.S.obj
                0x10001f20                double_table_shim_on_use_helper
 .text.__wrap___aeabi_dsub
                0x10001f4c       0x10 CMakeFiles/blink.dir/home/adarsh/pi/pico/pico-sdk/src/rp2_common/pico_double/double_v1_rom_shim_rp2040.S.obj
                0x10001f4c                drsub_shim
                0x10001f52                dsub_shim
 .text.dadd_shim
                0x10001f5c      0x15c CMakeFiles/blink.dir/home/adarsh/pi/pico/pico-sdk/src/rp2_common/pico_double/double_v1_rom_shim_rp2040.S.obj
                0x10001f5c                dadd_shim
 .text.dmul_shim
                0x100020b8      0x15c CMakeFiles/blink.dir/home/adarsh/pi/pico/pico-sdk/src/rp2_common/pico_double/double_v1_rom_shim_rp2040.S.obj
                0x100020b8                dmul_shim
 .text.ddiv_shim
                0x10002214      0x1b0 CMakeFiles/blink.dir/home/adarsh/pi/pico/pico-sdk/src/rp2_common/pico_double/double_v1_rom_shim_rp2040.S.obj
                0x10002214                ddiv_shim
 .text.double2uint_shim
                0x100023c4        0xe CMakeFiles/blink.dir/home/adarsh/pi/pico/pico-sdk/src/rp2_common/pico_double/double_v1_rom_shim_rp2040.S.obj
                0x100023c4                double2uint_shim
                0x100023c6                double2ufix_shim
 *fill*         0x100023d2        0x2 
 .text.double2uint64_shim
                0x100023d4       0x70 CMakeFiles/blink.dir/home/adarsh/pi/pico/pico-sdk/src/rp2_common/pico_double/double_v1_rom_shim_rp2040.S.obj
                0x100023d4                double2uint64_shim
                0x100023d6                double2ufix64_shim
                0x100023f6                d2fix_a
 .text.dunpacks
                0x10002444       0x3c CMakeFiles/blink.dir/home/adarsh/pi/pico/pico-sdk/src/rp2_common/pico_double/double_v1_rom_shim_rp2040.S.obj
                0x10002444                dunpacks
 .text.__aeabi_lmul
                0x10002480       0x32 CMakeFiles/blink.dir/home/adarsh/pi/pico/pico-sdk/src/rp2_common/pico_int64_ops/pico_int64_ops_aeabi.S.obj
                0x10002480                __wrap___aeabi_lmul
 *fill*         0x100024b2        0x2 
 .text.__aeabi_float_init
                0x100024b4       0x64 CMakeFiles/blink.dir/home/adarsh/pi/pico/pico-sdk/src/rp2_common/pico_float/float_init_rom_rp2040.c.obj
                0x100024b4                __aeabi_float_init
 .text.float_table_shim_on_use_helper
                0x10002518       0x2c CMakeFiles/blink.dir/home/adarsh/pi/pico/pico-sdk/src/rp2_common/pico_float/float_v1_rom_shim_rp2040.S.obj
                0x10002518                float_table_shim_on_use_helper
 .text          0x10002544       0x10 CMakeFiles/blink.dir/home/adarsh/pi/pico/pico-sdk/src/rp2_common/pico_mem_ops/mem_ops_aeabi.S.obj
                0x10002544                __aeabi_mem_init
 .text.memset   0x10002554        0xc CMakeFiles/blink.dir/home/adarsh/pi/pico/pico-sdk/src/rp2_common/pico_mem_ops/mem_ops_aeabi.S.obj
                0x10002554                __wrap_memset
 .text.memcpy   0x10002560        0xc CMakeFiles/blink.dir/home/adarsh/pi/pico/pico-sdk/src/rp2_common/pico_mem_ops/mem_ops_aeabi.S.obj
                0x10002560                __wrap___aeabi_memcpy
                0x10002560                __wrap_memcpy
 .text._out_buffer
                0x1000256c        0x8 CMakeFiles/blink.dir/home/adarsh/pi/pico/pico-sdk/src/rp2_common/pico_printf/printf.c.obj
 .text._out_null
                0x10002574        0x4 CMakeFiles/blink.dir/home/adarsh/pi/pico/pico-sdk/src/rp2_common/pico_printf/printf.c.obj
 .text._out_rev
                0x10002578       0xac CMakeFiles/blink.dir/home/adarsh/pi/pico/pico-sdk/src/rp2_common/pico_printf/printf.c.obj
 .text._ntoa_format
                0x10002624      0x250 CMakeFiles/blink.dir/home/adarsh/pi/pico/pico-sdk/src/rp2_common/pico_printf/printf.c.obj
 .text._out_char
                0x10002874       0x10 CMakeFiles/blink.dir/home/adarsh/pi/pico/pico-sdk/src/rp2_common/pico_printf/printf.c.obj
 .text._etoa    0x10002884      0x464 CMakeFiles/blink.dir/home/adarsh/pi/pico/pico-sdk/src/rp2_common/pico_printf/printf.c.obj
 .text._ftoa    0x10002ce8      0x3c0 CMakeFiles/blink.dir/home/adarsh/pi/pico/pico-sdk/src/rp2_common/pico_printf/printf.c.obj
 .text._vsnprintf
                0x100030a8      0xbc8 CMakeFiles/blink.dir/home/adarsh/pi/pico/pico-sdk/src/rp2_common/pico_printf/printf.c.obj
 .text.__wrap_sprintf
                0x10003c70       0x2c CMakeFiles/blink.dir/home/adarsh/pi/pico/pico-sdk/src/rp2_common/pico_printf/printf.c.obj
                0x10003c70                __wrap_sprintf
 .text.weak_raw_vprintf
                0x10003c9c       0x30 CMakeFiles/blink.dir/home/adarsh/pi/pico/pico-sdk/src/rp2_common/pico_printf/printf.c.obj
                0x10003c9c                weak_raw_vprintf
 .text._exit    0x10003ccc        0x4 CMakeFiles/blink.dir/home/adarsh/pi/pico/pico-sdk/src/rp2_common/pico_clib_interface/newlib_interface.c.obj
                0x10003ccc                _exit
 .text.exit     0x10003cd0        0x8 CMakeFiles/blink.dir/home/adarsh/pi/pico/pico-sdk/src/rp2_common/pico_clib_interface/newlib_interface.c.obj
                0x10003cd0                exit
 .text.runtime_init
                0x10003cd8       0x2c CMakeFiles/blink.dir/home/adarsh/pi/pico/pico-sdk/src/rp2_common/pico_clib_interface/newlib_interface.c.obj
                0x10003cd8                runtime_init
 .text.stdio_out_chars_no_crlf
                0x10003d04       0x10 CMakeFiles/blink.dir/home/adarsh/pi/pico/pico-sdk/src/rp2_common/pico_stdio/stdio.c.obj
 .text.stdio_out_chars_crlf
                0x10003d14       0x94 CMakeFiles/blink.dir/home/adarsh/pi/pico/pico-sdk/src/rp2_common/pico_stdio/stdio.c.obj
 .text.stdio_put_string
                0x10003da8      0x100 CMakeFiles/blink.dir/home/adarsh/pi/pico/pico-sdk/src/rp2_common/pico_stdio/stdio.c.obj
                0x10003da8                stdio_put_string
 .text.stdio_set_driver_enabled
                0x10003ea8       0x30 CMakeFiles/blink.dir/home/adarsh/pi/pico/pico-sdk/src/rp2_common/pico_stdio/stdio.c.obj
                0x10003ea8                stdio_set_driver_enabled
 .text.stdio_init_all
                0x10003ed8        0x8 CMakeFiles/blink.dir/home/adarsh/pi/pico/pico-sdk/src/rp2_common/pico_stdio/stdio.c.obj
                0x10003ed8                stdio_init_all
 .text.__wrap_putchar
                0x10003ee0       0x98 CMakeFiles/blink.dir/home/adarsh/pi/pico/pico-sdk/src/rp2_common/pico_stdio/stdio.c.obj
                0x10003ee0                stdio_putchar
                0x10003ee0                __wrap_putchar
 .text.__wrap_puts
                0x10003f78       0x3c CMakeFiles/blink.dir/home/adarsh/pi/pico/pico-sdk/src/rp2_common/pico_stdio/stdio.c.obj
                0x10003f78                __wrap_puts
                0x10003f78                stdio_puts
 .text.resetd_init
                0x10003fb4        0x4 CMakeFiles/blink.dir/home/adarsh/pi/pico/pico-sdk/src/rp2_common/pico_stdio_usb/reset_interface.c.obj
 .text.resetd_reset
                0x10003fb8        0xc CMakeFiles/blink.dir/home/adarsh/pi/pico/pico-sdk/src/rp2_common/pico_stdio_usb/reset_interface.c.obj
 .text.resetd_open
                0x10003fc4       0x28 CMakeFiles/blink.dir/home/adarsh/pi/pico/pico-sdk/src/rp2_common/pico_stdio_usb/reset_interface.c.obj
 .text.resetd_xfer_cb
                0x10003fec        0x4 CMakeFiles/blink.dir/home/adarsh/pi/pico/pico-sdk/src/rp2_common/pico_stdio_usb/reset_interface.c.obj
 .text.resetd_control_xfer_cb
                0x10003ff0       0x54 CMakeFiles/blink.dir/home/adarsh/pi/pico/pico-sdk/src/rp2_common/pico_stdio_usb/reset_interface.c.obj
 .text.tud_descriptor_bos_cb
                0x10004044        0x8 CMakeFiles/blink.dir/home/adarsh/pi/pico/pico-sdk/src/rp2_common/pico_stdio_usb/reset_interface.c.obj
                0x10004044                tud_descriptor_bos_cb
 .text.tud_vendor_control_xfer_cb
                0x1000404c       0x34 CMakeFiles/blink.dir/home/adarsh/pi/pico/pico-sdk/src/rp2_common/pico_stdio_usb/reset_interface.c.obj
                0x1000404c                tud_vendor_control_xfer_cb
 .text.usbd_app_driver_get_cb
                0x10004080        0xc CMakeFiles/blink.dir/home/adarsh/pi/pico/pico-sdk/src/rp2_common/pico_stdio_usb/reset_interface.c.obj
                0x10004080                usbd_app_driver_get_cb
 .text.tud_cdc_line_coding_cb
                0x1000408c       0x28 CMakeFiles/blink.dir/home/adarsh/pi/pico/pico-sdk/src/rp2_common/pico_stdio_usb/reset_interface.c.obj
                0x1000408c                tud_cdc_line_coding_cb
 .text.stdio_usb_set_chars_available_callback
                0x100040b4       0x14 CMakeFiles/blink.dir/home/adarsh/pi/pico/pico-sdk/src/rp2_common/pico_stdio_usb/stdio_usb.c.obj
                0x100040b4                stdio_usb_set_chars_available_callback
 .text.usb_irq  0x100040c8       0x10 CMakeFiles/blink.dir/home/adarsh/pi/pico/pico-sdk/src/rp2_common/pico_stdio_usb/stdio_usb.c.obj
 .text.timer_task
                0x100040d8       0x64 CMakeFiles/blink.dir/home/adarsh/pi/pico/pico-sdk/src/rp2_common/pico_stdio_usb/stdio_usb.c.obj
 .text.stdio_usb_in_chars
                0x1000413c       0x90 CMakeFiles/blink.dir/home/adarsh/pi/pico/pico-sdk/src/rp2_common/pico_stdio_usb/stdio_usb.c.obj
                0x1000413c                stdio_usb_in_chars
 .text.stdio_usb_out_flush
                0x100041cc       0x50 CMakeFiles/blink.dir/home/adarsh/pi/pico/pico-sdk/src/rp2_common/pico_stdio_usb/stdio_usb.c.obj
 .text.stdio_usb_out_chars
                0x1000421c      0x104 CMakeFiles/blink.dir/home/adarsh/pi/pico/pico-sdk/src/rp2_common/pico_stdio_usb/stdio_usb.c.obj
 .text.low_priority_worker_irq
                0x10004320       0xcc CMakeFiles/blink.dir/home/adarsh/pi/pico/pico-sdk/src/rp2_common/pico_stdio_usb/stdio_usb.c.obj
 .text.stdio_usb_init
                0x100043ec       0xe8 CMakeFiles/blink.dir/home/adarsh/pi/pico/pico-sdk/src/rp2_common/pico_stdio_usb/stdio_usb.c.obj
                0x100043ec                stdio_usb_init
 .text.tud_descriptor_device_cb
                0x100044d4        0x8 CMakeFiles/blink.dir/home/adarsh/pi/pico/pico-sdk/src/rp2_common/pico_stdio_usb/stdio_usb_descriptors.c.obj
                0x100044d4                tud_descriptor_device_cb
 .text.tud_descriptor_configuration_cb
                0x100044dc        0x8 CMakeFiles/blink.dir/home/adarsh/pi/pico/pico-sdk/src/rp2_common/pico_stdio_usb/stdio_usb_descriptors.c.obj
                0x100044dc                tud_descriptor_configuration_cb
 .text.tud_descriptor_string_cb
                0x100044e4       0x78 CMakeFiles/blink.dir/home/adarsh/pi/pico/pico-sdk/src/rp2_common/pico_stdio_usb/stdio_usb_descriptors.c.obj
                0x100044e4                tud_descriptor_string_cb
 .text.startup._retrieve_unique_id_on_boot
                0x1000455c       0x10 CMakeFiles/blink.dir/home/adarsh/pi/pico/pico-sdk/src/rp2_common/pico_unique_id/unique_id.c.obj
 .text.pico_get_unique_board_id_string
                0x1000456c      0x1a8 CMakeFiles/blink.dir/home/adarsh/pi/pico/pico-sdk/src/rp2_common/pico_unique_id/unique_id.c.obj
                0x1000456c                pico_get_unique_board_id_string
 .text.flash_get_unique_id
                0x10004714       0x3c CMakeFiles/blink.dir/home/adarsh/pi/pico/pico-sdk/src/rp2_common/hardware_flash/flash.c.obj
                0x10004714                flash_get_unique_id
 .text.dcd_init
                0x10004750       0x8c CMakeFiles/blink.dir/home/adarsh/pi/pico/pico-sdk/lib/tinyusb/src/portable/raspberrypi/rp2040/dcd_rp2040.c.obj
                0x10004750                dcd_init
 .text.dcd_int_enable
                0x100047dc        0xc CMakeFiles/blink.dir/home/adarsh/pi/pico/pico-sdk/lib/tinyusb/src/portable/raspberrypi/rp2040/dcd_rp2040.c.obj
                0x100047dc                dcd_int_enable
 .text.dcd_set_address
                0x100047e8       0x14 CMakeFiles/blink.dir/home/adarsh/pi/pico/pico-sdk/lib/tinyusb/src/portable/raspberrypi/rp2040/dcd_rp2040.c.obj
                0x100047e8                dcd_set_address
 .text.dcd_sof_enable
                0x100047fc       0x1c CMakeFiles/blink.dir/home/adarsh/pi/pico/pico-sdk/lib/tinyusb/src/portable/raspberrypi/rp2040/dcd_rp2040.c.obj
                0x100047fc                dcd_sof_enable
 .text.dcd_edpt0_status_complete
                0x10004818       0x1c CMakeFiles/blink.dir/home/adarsh/pi/pico/pico-sdk/lib/tinyusb/src/portable/raspberrypi/rp2040/dcd_rp2040.c.obj
                0x10004818                dcd_edpt0_status_complete
 .text.dcd_edpt_open
                0x10004834      0x108 CMakeFiles/blink.dir/home/adarsh/pi/pico/pico-sdk/lib/tinyusb/src/portable/raspberrypi/rp2040/dcd_rp2040.c.obj
                0x10004834                dcd_edpt_open
 .text.dcd_edpt_close_all
                0x1000493c        0x8 CMakeFiles/blink.dir/home/adarsh/pi/pico/pico-sdk/lib/tinyusb/src/portable/raspberrypi/rp2040/dcd_rp2040.c.obj
                0x1000493c                dcd_edpt_close_all
 .text.dcd_edpt_xfer
                0x10004944       0x24 CMakeFiles/blink.dir/home/adarsh/pi/pico/pico-sdk/lib/tinyusb/src/portable/raspberrypi/rp2040/dcd_rp2040.c.obj
                0x10004944                dcd_edpt_xfer
 .text.dcd_edpt_stall
                0x10004968       0x34 CMakeFiles/blink.dir/home/adarsh/pi/pico/pico-sdk/lib/tinyusb/src/portable/raspberrypi/rp2040/dcd_rp2040.c.obj
                0x10004968                dcd_edpt_stall
 .text.dcd_edpt_clear_stall
                0x1000499c       0x30 CMakeFiles/blink.dir/home/adarsh/pi/pico/pico-sdk/lib/tinyusb/src/portable/raspberrypi/rp2040/dcd_rp2040.c.obj
                0x1000499c                dcd_edpt_clear_stall
 .text.rp2040_usb_init
                0x100049cc       0x40 CMakeFiles/blink.dir/home/adarsh/pi/pico/pico-sdk/lib/tinyusb/src/portable/raspberrypi/rp2040/rp2040_usb.c.obj
                0x100049cc                rp2040_usb_init
 .text.hw_endpoint_xfer_start
                0x10004a0c       0x40 CMakeFiles/blink.dir/home/adarsh/pi/pico/pico-sdk/lib/tinyusb/src/portable/raspberrypi/rp2040/rp2040_usb.c.obj
                0x10004a0c                hw_endpoint_xfer_start
 .text.tud_event_hook_cb
                0x10004a4c        0x4 CMakeFiles/blink.dir/home/adarsh/pi/pico/pico-sdk/lib/tinyusb/src/device/usbd.c.obj
                0x10004a4c                tud_event_hook_cb
 .text.tud_sof_cb
                0x10004a50        0x4 CMakeFiles/blink.dir/home/adarsh/pi/pico/pico-sdk/lib/tinyusb/src/device/usbd.c.obj
                0x10004a50                tud_sof_cb
 .text.tud_descriptor_device_qualifier_cb
                0x10004a54        0x4 CMakeFiles/blink.dir/home/adarsh/pi/pico/pico-sdk/lib/tinyusb/src/device/usbd.c.obj
                0x10004a54                tud_descriptor_device_qualifier_cb
 .text.tud_descriptor_other_speed_configuration_cb
                0x10004a58        0x4 CMakeFiles/blink.dir/home/adarsh/pi/pico/pico-sdk/lib/tinyusb/src/device/usbd.c.obj
                0x10004a58                tud_descriptor_other_speed_configuration_cb
 .text.tud_mount_cb
                0x10004a5c        0x4 CMakeFiles/blink.dir/home/adarsh/pi/pico/pico-sdk/lib/tinyusb/src/device/usbd.c.obj
                0x10004a5c                tud_mount_cb
 .text.tud_umount_cb
                0x10004a60        0x4 CMakeFiles/blink.dir/home/adarsh/pi/pico/pico-sdk/lib/tinyusb/src/device/usbd.c.obj
                0x10004a60                tud_umount_cb
 .text.tud_suspend_cb
                0x10004a64        0x4 CMakeFiles/blink.dir/home/adarsh/pi/pico/pico-sdk/lib/tinyusb/src/device/usbd.c.obj
                0x10004a64                tud_suspend_cb
 .text.tud_resume_cb
                0x10004a68        0x4 CMakeFiles/blink.dir/home/adarsh/pi/pico/pico-sdk/lib/tinyusb/src/device/usbd.c.obj
                0x10004a68                tud_resume_cb
 .text.tud_mounted
                0x10004a6c       0x10 CMakeFiles/blink.dir/home/adarsh/pi/pico/pico-sdk/lib/tinyusb/src/device/usbd.c.obj
                0x10004a6c                tud_mounted
 .text.tud_suspended
                0x10004a7c       0x10 CMakeFiles/blink.dir/home/adarsh/pi/pico/pico-sdk/lib/tinyusb/src/device/usbd.c.obj
                0x10004a7c                tud_suspended
 .text.tud_init
                0x10004a8c       0xe4 CMakeFiles/blink.dir/home/adarsh/pi/pico/pico-sdk/lib/tinyusb/src/device/usbd.c.obj
                0x10004a8c                tud_init
 .text.tud_task_ext
                0x10004b70      0x800 CMakeFiles/blink.dir/home/adarsh/pi/pico/pico-sdk/lib/tinyusb/src/device/usbd.c.obj
                0x10004b70                tud_task_ext
 .text.usbd_open_edpt_pair
                0x10005370       0x9c CMakeFiles/blink.dir/home/adarsh/pi/pico/pico-sdk/lib/tinyusb/src/device/usbd.c.obj
                0x10005370                usbd_open_edpt_pair
 .text.usbd_edpt_open
                0x1000540c       0x34 CMakeFiles/blink.dir/home/adarsh/pi/pico/pico-sdk/lib/tinyusb/src/device/usbd.c.obj
                0x1000540c                usbd_edpt_open
 .text.usbd_edpt_claim
                0x10005440       0x28 CMakeFiles/blink.dir/home/adarsh/pi/pico/pico-sdk/lib/tinyusb/src/device/usbd.c.obj
                0x10005440                usbd_edpt_claim
 .text.usbd_edpt_release
                0x10005468       0x28 CMakeFiles/blink.dir/home/adarsh/pi/pico/pico-sdk/lib/tinyusb/src/device/usbd.c.obj
                0x10005468                usbd_edpt_release
 .text.usbd_edpt_xfer
                0x10005490       0x4c CMakeFiles/blink.dir/home/adarsh/pi/pico/pico-sdk/lib/tinyusb/src/device/usbd.c.obj
                0x10005490                usbd_edpt_xfer
 .text.tud_control_status
                0x100054dc       0x2c CMakeFiles/blink.dir/home/adarsh/pi/pico/pico-sdk/lib/tinyusb/src/device/usbd_control.c.obj
                0x100054dc                tud_control_status
 .text.tud_control_xfer
                0x10005508       0xac CMakeFiles/blink.dir/home/adarsh/pi/pico/pico-sdk/lib/tinyusb/src/device/usbd_control.c.obj
                0x10005508                tud_control_xfer
 .text.usbd_control_reset
                0x100055b4       0x14 CMakeFiles/blink.dir/home/adarsh/pi/pico/pico-sdk/lib/tinyusb/src/device/usbd_control.c.obj
                0x100055b4                usbd_control_reset
 .text.usbd_control_set_complete_callback
                0x100055c8        0xc CMakeFiles/blink.dir/home/adarsh/pi/pico/pico-sdk/lib/tinyusb/src/device/usbd_control.c.obj
                0x100055c8                usbd_control_set_complete_callback
 .text.usbd_control_set_request
                0x100055d4       0x1c CMakeFiles/blink.dir/home/adarsh/pi/pico/pico-sdk/lib/tinyusb/src/device/usbd_control.c.obj
                0x100055d4                usbd_control_set_request
 .text.usbd_control_xfer_cb
                0x100055f0       0xec CMakeFiles/blink.dir/home/adarsh/pi/pico/pico-sdk/lib/tinyusb/src/device/usbd_control.c.obj
                0x100055f0                usbd_control_xfer_cb
 .text._prep_out_transaction.isra.0
                0x100056dc       0x5c CMakeFiles/blink.dir/home/adarsh/pi/pico/pico-sdk/lib/tinyusb/src/class/cdc/cdc_device.c.obj
 .text.tud_cdc_n_connected
                0x10005738       0x30 CMakeFiles/blink.dir/home/adarsh/pi/pico/pico-sdk/lib/tinyusb/src/class/cdc/cdc_device.c.obj
                0x10005738                tud_cdc_n_connected
 .text.tud_cdc_n_available
                0x10005768       0x18 CMakeFiles/blink.dir/home/adarsh/pi/pico/pico-sdk/lib/tinyusb/src/class/cdc/cdc_device.c.obj
                0x10005768                tud_cdc_n_available
 .text.tud_cdc_n_read
                0x10005780       0x98 CMakeFiles/blink.dir/home/adarsh/pi/pico/pico-sdk/lib/tinyusb/src/class/cdc/cdc_device.c.obj
                0x10005780                tud_cdc_n_read
 .text.tud_cdc_n_write_flush
                0x10005818       0x78 CMakeFiles/blink.dir/home/adarsh/pi/pico/pico-sdk/lib/tinyusb/src/class/cdc/cdc_device.c.obj
                0x10005818                tud_cdc_n_write_flush
 .text.tud_cdc_n_write
                0x10005890       0x40 CMakeFiles/blink.dir/home/adarsh/pi/pico/pico-sdk/lib/tinyusb/src/class/cdc/cdc_device.c.obj
                0x10005890                tud_cdc_n_write
 .text.tud_cdc_n_write_available
                0x100058d0       0x18 CMakeFiles/blink.dir/home/adarsh/pi/pico/pico-sdk/lib/tinyusb/src/class/cdc/cdc_device.c.obj
                0x100058d0                tud_cdc_n_write_available
 .text.cdcd_init
                0x100058e8       0x7c CMakeFiles/blink.dir/home/adarsh/pi/pico/pico-sdk/lib/tinyusb/src/class/cdc/cdc_device.c.obj
                0x100058e8                cdcd_init
 .text.cdcd_deinit
                0x10005964       0x34 CMakeFiles/blink.dir/home/adarsh/pi/pico/pico-sdk/lib/tinyusb/src/class/cdc/cdc_device.c.obj
                0x10005964                cdcd_deinit
 .text.cdcd_reset
                0x10005998       0x4c CMakeFiles/blink.dir/home/adarsh/pi/pico/pico-sdk/lib/tinyusb/src/class/cdc/cdc_device.c.obj
                0x10005998                cdcd_reset
 .text.cdcd_open
                0x100059e4       0xb0 CMakeFiles/blink.dir/home/adarsh/pi/pico/pico-sdk/lib/tinyusb/src/class/cdc/cdc_device.c.obj
                0x100059e4                cdcd_open
 .text.cdcd_control_xfer_cb
                0x10005a94       0xe4 CMakeFiles/blink.dir/home/adarsh/pi/pico/pico-sdk/lib/tinyusb/src/class/cdc/cdc_device.c.obj
                0x10005a94                cdcd_control_xfer_cb
 .text.cdcd_xfer_cb
                0x10005b78      0x100 CMakeFiles/blink.dir/home/adarsh/pi/pico/pico-sdk/lib/tinyusb/src/class/cdc/cdc_device.c.obj
                0x10005b78                cdcd_xfer_cb
 .text.tud_vendor_n_write_flush
                0x10005c78       0x78 CMakeFiles/blink.dir/home/adarsh/pi/pico/pico-sdk/lib/tinyusb/src/class/vendor/vendor_device.c.obj
                0x10005c78                tud_vendor_n_write_flush
 .text.vendord_init
                0x10005cf0       0x64 CMakeFiles/blink.dir/home/adarsh/pi/pico/pico-sdk/lib/tinyusb/src/class/vendor/vendor_device.c.obj
                0x10005cf0                vendord_init
 .text.vendord_deinit
                0x10005d54       0x34 CMakeFiles/blink.dir/home/adarsh/pi/pico/pico-sdk/lib/tinyusb/src/class/vendor/vendor_device.c.obj
                0x10005d54                vendord_deinit
 .text.vendord_reset
                0x10005d88       0x1c CMakeFiles/blink.dir/home/adarsh/pi/pico/pico-sdk/lib/tinyusb/src/class/vendor/vendor_device.c.obj
                0x10005d88                vendord_reset
 .text.vendord_open
                0x10005da4       0xd8 CMakeFiles/blink.dir/home/adarsh/pi/pico/pico-sdk/lib/tinyusb/src/class/vendor/vendor_device.c.obj
                0x10005da4                vendord_open
 .text.vendord_xfer_cb
                0x10005e7c       0xc8 CMakeFiles/blink.dir/home/adarsh/pi/pico/pico-sdk/lib/tinyusb/src/class/vendor/vendor_device.c.obj
                0x10005e7c                vendord_xfer_cb
 .text.tusb_init
                0x10005f44        0xc CMakeFiles/blink.dir/home/adarsh/pi/pico/pico-sdk/lib/tinyusb/src/tusb.c.obj
                0x10005f44                tusb_init
 .text.tu_edpt_claim
                0x10005f50       0x50 CMakeFiles/blink.dir/home/adarsh/pi/pico/pico-sdk/lib/tinyusb/src/tusb.c.obj
                0x10005f50                tu_edpt_claim
 .text.tu_edpt_release
                0x10005fa0       0x38 CMakeFiles/blink.dir/home/adarsh/pi/pico/pico-sdk/lib/tinyusb/src/tusb.c.obj
                0x10005fa0                tu_edpt_release
 .text.tu_edpt_validate
                0x10005fd8       0x7c CMakeFiles/blink.dir/home/adarsh/pi/pico/pico-sdk/lib/tinyusb/src/tusb.c.obj
                0x10005fd8                tu_edpt_validate
 .text.tu_edpt_bind_driver
                0x10006054       0x34 CMakeFiles/blink.dir/home/adarsh/pi/pico/pico-sdk/lib/tinyusb/src/tusb.c.obj
                0x10006054                tu_edpt_bind_driver
 .text.tu_fifo_config
                0x10006088       0x6c CMakeFiles/blink.dir/home/adarsh/pi/pico/pico-sdk/lib/tinyusb/src/common/tusb_fifo.c.obj
                0x10006088                tu_fifo_config
 .text.tu_fifo_count
                0x100060f4       0x2c CMakeFiles/blink.dir/home/adarsh/pi/pico/pico-sdk/lib/tinyusb/src/common/tusb_fifo.c.obj
                0x100060f4                tu_fifo_count
 .text.tu_fifo_empty
                0x10006120       0x10 CMakeFiles/blink.dir/home/adarsh/pi/pico/pico-sdk/lib/tinyusb/src/common/tusb_fifo.c.obj
                0x10006120                tu_fifo_empty
 .text.tu_fifo_remaining
                0x10006130       0x2c CMakeFiles/blink.dir/home/adarsh/pi/pico/pico-sdk/lib/tinyusb/src/common/tusb_fifo.c.obj
                0x10006130                tu_fifo_remaining
 .text.tu_fifo_read
                0x1000615c       0x9c CMakeFiles/blink.dir/home/adarsh/pi/pico/pico-sdk/lib/tinyusb/src/common/tusb_fifo.c.obj
                0x1000615c                tu_fifo_read
 .text.tu_fifo_read_n
                0x100061f8       0xe8 CMakeFiles/blink.dir/home/adarsh/pi/pico/pico-sdk/lib/tinyusb/src/common/tusb_fifo.c.obj
                0x100061f8                tu_fifo_read_n
 .text.tu_fifo_write
                0x100062e0       0xa8 CMakeFiles/blink.dir/home/adarsh/pi/pico/pico-sdk/lib/tinyusb/src/common/tusb_fifo.c.obj
                0x100062e0                tu_fifo_write
 .text.tu_fifo_write_n
                0x10006388      0x178 CMakeFiles/blink.dir/home/adarsh/pi/pico/pico-sdk/lib/tinyusb/src/common/tusb_fifo.c.obj
                0x10006388                tu_fifo_write_n
 .text.tu_fifo_clear
                0x10006500       0x40 CMakeFiles/blink.dir/home/adarsh/pi/pico/pico-sdk/lib/tinyusb/src/common/tusb_fifo.c.obj
                0x10006500                tu_fifo_clear
 .text.tu_fifo_set_overwritable
                0x10006540       0x48 CMakeFiles/blink.dir/home/adarsh/pi/pico/pico-sdk/lib/tinyusb/src/common/tusb_fifo.c.obj
                0x10006540                tu_fifo_set_overwritable
 .text.vPortSVCHandler
                0x10006588        0x4 CMakeFiles/blink.dir/home/adarsh/freertos-pico/FreeRTOS-Kernel/portable/ThirdParty/GCC/RP2040/port.c.obj
                0x10006588                vPortSVCHandler
 *fill*         0x1000658c        0x4 
 .text.vPortStartFirstTask
                0x10006590       0x38 CMakeFiles/blink.dir/home/adarsh/freertos-pico/FreeRTOS-Kernel/portable/ThirdParty/GCC/RP2040/port.c.obj
 .text.prvFIFOInterruptHandler
                0x100065c8       0x2c CMakeFiles/blink.dir/home/adarsh/freertos-pico/FreeRTOS-Kernel/portable/ThirdParty/GCC/RP2040/port.c.obj
 *fill*         0x100065f4        0xc 
 .text.xPortPendSVHandler
                0x10006600       0x78 CMakeFiles/blink.dir/home/adarsh/freertos-pico/FreeRTOS-Kernel/portable/ThirdParty/GCC/RP2040/port.c.obj
                0x10006600                xPortPendSVHandler
 .text.xPortSysTickHandler
                0x10006678       0x2c CMakeFiles/blink.dir/home/adarsh/freertos-pico/FreeRTOS-Kernel/portable/ThirdParty/GCC/RP2040/port.c.obj
                0x10006678                xPortSysTickHandler
 .text.prvTaskExitError
                0x100066a4        0x8 CMakeFiles/blink.dir/home/adarsh/freertos-pico/FreeRTOS-Kernel/portable/ThirdParty/GCC/RP2040/port.c.obj
 .text.pxPortInitialiseStack
                0x100066ac       0x20 CMakeFiles/blink.dir/home/adarsh/freertos-pico/FreeRTOS-Kernel/portable/ThirdParty/GCC/RP2040/port.c.obj
                0x100066ac                pxPortInitialiseStack
 .text.vPortYield
                0x100066cc       0x18 CMakeFiles/blink.dir/home/adarsh/freertos-pico/FreeRTOS-Kernel/portable/ThirdParty/GCC/RP2040/port.c.obj
                0x100066cc                vPortYield
 .text.vPortEnableInterrupts
                0x100066e4       0x30 CMakeFiles/blink.dir/home/adarsh/freertos-pico/FreeRTOS-Kernel/portable/ThirdParty/GCC/RP2040/port.c.obj
                0x100066e4                vPortEnableInterrupts
 .text.vYieldCore
                0x10006714        0xc CMakeFiles/blink.dir/home/adarsh/freertos-pico/FreeRTOS-Kernel/portable/ThirdParty/GCC/RP2040/port.c.obj
                0x10006714                vYieldCore
 .text.vPortSetupTimerInterrupt
                0x10006720       0x34 CMakeFiles/blink.dir/home/adarsh/freertos-pico/FreeRTOS-Kernel/portable/ThirdParty/GCC/RP2040/port.c.obj
                0x10006720                vPortSetupTimerInterrupt
 .text.xPortStartSchedulerOnCore.isra.0
                0x10006754       0xa4 CMakeFiles/blink.dir/home/adarsh/freertos-pico/FreeRTOS-Kernel/portable/ThirdParty/GCC/RP2040/port.c.obj
 .text.prvDisableInterruptsAndPortStartSchedulerOnCore
                0x100067f8        0xc CMakeFiles/blink.dir/home/adarsh/freertos-pico/FreeRTOS-Kernel/portable/ThirdParty/GCC/RP2040/port.c.obj
 .text.xPortStartScheduler
                0x10006804       0x28 CMakeFiles/blink.dir/home/adarsh/freertos-pico/FreeRTOS-Kernel/portable/ThirdParty/GCC/RP2040/port.c.obj
                0x10006804                xPortStartScheduler
 .text.ulPortLockGetCurrentOwnerId
                0x1000682c       0x30 CMakeFiles/blink.dir/home/adarsh/freertos-pico/FreeRTOS-Kernel/portable/ThirdParty/GCC/RP2040/port.c.obj
                0x1000682c                ulPortLockGetCurrentOwnerId
 .text.vPortLockInternalSpinUnlockWithNotify
                0x1000685c       0x84 CMakeFiles/blink.dir/home/adarsh/freertos-pico/FreeRTOS-Kernel/portable/ThirdParty/GCC/RP2040/port.c.obj
                0x1000685c                vPortLockInternalSpinUnlockWithNotify
 .text.xPortLockInternalSpinUnlockWithBestEffortWaitOrTimeout
                0x100068e0       0xec CMakeFiles/blink.dir/home/adarsh/freertos-pico/FreeRTOS-Kernel/portable/ThirdParty/GCC/RP2040/port.c.obj
                0x100068e0                xPortLockInternalSpinUnlockWithBestEffortWaitOrTimeout
 .text.startup.prvRuntimeInitializer
                0x100069cc       0x10 CMakeFiles/blink.dir/home/adarsh/freertos-pico/FreeRTOS-Kernel/portable/ThirdParty/GCC/RP2040/port.c.obj
 .text.vEventGroupSetBitsCallback
                0x100069dc       0x90 CMakeFiles/blink.dir/home/adarsh/freertos-pico/FreeRTOS-Kernel/event_groups.c.obj
                0x100069dc                vEventGroupSetBitsCallback
 .text.xEventGroupCreate
                0x10006a6c       0x18 CMakeFiles/blink.dir/home/adarsh/freertos-pico/FreeRTOS-Kernel/event_groups.c.obj
                0x10006a6c                xEventGroupCreate
 .text.xEventGroupWaitBits
                0x10006a84       0xb8 CMakeFiles/blink.dir/home/adarsh/freertos-pico/FreeRTOS-Kernel/event_groups.c.obj
                0x10006a84                xEventGroupWaitBits
 .text.xEventGroupSetBits
                0x10006b3c       0x94 CMakeFiles/blink.dir/home/adarsh/freertos-pico/FreeRTOS-Kernel/event_groups.c.obj
                0x10006b3c                xEventGroupSetBits
 .text.xEventGroupSetBitsFromISR
                0x10006bd0       0x18 CMakeFiles/blink.dir/home/adarsh/freertos-pico/FreeRTOS-Kernel/event_groups.c.obj
                0x10006bd0                xEventGroupSetBitsFromISR
 .text.vListInitialise
                0x10006be8       0x18 CMakeFiles/blink.dir/home/adarsh/freertos-pico/FreeRTOS-Kernel/list.c.obj
                0x10006be8                vListInitialise
 .text.vListInitialiseItem
                0x10006c00        0x8 CMakeFiles/blink.dir/home/adarsh/freertos-pico/FreeRTOS-Kernel/list.c.obj
                0x10006c00                vListInitialiseItem
 .text.vListInsertEnd
                0x10006c08       0x18 CMakeFiles/blink.dir/home/adarsh/freertos-pico/FreeRTOS-Kernel/list.c.obj
                0x10006c08                vListInsertEnd
 .text.vListInsert
                0x10006c20       0x30 CMakeFiles/blink.dir/home/adarsh/freertos-pico/FreeRTOS-Kernel/list.c.obj
                0x10006c20                vListInsert
 .text.uxListRemove
                0x10006c50       0x24 CMakeFiles/blink.dir/home/adarsh/freertos-pico/FreeRTOS-Kernel/list.c.obj
                0x10006c50                uxListRemove
 .text.prvUnlockQueue
                0x10006c74      0x180 CMakeFiles/blink.dir/home/adarsh/freertos-pico/FreeRTOS-Kernel/queue.c.obj
 .text.prvNotifyQueueSetContainer
                0x10006df4       0x88 CMakeFiles/blink.dir/home/adarsh/freertos-pico/FreeRTOS-Kernel/queue.c.obj
 .text.xQueueGenericCreate
                0x10006e7c       0x6c CMakeFiles/blink.dir/home/adarsh/freertos-pico/FreeRTOS-Kernel/queue.c.obj
                0x10006e7c                xQueueGenericCreate
 .text.xQueueGenericSend
                0x10006ee8      0x1d8 CMakeFiles/blink.dir/home/adarsh/freertos-pico/FreeRTOS-Kernel/queue.c.obj
                0x10006ee8                xQueueGenericSend
 .text.xQueueCreateMutex
                0x100070c0       0x6c CMakeFiles/blink.dir/home/adarsh/freertos-pico/FreeRTOS-Kernel/queue.c.obj
                0x100070c0                xQueueCreateMutex
 .text.xQueueGenericSendFromISR
                0x1000712c      0x12c CMakeFiles/blink.dir/home/adarsh/freertos-pico/FreeRTOS-Kernel/queue.c.obj
                0x1000712c                xQueueGenericSendFromISR
 .text.xQueueReceive
                0x10007258      0x11c CMakeFiles/blink.dir/home/adarsh/freertos-pico/FreeRTOS-Kernel/queue.c.obj
                0x10007258                xQueueReceive
 .text.xQueueSemaphoreTake
                0x10007374      0x14c CMakeFiles/blink.dir/home/adarsh/freertos-pico/FreeRTOS-Kernel/queue.c.obj
                0x10007374                xQueueSemaphoreTake
 .text.vQueueAddToRegistry
                0x100074c0       0x60 CMakeFiles/blink.dir/home/adarsh/freertos-pico/FreeRTOS-Kernel/queue.c.obj
                0x100074c0                vQueueAddToRegistry
 .text.vQueueWaitForMessageRestricted
                0x10007520       0x48 CMakeFiles/blink.dir/home/adarsh/freertos-pico/FreeRTOS-Kernel/queue.c.obj
                0x10007520                vQueueWaitForMessageRestricted
 .text.prvMinimalIdleTask
                0x10007568       0x18 CMakeFiles/blink.dir/home/adarsh/freertos-pico/FreeRTOS-Kernel/tasks.c.obj
 .text.prvAddCurrentTaskToDelayedList
                0x10007580       0xe0 CMakeFiles/blink.dir/home/adarsh/freertos-pico/FreeRTOS-Kernel/tasks.c.obj
 .text.prvCheckForRunStateChange.part.0
                0x10007660      0x194 CMakeFiles/blink.dir/home/adarsh/freertos-pico/FreeRTOS-Kernel/tasks.c.obj
 .text.prvYieldForTask
                0x100077f4       0xe0 CMakeFiles/blink.dir/home/adarsh/freertos-pico/FreeRTOS-Kernel/tasks.c.obj
 .text.vTaskSuspendAll
                0x100078d4      0x100 CMakeFiles/blink.dir/home/adarsh/freertos-pico/FreeRTOS-Kernel/tasks.c.obj
                0x100078d4                vTaskSuspendAll
 .text.xTaskGetTickCount
                0x100079d4        0xc CMakeFiles/blink.dir/home/adarsh/freertos-pico/FreeRTOS-Kernel/tasks.c.obj
                0x100079d4                xTaskGetTickCount
 .text.vTaskSwitchContext
                0x100079e0      0x340 CMakeFiles/blink.dir/home/adarsh/freertos-pico/FreeRTOS-Kernel/tasks.c.obj
                0x100079e0                vTaskSwitchContext
 .text.vTaskPlaceOnEventList
                0x10007d20       0xe0 CMakeFiles/blink.dir/home/adarsh/freertos-pico/FreeRTOS-Kernel/tasks.c.obj
                0x10007d20                vTaskPlaceOnEventList
 .text.vTaskPlaceOnUnorderedEventList
                0x10007e00       0x48 CMakeFiles/blink.dir/home/adarsh/freertos-pico/FreeRTOS-Kernel/tasks.c.obj
                0x10007e00                vTaskPlaceOnUnorderedEventList
 .text.vTaskPlaceOnEventListRestricted
                0x10007e48      0x100 CMakeFiles/blink.dir/home/adarsh/freertos-pico/FreeRTOS-Kernel/tasks.c.obj
                0x10007e48                vTaskPlaceOnEventListRestricted
 .text.xTaskRemoveFromEventList
                0x10007f48      0x154 CMakeFiles/blink.dir/home/adarsh/freertos-pico/FreeRTOS-Kernel/tasks.c.obj
                0x10007f48                xTaskRemoveFromEventList
 .text.vTaskInternalSetTimeOutState
                0x1000809c       0x18 CMakeFiles/blink.dir/home/adarsh/freertos-pico/FreeRTOS-Kernel/tasks.c.obj
                0x1000809c                vTaskInternalSetTimeOutState
 .text.xTaskCheckForTimeOut
                0x100080b4      0x280 CMakeFiles/blink.dir/home/adarsh/freertos-pico/FreeRTOS-Kernel/tasks.c.obj
                0x100080b4                xTaskCheckForTimeOut
 .text.vTaskMissedYield
                0x10008334       0x14 CMakeFiles/blink.dir/home/adarsh/freertos-pico/FreeRTOS-Kernel/tasks.c.obj
                0x10008334                vTaskMissedYield
 .text.xTaskGetCurrentTaskHandle
                0x10008348       0x1c CMakeFiles/blink.dir/home/adarsh/freertos-pico/FreeRTOS-Kernel/tasks.c.obj
                0x10008348                xTaskGetCurrentTaskHandle
 .text.xTaskGetSchedulerState
                0x10008364      0x1ec CMakeFiles/blink.dir/home/adarsh/freertos-pico/FreeRTOS-Kernel/tasks.c.obj
                0x10008364                xTaskGetSchedulerState
 .text.xTaskPriorityInherit
                0x10008550       0xdc CMakeFiles/blink.dir/home/adarsh/freertos-pico/FreeRTOS-Kernel/tasks.c.obj
                0x10008550                xTaskPriorityInherit
 .text.xTaskPriorityDisinherit
                0x1000862c       0x58 CMakeFiles/blink.dir/home/adarsh/freertos-pico/FreeRTOS-Kernel/tasks.c.obj
                0x1000862c                xTaskPriorityDisinherit
 .text.vTaskPriorityDisinheritAfterTimeout
                0x10008684       0x70 CMakeFiles/blink.dir/home/adarsh/freertos-pico/FreeRTOS-Kernel/tasks.c.obj
                0x10008684                vTaskPriorityDisinheritAfterTimeout
 .text.vTaskYieldWithinAPI
                0x100086f4       0x34 CMakeFiles/blink.dir/home/adarsh/freertos-pico/FreeRTOS-Kernel/tasks.c.obj
                0x100086f4                vTaskYieldWithinAPI
 .text.vTaskEnterCritical
                0x10008728      0x10c CMakeFiles/blink.dir/home/adarsh/freertos-pico/FreeRTOS-Kernel/tasks.c.obj
                0x10008728                vTaskEnterCritical
 .text.vTaskExitCritical
                0x10008834       0xe4 CMakeFiles/blink.dir/home/adarsh/freertos-pico/FreeRTOS-Kernel/tasks.c.obj
                0x10008834                vTaskExitCritical
 .text.prvIdleTask
                0x10008918      0x188 CMakeFiles/blink.dir/home/adarsh/freertos-pico/FreeRTOS-Kernel/tasks.c.obj
 .text.xTaskCreateAffinitySet
                0x10008aa0      0x290 CMakeFiles/blink.dir/home/adarsh/freertos-pico/FreeRTOS-Kernel/tasks.c.obj
                0x10008aa0                xTaskCreateAffinitySet
 .text.xTaskCreate
                0x10008d30       0x1c CMakeFiles/blink.dir/home/adarsh/freertos-pico/FreeRTOS-Kernel/tasks.c.obj
                0x10008d30                xTaskCreate
 .text.vTaskStartScheduler
                0x10008d4c       0x94 CMakeFiles/blink.dir/home/adarsh/freertos-pico/FreeRTOS-Kernel/tasks.c.obj
                0x10008d4c                vTaskStartScheduler
 .text.xTaskIncrementTick
                0x10008de0      0x218 CMakeFiles/blink.dir/home/adarsh/freertos-pico/FreeRTOS-Kernel/tasks.c.obj
                0x10008de0                xTaskIncrementTick
 .text.xTaskResumeAll.part.0
                0x10008ff8      0x118 CMakeFiles/blink.dir/home/adarsh/freertos-pico/FreeRTOS-Kernel/tasks.c.obj
 .text.xTaskResumeAll
                0x10009110       0x18 CMakeFiles/blink.dir/home/adarsh/freertos-pico/FreeRTOS-Kernel/tasks.c.obj
                0x10009110                xTaskResumeAll
 .text.vTaskRemoveFromUnorderedEventList
                0x10009128       0x50 CMakeFiles/blink.dir/home/adarsh/freertos-pico/FreeRTOS-Kernel/tasks.c.obj
                0x10009128                vTaskRemoveFromUnorderedEventList
 .text.uxTaskResetEventItemValue
                0x10009178       0x48 CMakeFiles/blink.dir/home/adarsh/freertos-pico/FreeRTOS-Kernel/tasks.c.obj
                0x10009178                uxTaskResetEventItemValue
 .text.pvTaskIncrementMutexHeldCount
                0x100091c0       0x4c CMakeFiles/blink.dir/home/adarsh/freertos-pico/FreeRTOS-Kernel/tasks.c.obj
                0x100091c0                pvTaskIncrementMutexHeldCount
 .text.xTaskGenericNotifyWait
                0x1000920c      0x138 CMakeFiles/blink.dir/home/adarsh/freertos-pico/FreeRTOS-Kernel/tasks.c.obj
                0x1000920c                xTaskGenericNotifyWait
 .text.xTaskGenericNotifyFromISR
                0x10009344      0x1d0 CMakeFiles/blink.dir/home/adarsh/freertos-pico/FreeRTOS-Kernel/tasks.c.obj
                0x10009344                xTaskGenericNotifyFromISR
 .text.prvSwitchTimerLists
                0x10009514       0x94 CMakeFiles/blink.dir/home/adarsh/freertos-pico/FreeRTOS-Kernel/timers.c.obj
 .text.prvTimerTask
                0x100095a8      0x24c CMakeFiles/blink.dir/home/adarsh/freertos-pico/FreeRTOS-Kernel/timers.c.obj
 .text.xTimerCreateTimerTask
                0x100097f4       0x8c CMakeFiles/blink.dir/home/adarsh/freertos-pico/FreeRTOS-Kernel/timers.c.obj
                0x100097f4                xTimerCreateTimerTask
 .text.xTimerPendFunctionCallFromISR
                0x10009880       0x28 CMakeFiles/blink.dir/home/adarsh/freertos-pico/FreeRTOS-Kernel/timers.c.obj
                0x10009880                xTimerPendFunctionCallFromISR
 .text.exception_set_exclusive_handler
                0x100098a8       0x48 CMakeFiles/blink.dir/home/adarsh/pi/pico/pico-sdk/src/rp2_common/hardware_exception/exception.c.obj
                0x100098a8                exception_set_exclusive_handler
 .text.core1_trampoline
                0x100098f0        0x4 CMakeFiles/blink.dir/home/adarsh/pi/pico/pico-sdk/src/rp2_common/pico_multicore/multicore.c.obj
 .text.core1_wrapper
                0x100098f4        0xc CMakeFiles/blink.dir/home/adarsh/pi/pico/pico-sdk/src/rp2_common/pico_multicore/multicore.c.obj
                0x100098f4                core1_wrapper
 .text.multicore_launch_core1_raw
                0x10009900       0x84 CMakeFiles/blink.dir/home/adarsh/pi/pico/pico-sdk/src/rp2_common/pico_multicore/multicore.c.obj
                0x10009900                multicore_launch_core1_raw
 .text.multicore_launch_core1
                0x10009984       0x58 CMakeFiles/blink.dir/home/adarsh/pi/pico/pico-sdk/src/rp2_common/pico_multicore/multicore.c.obj
                0x10009984                multicore_launch_core1
 .text.pvPortMalloc
                0x100099dc      0x17c CMakeFiles/blink.dir/home/adarsh/freertos-pico/FreeRTOS-Kernel/portable/MemMang/heap_4.c.obj
                0x100099dc                pvPortMalloc
 .text.vPortFree
                0x10009b58       0x9c CMakeFiles/blink.dir/home/adarsh/freertos-pico/FreeRTOS-Kernel/portable/MemMang/heap_4.c.obj
                0x10009b58                vPortFree
 .text          0x10009bf4       0x10 /usr/lib/gcc/arm-none-eabi/13.2.1/../../../arm-none-eabi/lib/thumb/v6-m/nofp/libg.a(libc_a-atexit.o)
                0x10009bf4                atexit
 .text          0x10009c04       0x5c /usr/lib/gcc/arm-none-eabi/13.2.1/../../../arm-none-eabi/lib/thumb/v6-m/nofp/libg.a(libc_a-strlen-stub.o)
                0x10009c04                strlen
 .text          0x10009c60       0x28 /usr/lib/gcc/arm-none-eabi/13.2.1/../../../arm-none-eabi/lib/thumb/v6-m/nofp/libg.a(libc_a-fini.o)
                0x10009c60                __libc_fini_array
 .text          0x10009c88       0x78 /usr/lib/gcc/arm-none-eabi/13.2.1/../../../arm-none-eabi/lib/thumb/v6-m/nofp/libg.a(libc_a-__atexit.o)
                0x10009c88                __register_exitproc
 .text.startup  0x10009d00       0x18 /usr/lib/gcc/arm-none-eabi/13.2.1/../../../arm-none-eabi/lib/thumb/v6-m/nofp/libg.a(libc_a-__call_atexit.o)
 *(.fini)
 .fini          0x10009d18        0x4 /usr/lib/gcc/arm-none-eabi/13.2.1/thumb/v6-m/nofp/crti.o
                0x10009d18                _fini
 *fill*         0x10009d1c        0x4 
 .fini.__stub   0x10009d20       0xc0 linker stubs
 *crtbegin.o(.ctors)
 *crtbegin?.o(.ctors)
 *(EXCLUDE_FILE(*crtend.o *crtend?.o) .ctors)
 *(SORT_BY_NAME(.ctors.*))
 *(.ctors)
 *crtbegin.o(.dtors)
 *crtbegin?.o(.dtors)
 *(EXCLUDE_FILE(*crtend.o *crtend?.o) .dtors)
 *(SORT_BY_NAME(.dtors.*))
 *(.dtors)
                0x10009de0                        . = ALIGN (0x4)
                0x10009de0                        PROVIDE (__preinit_array_start = .)
 *(SORT_BY_NAME(.preinit_array.*))
 .preinit_array.00100
                0x10009de0        0x4 CMakeFiles/blink.dir/home/adarsh/pi/pico/pico-sdk/src/rp2_common/pico_runtime_init/runtime_init.c.obj
                0x10009de0                __pre_init_runtime_init_early_resets
 .preinit_array.00101
                0x10009de4        0x4 CMakeFiles/blink.dir/home/adarsh/pi/pico/pico-sdk/src/rp2_common/pico_runtime_init/runtime_init.c.obj
                0x10009de4                __pre_init_runtime_init_usb_power_down
 .preinit_array.00275
                0x10009de8        0x4 CMakeFiles/blink.dir/home/adarsh/pi/pico/pico-sdk/src/rp2_common/pico_bit_ops/bit_ops_aeabi.S.obj
 .preinit_array.00300
                0x10009dec        0x4 CMakeFiles/blink.dir/home/adarsh/pi/pico/pico-sdk/src/rp2_common/pico_mem_ops/mem_ops_aeabi.S.obj
 .preinit_array.00350
                0x10009df0        0x4 CMakeFiles/blink.dir/home/adarsh/pi/pico/pico-sdk/src/rp2_common/pico_double/double_aeabi_rp2040.S.obj
 .preinit_array.00350
                0x10009df4        0x4 CMakeFiles/blink.dir/home/adarsh/pi/pico/pico-sdk/src/rp2_common/pico_float/float_aeabi_rp2040.S.obj
 .preinit_array.00500
                0x10009df8        0x4 CMakeFiles/blink.dir/home/adarsh/pi/pico/pico-sdk/src/rp2_common/pico_runtime_init/runtime_init.c.obj
                0x10009df8                __pre_init_runtime_init_clocks
 .preinit_array.00600
                0x10009dfc        0x4 CMakeFiles/blink.dir/home/adarsh/pi/pico/pico-sdk/src/rp2_common/pico_runtime_init/runtime_init.c.obj
                0x10009dfc                __pre_init_runtime_init_post_clock_resets
 .preinit_array.00700
                0x10009e00        0x4 CMakeFiles/blink.dir/home/adarsh/pi/pico/pico-sdk/src/rp2_common/pico_runtime_init/runtime_init.c.obj
                0x10009e00                __pre_init_runtime_init_rp2040_gpio_ie_disable
 .preinit_array.01000
                0x10009e04        0x4 CMakeFiles/blink.dir/home/adarsh/pi/pico/pico-sdk/src/rp2_common/pico_runtime_init/runtime_init.c.obj
                0x10009e04                __pre_init_runtime_init_spin_locks_reset
 .preinit_array.01100
                0x10009e08        0x4 CMakeFiles/blink.dir/home/adarsh/pi/pico/pico-sdk/src/common/pico_sync/mutex.c.obj
                0x10009e08                __pre_init_runtime_init_mutex
 .preinit_array.10080
                0x10009e0c        0x4 CMakeFiles/blink.dir/home/adarsh/pi/pico/pico-sdk/src/rp2_common/pico_runtime_init/runtime_init.c.obj
                0x10009e0c                __pre_init_runtime_init_install_ram_vector_table
 .preinit_array.11000
                0x10009e10        0x4 CMakeFiles/blink.dir/home/adarsh/pi/pico/pico-sdk/src/common/pico_time/time.c.obj
                0x10009e10                __pre_init_runtime_init_default_alarm_pool
 .preinit_array.YYYYY
                0x10009e14        0x4 CMakeFiles/blink.dir/home/adarsh/pi/pico/pico-sdk/src/rp2_common/pico_runtime/runtime.c.obj
                0x10009e14                __pre_init_first_per_core_initializer
 .preinit_array.ZZZZZ.01200
                0x10009e18        0x4 CMakeFiles/blink.dir/home/adarsh/pi/pico/pico-sdk/src/rp2_common/hardware_irq/irq.c.obj
                0x10009e18                __pre_init_runtime_init_per_core_irq_priorities
 *(.preinit_array)
                0x10009e1c                        PROVIDE (__preinit_array_end = .)
                0x10009e1c                        . = ALIGN (0x4)
                0x10009e1c                        PROVIDE (__init_array_start = .)
 *(SORT_BY_NAME(.init_array.*))
 .init_array.00000
                0x10009e1c        0x4 /usr/lib/gcc/arm-none-eabi/13.2.1/../../../arm-none-eabi/lib/thumb/v6-m/nofp/libg.a(libc_a-__call_atexit.o)
 *(.init_array)
 .init_array    0x10009e20        0x4 /usr/lib/gcc/arm-none-eabi/13.2.1/thumb/v6-m/nofp/crtbegin.o
 .init_array    0x10009e24        0x4 CMakeFiles/blink.dir/home/adarsh/pi/pico/pico-sdk/src/rp2_common/pico_unique_id/unique_id.c.obj
 .init_array    0x10009e28        0x4 CMakeFiles/blink.dir/home/adarsh/freertos-pico/FreeRTOS-Kernel/portable/ThirdParty/GCC/RP2040/port.c.obj
                0x10009e2c                        PROVIDE (__init_array_end = .)
                0x10009e2c                        . = ALIGN (0x4)
                0x10009e2c                        PROVIDE (__fini_array_start = .)
 *(SORT_BY_NAME(.fini_array.*))
 *(.fini_array)
                0x10009e2c                        PROVIDE (__fini_array_end = .)
 *(.eh_frame*)
 .eh_frame      0x10009e2c        0x0 /usr/lib/gcc/arm-none-eabi/13.2.1/thumb/v6-m/nofp/crtbegin.o
                0x10009e2c                        . = ALIGN (0x4)

.glue_7         0x10009e2c        0x0
 .glue_7        0x10009e2c        0x0 linker stubs

.glue_7t        0x10009e2c        0x0
 .glue_7t       0x10009e2c        0x0 linker stubs

.vfp11_veneer   0x10009e2c        0x0
 .vfp11_veneer  0x10009e2c        0x0 linker stubs

.v4_bx          0x10009e2c        0x0
 .v4_bx         0x10009e2c        0x0 linker stubs

.iplt           0x10009e2c        0x0
 .iplt          0x10009e2c        0x0 /usr/lib/gcc/arm-none-eabi/13.2.1/thumb/v6-m/nofp/crtbegin.o

.rodata         0x10009e30      0x6a8
 *(EXCLUDE_FILE(*libm.a: *libc.a:*lib_a-mem*.o *libgcc.a:) .rodata*)
 .rodata.vNotifyTask.str1.4
                0x10009e30      0x1e4 CMakeFiles/blink.dir/main.c.obj
                                 0x18 (size before relaxing)
 .rodata.main.str1.4
                0x1000a014       0x2e CMakeFiles/blink.dir/main.c.obj
 .rodata.panic.str1.4
                0x1000a014       0x12 CMakeFiles/blink.dir/home/adarsh/pi/pico/pico-sdk/src/rp2_common/pico_platform_panic/panic.c.obj
 .rodata.panic_unsupported.str1.4
                0x1000a014        0xe CMakeFiles/blink.dir/home/adarsh/pi/pico/pico-sdk/src/rp2_common/pico_platform_panic/panic.c.obj
 .rodata.spin_lock_claim.str1.4
                0x1000a014       0x1f CMakeFiles/blink.dir/home/adarsh/pi/pico/pico-sdk/src/rp2_common/hardware_sync/sync.c.obj
 .rodata.spin_lock_claim_unused.str1.4
                0x1000a014       0x1b CMakeFiles/blink.dir/home/adarsh/pi/pico/pico-sdk/src/rp2_common/hardware_sync/sync.c.obj
 .rodata.user_irq_claim_unused.str1.4
                0x1000a014       0x1b CMakeFiles/blink.dir/home/adarsh/pi/pico/pico-sdk/src/rp2_common/hardware_irq/irq.c.obj
 .rodata.timer_hardware_alarm_claim.str1.4
                0x1000a014       0x22 CMakeFiles/blink.dir/home/adarsh/pi/pico/pico-sdk/src/rp2_common/hardware_timer/timer.c.obj
 .rodata.hard_assertion_failure.str1.4
                0x1000a014        0xc CMakeFiles/blink.dir/home/adarsh/pi/pico/pico-sdk/src/rp2_common/pico_runtime/runtime.c.obj
 .rodata.str1.4
                0x1000a014       0x2c CMakeFiles/blink.dir/home/adarsh/pi/pico/pico-sdk/src/rp2_common/pico_standard_binary_info/standard_binary_info.c.obj
 .rodata.__bi_84
                0x1000a014        0xc CMakeFiles/blink.dir/home/adarsh/pi/pico/pico-sdk/src/rp2_common/pico_standard_binary_info/standard_binary_info.c.obj
 .rodata.__bi_54
                0x1000a020        0xc CMakeFiles/blink.dir/home/adarsh/pi/pico/pico-sdk/src/rp2_common/pico_standard_binary_info/standard_binary_info.c.obj
 .rodata.__bi_48
                0x1000a02c        0xc CMakeFiles/blink.dir/home/adarsh/pi/pico/pico-sdk/src/rp2_common/pico_standard_binary_info/standard_binary_info.c.obj
 .rodata.__bi_42
                0x1000a038        0xc CMakeFiles/blink.dir/home/adarsh/pi/pico/pico-sdk/src/rp2_common/pico_standard_binary_info/standard_binary_info.c.obj
 .rodata.__bi_34
                0x1000a044        0xc CMakeFiles/blink.dir/home/adarsh/pi/pico/pico-sdk/src/rp2_common/pico_standard_binary_info/standard_binary_info.c.obj
 .rodata.__bi_26
                0x1000a050        0xc CMakeFiles/blink.dir/home/adarsh/pi/pico/pico-sdk/src/rp2_common/pico_standard_binary_info/standard_binary_info.c.obj
 .rodata._ftoa.str1.4
                0x1000a05c       0x15 CMakeFiles/blink.dir/home/adarsh/pi/pico/pico-sdk/src/rp2_common/pico_printf/printf.c.obj
 .rodata._vsnprintf
                0x1000a05c      0x19c CMakeFiles/blink.dir/home/adarsh/pi/pico/pico-sdk/src/rp2_common/pico_printf/printf.c.obj
 .rodata.pow10.0
                0x1000a1f8       0x50 CMakeFiles/blink.dir/home/adarsh/pi/pico/pico-sdk/src/rp2_common/pico_printf/printf.c.obj
 .rodata.crlf_str.0
                0x1000a248        0x2 CMakeFiles/blink.dir/home/adarsh/pi/pico/pico-sdk/src/rp2_common/pico_stdio/stdio.c.obj
 *fill*         0x1000a24a        0x2 
 .rodata._resetd_driver
                0x1000a24c       0x20 CMakeFiles/blink.dir/home/adarsh/pi/pico/pico-sdk/src/rp2_common/pico_stdio_usb/reset_interface.c.obj
 .rodata.desc_ms_os_20
                0x1000a26c       0xa6 CMakeFiles/blink.dir/home/adarsh/pi/pico/pico-sdk/src/rp2_common/pico_stdio_usb/reset_interface.c.obj
 *fill*         0x1000a312        0x2 
 .rodata.desc_bos
                0x1000a314       0x21 CMakeFiles/blink.dir/home/adarsh/pi/pico/pico-sdk/src/rp2_common/pico_stdio_usb/reset_interface.c.obj
                0x1000a314                desc_bos
 .rodata.str1.4
                0x1000a335       0x13 CMakeFiles/blink.dir/home/adarsh/pi/pico/pico-sdk/src/rp2_common/pico_stdio_usb/stdio_usb.c.obj
 *fill*         0x1000a335        0x3 
 .rodata.__bi_197.0
                0x1000a338        0xc CMakeFiles/blink.dir/home/adarsh/pi/pico/pico-sdk/src/rp2_common/pico_stdio_usb/stdio_usb.c.obj
 .rodata.str1.4
                0x1000a344       0x2a CMakeFiles/blink.dir/home/adarsh/pi/pico/pico-sdk/src/rp2_common/pico_stdio_usb/stdio_usb_descriptors.c.obj
 .rodata.usbd_desc_str
                0x1000a344       0x18 CMakeFiles/blink.dir/home/adarsh/pi/pico/pico-sdk/src/rp2_common/pico_stdio_usb/stdio_usb_descriptors.c.obj
 .rodata.usbd_desc_cfg
                0x1000a35c       0x54 CMakeFiles/blink.dir/home/adarsh/pi/pico/pico-sdk/src/rp2_common/pico_stdio_usb/stdio_usb_descriptors.c.obj
 .rodata.usbd_desc_device
                0x1000a3b0       0x12 CMakeFiles/blink.dir/home/adarsh/pi/pico/pico-sdk/src/rp2_common/pico_stdio_usb/stdio_usb_descriptors.c.obj
 .rodata.str1.4
                0x1000a3c2       0x14 CMakeFiles/blink.dir/home/adarsh/pi/pico/pico-sdk/lib/tinyusb/src/portable/raspberrypi/rp2040/dcd_rp2040.c.obj
 .rodata.str1.4
                0x1000a3c2       0x48 CMakeFiles/blink.dir/home/adarsh/pi/pico/pico-sdk/lib/tinyusb/src/portable/raspberrypi/rp2040/rp2040_usb.c.obj
 *fill*         0x1000a3c2        0x2 
 .rodata.tud_task_ext
                0x1000a3c4       0x8c CMakeFiles/blink.dir/home/adarsh/pi/pico/pico-sdk/lib/tinyusb/src/device/usbd.c.obj
 .rodata        0x1000a450       0x1c CMakeFiles/blink.dir/home/adarsh/pi/pico/pico-sdk/lib/tinyusb/src/device/usbd.c.obj
 .rodata._usbd_driver
                0x1000a46c       0x40 CMakeFiles/blink.dir/home/adarsh/pi/pico/pico-sdk/lib/tinyusb/src/device/usbd.c.obj
 .rodata.uxTopUsedPriority
                0x1000a4ac        0x4 CMakeFiles/blink.dir/home/adarsh/freertos-pico/FreeRTOS-Kernel/tasks.c.obj
                0x1000a4ac                uxTopUsedPriority
 .rodata.prvTimerTask
                0x1000a4b0       0x28 CMakeFiles/blink.dir/home/adarsh/freertos-pico/FreeRTOS-Kernel/timers.c.obj
 .rodata.xTimerCreateTimerTask.str1.4
                0x1000a4d8       0x10 CMakeFiles/blink.dir/home/adarsh/freertos-pico/FreeRTOS-Kernel/timers.c.obj
                0x1000a4e8                        . = ALIGN (0x4)
 *(SORT_BY_ALIGNMENT(SORT_BY_NAME(.flashdata*)))
                0x1000a4e8                        . = ALIGN (0x4)

.ARM.extab
 *(.ARM.extab* .gnu.linkonce.armextab.*)
                0x1000a4d8                        __exidx_start = .

.ARM.exidx
 *(.ARM.exidx* .gnu.linkonce.armexidx.*)
                0x1000a4d8                        __exidx_end = .
                0x1000a4e8                        . = ALIGN (0x4)
                0x1000a4d8                        __binary_info_start = .

.binary_info    0x1000a4d8       0x1c
 *(.binary_info.keep.*)
 .binary_info.keep.__bi_ptr84
                0x1000a4d8        0x4 CMakeFiles/blink.dir/home/adarsh/pi/pico/pico-sdk/src/rp2_common/pico_standard_binary_info/standard_binary_info.c.obj
 .binary_info.keep.__bi_ptr54
                0x1000a4dc        0x4 CMakeFiles/blink.dir/home/adarsh/pi/pico/pico-sdk/src/rp2_common/pico_standard_binary_info/standard_binary_info.c.obj
 .binary_info.keep.__bi_ptr48
                0x1000a4e0        0x4 CMakeFiles/blink.dir/home/adarsh/pi/pico/pico-sdk/src/rp2_common/pico_standard_binary_info/standard_binary_info.c.obj
 .binary_info.keep.__bi_ptr42
                0x1000a4e4        0x4 CMakeFiles/blink.dir/home/adarsh/pi/pico/pico-sdk/src/rp2_common/pico_standard_binary_info/standard_binary_info.c.obj
 .binary_info.keep.__bi_ptr34
                0x1000a4e8        0x4 CMakeFiles/blink.dir/home/adarsh/pi/pico/pico-sdk/src/rp2_common/pico_standard_binary_info/standard_binary_info.c.obj
 .binary_info.keep.__bi_ptr26
                0x1000a4ec        0x4 CMakeFiles/blink.dir/home/adarsh/pi/pico/pico-sdk/src/rp2_common/pico_standard_binary_info/standard_binary_info.c.obj
 *(.binary_info.*)
 .binary_info.__bi_ptr197
                0x1000a4f0        0x4 CMakeFiles/blink.dir/home/adarsh/pi/pico/pico-sdk/src/rp2_common/pico_stdio_usb/stdio_usb.c.obj
                0x1000a4f4                        __binary_info_end = .

.rel.dyn        0x1000a4f4        0x0
 .rel.iplt      0x1000a4f4        0x0 /usr/lib/gcc/arm-none-eabi/13.2.1/thumb/v6-m/nofp/crtbegin.o
                0x1000a4f4                        . = ALIGN (0x4)

.ram_vector_table
                0x20000000       0xc0
 *(.ram_vector_table)
 .ram_vector_table
                0x20000000       0xc0 CMakeFiles/blink.dir/home/adarsh/pi/pico/pico-sdk/src/rp2_common/pico_runtime_init/runtime_init.c.obj
                0x20000000                ram_vector_table

.uninitialized_data
                0x200000c0        0x0
                0x200000c0                        . = ALIGN (0x4)
 *(.uninitialized_data*)

.data           0x200000c0      0xfa8 load address 0x1000a4f4
                0x200000c0                        __data_start__ = .
 *(vtable)
 *(.time_critical*)
 .time_critical.mutex_try_enter
                0x200000c0       0x40 CMakeFiles/blink.dir/home/adarsh/pi/pico/pico-sdk/src/common/pico_sync/mutex.c.obj
                0x200000c0                mutex_try_enter
 .time_critical.mutex_try_enter_block_until
                0x20000100       0xa0 CMakeFiles/blink.dir/home/adarsh/pi/pico/pico-sdk/src/common/pico_sync/mutex.c.obj
                0x20000100                mutex_try_enter_block_until
 .time_critical.mutex_enter_timeout_ms
                0x200001a0       0x78 CMakeFiles/blink.dir/home/adarsh/pi/pico/pico-sdk/src/common/pico_sync/mutex.c.obj
                0x200001a0                mutex_enter_timeout_ms
 .time_critical.mutex_exit
                0x20000218       0x20 CMakeFiles/blink.dir/home/adarsh/pi/pico/pico-sdk/src/common/pico_sync/mutex.c.obj
                0x20000218                mutex_exit
 .time_critical.flash_init_boot2_copyout
                0x20000238       0x30 CMakeFiles/blink.dir/home/adarsh/pi/pico/pico-sdk/src/rp2_common/hardware_flash/flash.c.obj
 .time_critical.flash_enable_xip_via_boot2
                0x20000268        0xc CMakeFiles/blink.dir/home/adarsh/pi/pico/pico-sdk/src/rp2_common/hardware_flash/flash.c.obj
 .time_critical.flash_cs_force
                0x20000274       0x38 CMakeFiles/blink.dir/home/adarsh/pi/pico/pico-sdk/src/rp2_common/hardware_flash/flash.c.obj
 .time_critical.flash_do_cmd
                0x200002ac       0xc0 CMakeFiles/blink.dir/home/adarsh/pi/pico/pico-sdk/src/rp2_common/hardware_flash/flash.c.obj
                0x200002ac                flash_do_cmd
 .time_critical.reset_non_control_endpoints
                0x2000036c       0x68 CMakeFiles/blink.dir/home/adarsh/pi/pico/pico-sdk/lib/tinyusb/src/portable/raspberrypi/rp2040/dcd_rp2040.c.obj
 .time_critical.hw_handle_buff_status
                0x200003d4       0xb0 CMakeFiles/blink.dir/home/adarsh/pi/pico/pico-sdk/lib/tinyusb/src/portable/raspberrypi/rp2040/dcd_rp2040.c.obj
 .time_critical.dcd_rp2040_irq
                0x20000484      0x578 CMakeFiles/blink.dir/home/adarsh/pi/pico/pico-sdk/lib/tinyusb/src/portable/raspberrypi/rp2040/dcd_rp2040.c.obj
 .time_critical.prepare_ep_buffer
                0x200009fc       0xe0 CMakeFiles/blink.dir/home/adarsh/pi/pico/pico-sdk/lib/tinyusb/src/portable/raspberrypi/rp2040/rp2040_usb.c.obj
 .time_critical.sync_ep_buffer
                0x20000adc       0xa8 CMakeFiles/blink.dir/home/adarsh/pi/pico/pico-sdk/lib/tinyusb/src/portable/raspberrypi/rp2040/rp2040_usb.c.obj
 .time_critical._hw_endpoint_xfer_sync
                0x20000b84       0x28 CMakeFiles/blink.dir/home/adarsh/pi/pico/pico-sdk/lib/tinyusb/src/portable/raspberrypi/rp2040/rp2040_usb.c.obj
 .time_critical.e15_is_bulkin_ep
                0x20000bac       0x28 CMakeFiles/blink.dir/home/adarsh/pi/pico/pico-sdk/lib/tinyusb/src/portable/raspberrypi/rp2040/rp2040_usb.c.obj
 .time_critical.e15_is_critical_frame_period
                0x20000bd4       0x34 CMakeFiles/blink.dir/home/adarsh/pi/pico/pico-sdk/lib/tinyusb/src/portable/raspberrypi/rp2040/rp2040_usb.c.obj
 .time_critical.hw_endpoint_reset_transfer
                0x20000c08        0xc CMakeFiles/blink.dir/home/adarsh/pi/pico/pico-sdk/lib/tinyusb/src/portable/raspberrypi/rp2040/rp2040_usb.c.obj
                0x20000c08                hw_endpoint_reset_transfer
 .time_critical._hw_endpoint_buffer_control_update32
                0x20000c14       0x50 CMakeFiles/blink.dir/home/adarsh/pi/pico/pico-sdk/lib/tinyusb/src/portable/raspberrypi/rp2040/rp2040_usb.c.obj
                0x20000c14                _hw_endpoint_buffer_control_update32
 .time_critical.hw_endpoint_start_next_buffer
                0x20000c64       0x6c CMakeFiles/blink.dir/home/adarsh/pi/pico/pico-sdk/lib/tinyusb/src/portable/raspberrypi/rp2040/rp2040_usb.c.obj
                0x20000c64                hw_endpoint_start_next_buffer
 .time_critical.hw_endpoint_xfer_continue
                0x20000cd0       0x40 CMakeFiles/blink.dir/home/adarsh/pi/pico/pico-sdk/lib/tinyusb/src/portable/raspberrypi/rp2040/rp2040_usb.c.obj
                0x20000cd0                hw_endpoint_xfer_continue
 .time_critical.tinyusb
                0x20000d10      0x1e4 CMakeFiles/blink.dir/home/adarsh/pi/pico/pico-sdk/lib/tinyusb/src/device/usbd.c.obj
                0x20000d10                dcd_event_handler
 *(.text*)
 .text          0x20000ef4        0x4 /usr/lib/gcc/arm-none-eabi/13.2.1/thumb/v6-m/nofp/libgcc.a(_dvmd_tls.o)
                0x20000ef4                __aeabi_ldiv0
                0x20000ef4                __aeabi_idiv0
 .text.__stub   0x20000ef8       0xa0 linker stubs
                0x20000f98                        . = ALIGN (0x4)
 *(.rodata*)
                0x20000f98                        . = ALIGN (0x4)
 *(.data*)
 .data.striped_spin_lock_num
                0x20000f98        0x1 CMakeFiles/blink.dir/home/adarsh/pi/pico/pico-sdk/src/rp2_common/hardware_sync/sync.c.obj
 *fill*         0x20000f99        0x3 
 .data          0x20000f9c       0x48 CMakeFiles/blink.dir/home/adarsh/pi/pico/pico-sdk/src/rp2_common/hardware_irq/irq_handler_chain.S.obj
                0x20000f9c                irq_handler_chain_slots
                0x20000fcc                irq_handler_chain_first_slot
                0x20000fd6                irq_handler_chain_remove_tail
 .data.default_alarm_pool
                0x20000fe4       0x18 CMakeFiles/blink.dir/home/adarsh/pi/pico/pico-sdk/src/common/pico_time/time.c.obj
 *fill*         0x20000ffc        0x4 
 .data.aeabi_bits_funcs
                0x20001000       0x10 CMakeFiles/blink.dir/home/adarsh/pi/pico/pico-sdk/src/rp2_common/pico_bit_ops/bit_ops_aeabi.S.obj
                0x20001000                aeabi_bits_funcs
                0x20001010                aeabi_bits_funcs_end
 .data.aeabi_mem_funcs
                0x20001010       0x10 CMakeFiles/blink.dir/home/adarsh/pi/pico/pico-sdk/src/rp2_common/pico_mem_ops/mem_ops_aeabi.S.obj
                0x20001010                aeabi_mem_funcs
                0x20001020                aeabi_mem_funcs_end
 .data.stdio_usb
                0x20001020       0x18 CMakeFiles/blink.dir/home/adarsh/pi/pico/pico-sdk/src/rp2_common/pico_stdio_usb/stdio_usb.c.obj
                0x20001020                stdio_usb
 .data._usbd_qdef
                0x20001038       0x1c CMakeFiles/blink.dir/home/adarsh/pi/pico/pico-sdk/lib/tinyusb/src/device/usbd.c.obj
                0x20001038                _usbd_qdef
 .data._usbd_rhport
                0x20001054        0x1 CMakeFiles/blink.dir/home/adarsh/pi/pico/pico-sdk/lib/tinyusb/src/device/usbd.c.obj
 .data.ucPrimaryCoreNum
                0x20001055        0x1 CMakeFiles/blink.dir/home/adarsh/freertos-pico/FreeRTOS-Kernel/portable/ThirdParty/GCC/RP2040/port.c.obj
                0x20001058                        . = ALIGN (0x4)
 *fill*         0x20001056        0x2 
 *(.after_data.*)
                0x20001058                        . = ALIGN (0x4)
                0x20001058                        PROVIDE (__mutex_array_start = .)
 *(SORT_BY_NAME(.mutex_array.*))
 *(.mutex_array)
 .mutex_array   0x20001058        0x8 CMakeFiles/blink.dir/home/adarsh/pi/pico/pico-sdk/src/rp2_common/pico_malloc/malloc.c.obj
 .mutex_array   0x20001060        0x8 CMakeFiles/blink.dir/home/adarsh/pi/pico/pico-sdk/src/rp2_common/pico_stdio/stdio.c.obj
                0x20001068                        PROVIDE (__mutex_array_end = .)
                0x20001068                        . = ALIGN (0x4)
 *(.jcr)
                0x20001068                        . = ALIGN (0x4)

.tm_clone_table
                0x20001068        0x0 load address 0x1000b49c
 .tm_clone_table
                0x20001068        0x0 /usr/lib/gcc/arm-none-eabi/13.2.1/thumb/v6-m/nofp/crtbegin.o
 .tm_clone_table
                0x20001068        0x0 /usr/lib/gcc/arm-none-eabi/13.2.1/thumb/v6-m/nofp/crtend.o

.igot.plt       0x20001068        0x0 load address 0x1000b49c
 .igot.plt      0x20001068        0x0 /usr/lib/gcc/arm-none-eabi/13.2.1/thumb/v6-m/nofp/crtbegin.o

.tdata          0x20001068        0x0 load address 0x1000b49c
                0x20001068                        . = ALIGN (0x4)
 *(.tdata .tdata.* .gnu.linkonce.td.*)
                0x20001068                        __tdata_end = .
                0x20001068                        PROVIDE (__data_end__ = .)
                0x1000a4f4                        __etext = LOADADDR (.data)

.tbss           0x20001068        0x0 load address 0x1000b49c
                0x20001068                        . = ALIGN (0x4)
                0x20001068                        __bss_start__ = .
                0x20001068                        __tls_base = .
 *(.tbss .tbss.* .gnu.linkonce.tb.*)
 *(.tcommon)
                0x20001068                        __tls_end = .

.bss            0x20001068    0x215f0 load address 0x1000b49c
                0x20001068                        . = ALIGN (0x4)
                0x20001068                        __tbss_end = .
 *(SORT_BY_ALIGNMENT(SORT_BY_NAME(.bss*)))
 .bss._vendord_itf
                0x20001068      0x2bc CMakeFiles/blink.dir/home/adarsh/pi/pico/pico-sdk/lib/tinyusb/src/class/vendor/vendor_device.c.obj
 *fill*         0x20001324        0x4 
 .bss.default_alarm_pool_entries
                0x20001328      0x180 CMakeFiles/blink.dir/home/adarsh/pi/pico/pico-sdk/src/common/pico_time/time.c.obj
 .bss.last_avail_time.1
                0x200014a8        0x8 CMakeFiles/blink.dir/home/adarsh/pi/pico/pico-sdk/src/rp2_common/pico_stdio_usb/stdio_usb.c.obj
 .bss.sd_table  0x200014b0      0x100 CMakeFiles/blink.dir/home/adarsh/pi/pico/pico-sdk/src/rp2_common/pico_double/double_init_rom_rp2040.c.obj
                0x200014b0                sd_table
 .bss.sf_table  0x200015b0      0x100 CMakeFiles/blink.dir/home/adarsh/pi/pico/pico-sdk/src/rp2_common/pico_float/float_init_rom_rp2040.c.obj
                0x200015b0                sf_table
 .bss.xQueueRegistry
                0x200016b0       0x40 CMakeFiles/blink.dir/home/adarsh/freertos-pico/FreeRTOS-Kernel/queue.c.obj
                0x200016b0                xQueueRegistry
 .bss           0x200016f0       0x1c /usr/lib/gcc/arm-none-eabi/13.2.1/thumb/v6-m/nofp/crtbegin.o
 .bss           0x2000170c      0x190 /usr/lib/gcc/arm-none-eabi/13.2.1/../../../arm-none-eabi/lib/thumb/v6-m/nofp/libg.a(libc_a-__atexit.o)
                0x2000170c                __atexit0
 .bss           0x2000189c        0x4 /usr/lib/gcc/arm-none-eabi/13.2.1/../../../arm-none-eabi/lib/thumb/v6-m/nofp/libg.a(libc_a-__call_atexit.o)
                0x2000189c                __atexit
 .bss._app_driver
                0x200018a0        0x4 CMakeFiles/blink.dir/home/adarsh/pi/pico/pico-sdk/lib/tinyusb/src/device/usbd.c.obj
 .bss._cdcd_fifo_cfg
                0x200018a4        0x1 CMakeFiles/blink.dir/home/adarsh/pi/pico/pico-sdk/lib/tinyusb/src/class/cdc/cdc_device.c.obj
 *fill*         0x200018a5        0x3 
 .bss._cdcd_itf
                0x200018a8      0x2c8 CMakeFiles/blink.dir/home/adarsh/pi/pico/pico-sdk/lib/tinyusb/src/class/cdc/cdc_device.c.obj
 .bss._ctrl_xfer
                0x20001b70       0x14 CMakeFiles/blink.dir/home/adarsh/pi/pico/pico-sdk/lib/tinyusb/src/device/usbd_control.c.obj
 .bss._ubsd_mutexdef
                0x20001b84        0x8 CMakeFiles/blink.dir/home/adarsh/pi/pico/pico-sdk/lib/tinyusb/src/device/usbd.c.obj
 .bss._usbd_ctrl_buf
                0x20001b8c       0x40 CMakeFiles/blink.dir/home/adarsh/pi/pico/pico-sdk/lib/tinyusb/src/device/usbd_control.c.obj
 .bss._usbd_dev
                0x20001bcc       0x54 CMakeFiles/blink.dir/home/adarsh/pi/pico/pico-sdk/lib/tinyusb/src/device/usbd.c.obj
 .bss._usbd_mutex
                0x20001c20        0x4 CMakeFiles/blink.dir/home/adarsh/pi/pico/pico-sdk/lib/tinyusb/src/device/usbd.c.obj
 .bss._usbd_q   0x20001c24        0x4 CMakeFiles/blink.dir/home/adarsh/pi/pico/pico-sdk/lib/tinyusb/src/device/usbd.c.obj
 .bss._usbd_qdef_buf
                0x20001c28       0xc0 CMakeFiles/blink.dir/home/adarsh/pi/pico/pico-sdk/lib/tinyusb/src/device/usbd.c.obj
                0x20001c28                _usbd_qdef_buf
 .bss.boot2_copyout
                0x20001ce8      0x100 CMakeFiles/blink.dir/home/adarsh/pi/pico/pico-sdk/src/rp2_common/hardware_flash/flash.c.obj
 .bss.chars_available_callback
                0x20001de8        0x4 CMakeFiles/blink.dir/home/adarsh/pi/pico/pico-sdk/src/rp2_common/pico_stdio_usb/stdio_usb.c.obj
 .bss.chars_available_param
                0x20001dec        0x4 CMakeFiles/blink.dir/home/adarsh/pi/pico/pico-sdk/src/rp2_common/pico_stdio_usb/stdio_usb.c.obj
 .bss.claimed   0x20001df0        0x4 CMakeFiles/blink.dir/home/adarsh/pi/pico/pico-sdk/src/rp2_common/hardware_sync/sync.c.obj
 .bss.claimed   0x20001df4        0x1 CMakeFiles/blink.dir/home/adarsh/pi/pico/pico-sdk/src/rp2_common/hardware_timer/timer.c.obj
 *fill*         0x20001df5        0x3 
 .bss.configured_freq
                0x20001df8       0x28 CMakeFiles/blink.dir/home/adarsh/pi/pico/pico-sdk/src/rp2_common/hardware_clocks/clocks.c.obj
 .bss.desc_str.0